  — alerts
  ✓ ① 열린 경보가 없으면 하나 만든다
  ✓   같은 제목이 하나면 그 이슈에 댓글
  ✓   같은 초에 둘(#389·#390 꼴) — 작은 번호에 댓글 · 큰 번호는 닫는다
  ✓   같은 라벨을 쓰는 **다른 로봇** 경보와 섞지 않는다(라벨이 아니라 제목으로 찾는다)
  ✓   prefix — 시각이 붙은 옛 제목(#350)에 댓글 · resolve 면 닫는다 · 맞지 않는 🚨 는 안 닫는다
  ✓   exact 는 글자 그대로(앞뒤 빈칸만 무시) · 끌어오기 요청은 안 센다
  ✓   긴 본문은 한도 안으로 자른다(넘으면 GitHub 이 거절해 경보가 사라진다)
  ✓   실행부 — 라벨을 먼저 맞추고 · 담당자 지정이 막히면 담당자 없이 다시 만든다
  ✓   실행부 — 같은 초에 다른 실행이 먼저 만든 경보가 있으면 내 본문을 그쪽에 옮기고 내 것을 닫는다
  ✓   실행부 — resolve 는 맞는 경보를 전부 닫는다(만들지 않는다)
  ✓   robot-down 이 경보 도구를 **제목 그대로**(exact) 부르고 · 실패하면 옛 gh 길로 물러난다 · 제목 꼴은 그대로
  ✓   공용 액션 alert-issue 는 도구 한 곳을 부르고 본문은 환경 변수로 넘긴다(셸 글자에 끼우지 않는다)
  ✓ ② 14일 지난 🗞 소식 리포트 다섯 — 최신 셋은 남기고 둘만
  ✓   14일이 안 된 것은 하나도 안 고른다
  ✓   📘 셋 — 최신 하나만 남긴다
  ✓   🚨·🔧·📸·🛰·🎨 는 아무리 오래돼도 안 고른다(경보·사냥꾼·인스타는 각자 닫는 길이 있다)
  ✓   규칙 표에 경보·사냥꾼·인스타 머리가 없다
  ✓   days 를 바꾸면 기준이 따라간다(🗞 다섯 · days 38 → 하나)
  ✓   유형마다 따로 센다(🤖 넷 + 🖥 넷 → 각 하나씩)
  ✓   close-old-reports 가 규칙 한 곳(tools/report-retention.mjs)을 부르고 · 옛 두 종류 jq 정규식이 없다 · 목록 상한 1000
  ✓ ③ robotNamesOf — robot-down 단계의 robot 이름 둘(with 가 uses 앞이어도 · 따옴표 걷음 · 주석·딴 단계는 안 셈)
  ✓   lastRunIdIn — 글의 마지막 실행 번호
  ✓   경보 17:36 → 17:40 에 시작한 실행이 17:58 성공 → 닫는다(#386)
  ✓   성공이 경보보다 앞(17:00 시작) → 둔다
  ✓   성공 뒤 17:59 에 다시 넘어진 봇 댓글 → 둔다
  ✓   성공 정보를 못 읽음 → 둔다(못 읽음을 괜찮음으로 읽지 않는다)
  ✓   경보를 낸 **바로 그 실행**이 초록으로 끝난 것(단계 실패를 넘김)은 닫지 않는다
  ✓   경보 뒤에 생긴 실행(번호가 더 큼)이 성공 — 취소된 앞 실행의 헛경보도 닫는다
  ✓   넘어짐 경보가 아닌 이슈는 판정하지 않는다
  ✓   하트비트 워크플로가 닫기 단계를 돌린다(보강 — 시한 · 실패해도 판정은 그대로)
  ✓   robot-down 을 쓰는 워크플로가 실제로 있고 이름을 읽어 낸다(헛도는 검사가 아니다)
  ✓ ④ fetchPathsIn — 글자 그대로인 상대 경로만(getDoc 포함 · 변수·템플릿·바깥 주소 제외)
  ✓   appScripts — index.html 이 싣는 우리 스크립트(바깥 주소 제외)
  ✓   check-live 가 앱 스크립트에서 목록을 뽑고(손 목록 금지) 지문으로 대조한다
  ✓   어긋나면 3분 뒤 main 을 다시 받아 한 번 더 본다(Pages 배포 중 헛경보)
  ✓   어긋남은 경보 한 곳(prefix · live-check) · 같아지면 닫는다 · 맨몸 gh issue create 없음
  ✓ ⑤ codesIn — 본문의 카드 표식
  ✓   (A 마감 지남, D 마감 지남, E 올림) → 닫는다 · (A, B) → 둔다 · (C 건너뜀) → 닫는다 · (F 마감 없음) → 둔다
  ✓   장부에 없는 카드는 모름 → 살아 있는 것으로(닫지 않는다) · 마감 당일은 살아 있다
  ✓   insta.yml — 게시·건너뛰기의 정리는 살아 있는 카드 수로(옛 「1건 이하」 규칙 없음) · 준비 끝에 쓸모없어진 이슈 닫기
  ✓ ⑥ S1 표본 — gh 로 없는 라벨을 붙이면 잡는다 · 같은 파일에서 만들면(변수 포함) 통과
  ✓   S1 모든 워크플로·액션 — `gh issue create --label X` 면 같은 파일에 `gh label create X` 가 있다(없으면 gh 가 실패해 라벨 없는 이슈가 쌓이거나 아예 안 만들어진다)
  ✓   S2 표본 — 체크아웃 없이 로컬 액션 → 잡는다
  ✓   S2 모든 워크플로 — 로컬 액션(./.github/actions/…)보다 앞에 actions/checkout 이 있다(job 마다)
  ✓   S3 표본 — 요약 한 줄뿐인 실패 단계 → 잡는다 · 같은 조건의 뒤 단계가 이슈로 닿으면 통과 · !cancelled() 는 실패 조건이 아니다
  ✓   S3 모든 워크플로 — failure()·cancelled() 단계는 이슈(robot-down·alert-issue·gh issue·issues.create)로 사람에게 닿는다(요약 한 줄·::warning 만이면 실패)
  ✓   S3 잰 단계가 실제로 있다(헛도는 검사가 아니다)
  ✓ ⑦ insta-stats.yml — `| tee` 단계는 pipefail(shell: bash 또는 set -o pipefail) — 없으면 node 가 넘어져도 초록
  ✓ ⑦ insta-comments.yml — `| tee` 단계는 pipefail(shell: bash 또는 set -o pipefail) — 없으면 node 가 넘어져도 초록
  ✓   insta-stats.yml — 이슈를 열 권한(issues: write)
  ✓   insta-comments.yml — 이슈를 열 권한(issues: write)
  ✓   insta-samples.yml — 이슈를 열 권한(issues: write)
  ✓   insta-samples — 밀린 실행은 기다리던 것만 버린다(도는 실행을 취소하면 넘어짐 알림이 헛경보로 선다)
  ✓ ⑧ 감사 실패 — 경보 한 곳(날짜 붙은 새 이슈를 매번 만들지 않는다) · 다시 통과하면 닫는다
  ✓   수집 단계가 끝까지 못 감 — 경보 한 곳 · 성공하면 닫는다
  ✓   사진(썸네일) 단계에 id 가 있고 그 결과를 보는 경보·닫기 짝이 있다
  ✓   실패·시간초과는 robot-down(리포트 이슈가 없어도 닿는다)
  ✓   리포트는 사람 손이 필요할 때만(수동 실행만으로는 안 연다 · 확인용 inputs.report) · 경보 도구 · 제목에 건수 없음
  ✓ ⑨ 빨간불 경보는 failure() 그대로 · 경보 도구(prefix · ui-gate)로 · 본문은 앞 단계 출력 · 맨몸 gh issue create 없음
  ✓   다시 초록불이면 닫는 단계는 기본 브랜치 success 에서만(main 의 초록불이 기본 브랜치 경보를 닫지 않게)
  ✓   경보 도구·규칙 파일만 고친 커밋에도 화면 검사가 돈다(감시 경로)
  ✓ ⑩ open-api — 출처가 모두 다시 받아지면(❌ 없음 · 정찰 아님 · success) 「🛰 공공 API 로봇 알림」을 닫는다
  ✓   open-api 알림은 경보 한 곳으로(검색으로 찾지 않는다)
  ✓   device-deploy — 배포됐으면(deployed·uptodate) 옛 배포 실패 경보를 브랜치가 전부 main 에 들어갔을 때만 닫는다(모름은 둔다)
  ✓   essay-playbook — 시간 초과(취소)에도 리포트 · 새 리포트가 옛 📘 를 넘겨받아 닫고 · 성공하면 🚨 를 닫는다 · 실패는 robot-down
  ✓ ⑪ push-check — /test 응답을 읽어 실패로 끝낸다: HTTP 200 아님 · JSON 아님 · 서버 오류 · 숫자를 못 읽음 · 한 대도 못 깨움 (등록 0대는 경고만)
  ✓   admin-lock-check — 판정 불가(unknown)면 그날 실행을 실패로 남긴다(며칠 이어지면 하트비트가 알린다)
  ✓   admin-lock-check — 주소를 안 줬으면 미리보기 주소도 연다 · 열리면 경보(open=1) · 없는 미리보기는 판정에서 뺀다(매일 빨간불 금지) · 판정 앞에서 잰다
  ✓ ⑫ 링크 사냥꾼 🔧 — 경보 한 곳(라벨 link-hunter · 고정 제목 · 제목에 건수 없음) · 보강(시한·continue-on-error)
  ✓   링크 사냥꾼 실패는 robot-down(::warning 한 줄이 아니다)
  ✓   공고 누락 감사 — 결과는 경보 도구(라벨 coverage-audit) · 실패는 robot-down

✓ 로봇·도구 점검 관문 전부 통과
