금액 근거: 원문 발췌 116건 · 발췌 없이 숫자만 3건
감사 대상: 정식 등록 176건 · 양식 56종

[경고 — 소급 적용 필요 항목]
 ⚠ registered:reg-hi-jeju — 지원 자격을 아직 못 읽었습니다 — 학생 화면에는 "공고 원문에서 지원 자격을 확인하세요"로만 나갑니다
 ⚠ registered:reg-khu-uiam — 학생이 원문 보기를 눌러도 그 공고로 못 가고 게시판 목록이 열립니다 (원문 주소를 아직 못 찾았습니다)
 ⚠ registered:reg-hi-jeongeup — 학생이 원문 보기를 눌러도 그 공고로 못 가고 게시판 목록이 열립니다 (원문 주소를 아직 못 찾았습니다)
 ⚠ registered:reg-khu-intern — 학생이 원문 보기를 눌러도 그 공고로 못 가고 게시판 목록이 열립니다 (원문 주소를 아직 못 찾았습니다)
 ⚠ registered:reg-partner-foundation — formId도 noForm도 없음 — 양식을 연결하거나 양식 없음 사유를 기재하세요
 ⚠ registered:reg-partner-foundation — 신청서류 첨부(미래의동반자재단 장학금 신청서(학생용) 2026-2 골…)가 있는데 양식 미등록
 ⚠ registered:auto-oardid322606menuno200318 — 등록할 때 이미 마감이 지나 있던 로봇 등록분 — 마감 2026-07-30 · 등록 2026-08-17 (다음 자동 등록 실행이 뺍니다)
 ⚠ registered:auto-ent2431263956artclviewdo — 지원 자격을 아직 못 읽었습니다 — 학생 화면에는 "공고 원문에서 지원 자격을 확인하세요"로만 나갑니다
 ⚠ registered:auto-9599ec839d20ec84a0ebb09c — 지원 자격을 아직 못 읽었습니다 — 학생 화면에는 "공고 원문에서 지원 자격을 확인하세요"로만 나갑니다
 ⚠ registered:auto-oardid322922menuno200318 — 등록할 때 이미 마감이 지나 있던 로봇 등록분 — 마감 2026-09-13 · 등록 2026-09-20 (다음 자동 등록 실행이 뺍니다)
 ⚠ registered:auto-20ec9588eb82b40922ed9994 — 지원 자격을 아직 못 읽었습니다 — 학생 화면에는 "공고 원문에서 지원 자격을 확인하세요"로만 나갑니다
 ⚠ registered:auto-0ec82aced95admoddocument — 등록할 때 이미 마감이 지나 있던 로봇 등록분 — 마감 2026-09-27 · 등록 2026-09-30 (다음 자동 등록 실행이 뺍니다)
 ⚠ registered:auto-larshipdoarticleno375940 — 지원 자격을 아직 못 읽었습니다 — 학생 화면에는 "공고 원문에서 지원 자격을 확인하세요"로만 나갑니다
 ⚠ registered:auto-larshipdoarticleno375827 — 지원 자격을 아직 못 읽었습니다 — 학생 화면에는 "공고 원문에서 지원 자격을 확인하세요"로만 나갑니다
 ⚠ registered:auto-larshipdoarticleno375935 — 등록할 때 이미 마감이 지나 있던 로봇 등록분 — 마감 2026-09-21 · 등록 2026-09-30 (다음 자동 등록 실행이 뺍니다)
 ⚠ registered:auto-2373viewdocurrentpageno1 — 지원 자격을 아직 못 읽었습니다 — 학생 화면에는 "공고 원문에서 지원 자격을 확인하세요"로만 나갑니다
 ⚠ registered:auto-bbssc58944123artclviewdo — 지원 자격을 아직 못 읽었습니다 — 학생 화면에는 "공고 원문에서 지원 자격을 확인하세요"로만 나갑니다
 ⚠ registered:auto-nuid100nttid30159ptabno5 — 등록할 때 이미 마감이 지나 있던 로봇 등록분 — 마감 2026-09-21 · 등록 2026-09-30 (다음 자동 등록 실행이 뺍니다)
 ⚠ registered:auto-nuid100nttid30154ptabno5 — 등록할 때 이미 마감이 지나 있던 로봇 등록분 — 마감 2026-09-13 · 등록 2026-09-30 (다음 자동 등록 실행이 뺍니다)
 ⚠ registered:auto-srchenable1srchvotetype1 — 지원 자격을 아직 못 읽었습니다 — 학생 화면에는 "공고 원문에서 지원 자격을 확인하세요"로만 나갑니다
 ⚠ registered:auto-5bnum57138cate0qidx57138 — 등록할 때 이미 마감이 지나 있던 로봇 등록분 — 마감 2026-08-24 · 등록 2026-09-30 (다음 자동 등록 실행이 뺍니다)
 ⚠ registered:auto-2387viewdocurrentpageno1 — 등록할 때 이미 마감이 지나 있던 로봇 등록분 — 마감 2026-09-20 · 등록 2026-09-30 (다음 자동 등록 실행이 뺍니다)
 ⚠ registered:auto-2387viewdocurrentpageno1 — 지원 자격을 아직 못 읽었습니다 — 학생 화면에는 "공고 원문에서 지원 자격을 확인하세요"로만 나갑니다
 ⚠ registered:auto-2385viewdocurrentpageno1 — 등록할 때 이미 마감이 지나 있던 로봇 등록분 — 마감 2026-09-20 · 등록 2026-09-30 (다음 자동 등록 실행이 뺍니다)
 ⚠ registered:auto-2385viewdocurrentpageno1 — 지원 자격을 아직 못 읽었습니다 — 학생 화면에는 "공고 원문에서 지원 자격을 확인하세요"로만 나갑니다
 ⚠ registered:auto-2349viewdocurrentpageno1 — 등록할 때 이미 마감이 지나 있던 로봇 등록분 — 마감 2026-09-23 · 등록 2026-09-30 (다음 자동 등록 실행이 뺍니다)
 ⚠ registered:auto-rykeywordpaged1slug20262 — 지원 자격을 아직 못 읽었습니다 — 학생 화면에는 "공고 원문에서 지원 자격을 확인하세요"로만 나갑니다
 ⚠ registered:auto-notice7doarticleno893809 — 등록할 때 이미 마감이 지나 있던 로봇 등록분 — 마감 2026-09-28 · 등록 2026-09-30 (다음 자동 등록 실행이 뺍니다)
 ⚠ registered:auto-ucd000000000000062seq698 — 등록할 때 이미 마감이 지나 있던 로봇 등록분 — 마감 2026-09-18 · 등록 2026-09-30 (다음 자동 등록 실행이 뺍니다)
 ⚠ registered:auto-eba79dec82aceb8ba4eba6ac — 지원 자격을 아직 못 읽었습니다 — 학생 화면에는 "공고 원문에서 지원 자격을 확인하세요"로만 나갑니다
 ⚠ registered:auto-202026091720eca1b0ed9a8c — 등록할 때 이미 마감이 지나 있던 로봇 등록분 — 마감 2026-09-28 · 등록 2026-09-30 (다음 자동 등록 실행이 뺍니다)
 ⚠ registered:auto-notice7doarticleno892571 — 등록할 때 이미 마감이 지나 있던 로봇 등록분 — 마감 2026-09-18 · 등록 2026-09-30 (다음 자동 등록 실행이 뺍니다)
 ⚠ registered:auto-notice7doarticleno892517 — 등록할 때 이미 마감이 지나 있던 로봇 등록분 — 마감 2026-09-18 · 등록 2026-09-30 (다음 자동 등록 실행이 뺍니다)
 ⚠ registered:auto-notice7doarticleno892486 — 등록할 때 이미 마감이 지나 있던 로봇 등록분 — 마감 2026-09-10 · 등록 2026-09-30 (다음 자동 등록 실행이 뺍니다)
 ⚠ registered:auto-pnoticedoarticleno366829 — 지원 자격을 아직 못 읽었습니다 — 학생 화면에는 "공고 원문에서 지원 자격을 확인하세요"로만 나갑니다
 ⚠ registered:auto-krbbskr845514artclviewdo — 등록할 때 이미 마감이 지나 있던 로봇 등록분 — 마감 2026-09-23 · 등록 2026-09-30 (다음 자동 등록 실행이 뺍니다)
 ⚠ registered:auto-krbbskr845362artclviewdo — 등록할 때 이미 마감이 지나 있던 로봇 등록분 — 마감 2026-09-18 · 등록 2026-09-30 (다음 자동 등록 실행이 뺍니다)
 ⚠ registered:auto-krbbskr845263artclviewdo — 등록할 때 이미 마감이 지나 있던 로봇 등록분 — 마감 2026-09-08 · 등록 2026-09-30 (다음 자동 등록 실행이 뺍니다)
 ⚠ registered:auto-leno275925srcategoryid22 — 등록할 때 이미 마감이 지나 있던 로봇 등록분 — 마감 2026-09-23 · 등록 2026-09-30 (다음 자동 등록 실행이 뺍니다)
 ⚠ registered:auto-notiphpcodes1301seq11120 — 등록할 때 이미 마감이 지나 있던 로봇 등록분 — 마감 2026-09-18 · 등록 2026-09-30 (다음 자동 등록 실행이 뺍니다)
 ⚠ registered:auto-bsid1083mi3004nttid55323 — 지원 자격을 아직 못 읽었습니다 — 학생 화면에는 "공고 원문에서 지원 자격을 확인하세요"로만 나갑니다
 ⚠ registered:auto-0005009002000000seq31569 — 지원 자격을 아직 못 읽었습니다 — 학생 화면에는 "공고 원문에서 지원 자격을 확인하세요"로만 나갑니다
 ⚠ registered:auto-notiphpcodes1301seq11207 — 등록할 때 이미 마감이 지나 있던 로봇 등록분 — 마감 2026-09-30 · 등록 2026-10-01 (다음 자동 등록 실행이 뺍니다)
 ⚠ registered:auto-notiphpcodes1301seq11156 — 등록할 때 이미 마감이 지나 있던 로봇 등록분 — 마감 2026-09-23 · 등록 2026-10-04 (다음 자동 등록 실행이 뺍니다)
 ⚠ registered:auto-notiphpcodes1301seq11156 — 지원 자격을 아직 못 읽었습니다 — 학생 화면에는 "공고 원문에서 지원 자격을 확인하세요"로만 나갑니다
 ⚠ registered:auto-notiphpcodes1301seq10681 — 등록할 때 이미 마감이 지나 있던 로봇 등록분 — 마감 2026-07-06 · 등록 2026-10-04 (다음 자동 등록 실행이 뺍니다)
 ⚠ registered:auto-notiphpcodes1301seq10871 — 등록할 때 이미 마감이 지나 있던 로봇 등록분 — 마감 2026-07-09 · 등록 2026-10-04 (다음 자동 등록 실행이 뺍니다)
 ⚠ registered:auto-0bnum57138cate0qidx57138 — 지원 자격을 아직 못 읽었습니다 — 학생 화면에는 "공고 원문에서 지원 자격을 확인하세요"로만 나갑니다
 ⚠ registered:auto-ervicenoticedetail520607 — 지원 자격을 아직 못 읽었습니다 — 학생 화면에는 "공고 원문에서 지원 자격을 확인하세요"로만 나갑니다
 ⚠ registered:auto-oarticleno158449nocat501 — 지원 자격을 아직 못 읽었습니다 — 학생 화면에는 "공고 원문에서 지원 자격을 확인하세요"로만 나갑니다
 ⚠ registered:auto-q1brddate20260809brdseq1 — 등록할 때 이미 마감이 지나 있던 로봇 등록분 — 마감 2026-09-09 · 등록 2026-10-05 (다음 자동 등록 실행이 뺍니다)
 ⚠ registered:auto-q1brddate20260409brdseq1 — 등록할 때 이미 마감이 지나 있던 로봇 등록분 — 마감 2026-04-15 · 등록 2026-10-05 (다음 자동 등록 실행이 뺍니다)
 ⚠ registered — 같은 공고 이중 등록 의심: auto-larshipdoarticleno375940('[공지] 2026학년도 2학기 퇴직교직원자녀장학') ↔ auto-larshipdoarticleno375827('[공지] 2026학년도 2학기 가족장학 신청 안')
 ⚠ forms:auto-동산장학회-장학생-선발-apply — 질문 상한 초과: 직접 입력 14개 (상한 10) (직접입력 14·클릭 1·전체 15) — 병합하거나 원본과 대조해 정리가 필요합니다
 ⚠ forms:auto-이원길-장학금-apply — 질문 상한 초과: 직접 입력 14개 (상한 10) (직접입력 14·클릭 3·전체 17) — 병합하거나 원본과 대조해 정리가 필요합니다
 ⚠ 제목 꼬리 4건 — 목록 부스러기(부서·날짜·조회수 등)가 남은 제목 (예: data/news/n1as48ix.json | ​대학 캠퍼스 방송 촬영 안내 → 대학 캠퍼스 방송 촬영 안내) · 저장하는 로봇이 cleanTitle 을 건너뛰었는지 보세요
 ⚠ 자격 품질: reg-hufs-myeonhak [금액 안내가 자격으로] 10학기 이하 후기 이중전공자는 등록금 전액 납부 시 신청 가능 — 지원 자격 자리에 요건이 아닌 줄이 있습니다
 ⚠ 자격 품질: auto-c839d20ec84a0ebb09c20202 [선발인원이 자격으로] 서울 소재 대학교 또는 비서울 소재 대학교(서울시민) 재학생 228명 내외 — 지원 자격 자리에 요건이 아닌 줄이 있습니다
 ⚠ 자격 품질: auto-otice06doarticleno140261 [브라우저 제목줄이 섞여 들어옴] 공지사항 게시판읽기 ([ 한국장학재단 ] 2026학년도 2학기 중소기업 취업연계 (희망사다리1유형) 신규장학생 선발기준 안내) | 성균관대학교 — 지원 자격 자리에 요건이 아닌 줄이 있습니다
 ⚠ 자격 품질: auto-lviewdocategory6menu2377 [선발인원이 자격으로] 대학생 200명 내외 (사이버대 제외 / 기존학생 제외 / 휴학생 제외) — 지원 자격 자리에 요건이 아닌 줄이 있습니다
 ⚠ 자격 품질: reg-partner-foundation [같은 줄이 자격·제외 두 칸에] 2026년 2학기 기준 1학년 또는2학년 학생 (2026년 2학기 휴학생 및 휴학 예정자 지원 불가) — 줄이 엉뚱한 칸에 있습니다
 ⚠ 자격 품질: reg-partner-foundation [같은 줄이 자격·제외 두 칸에] 경영학 또는 경제학 전공 학생 — 줄이 엉뚱한 칸에 있습니다
 ⚠ 자격 품질: reg-partner-foundation [같은 줄이 자격·제외 두 칸에] 한국장학재단 산정 기준 소득분위 9분위 이하 (2026년 2학기 기준을 원칙으로 하며, 미확정 시 최근 학기 기준 자료 제출 가능) — 줄이 엉뚱한 칸에 있습니다
 ⚠ 자격 품질: auto-notiphpcodes1301seq11207 [자격 칸만 비어 있다 (절 가르기 의심)] 선발 1줄 · 제외 0줄 — 줄이 엉뚱한 칸에 있습니다
 ⚠ 자격 품질: auto-notice7doarticleno894170 [자격 칸만 비어 있다 (절 가르기 의심)] 선발 1줄 · 제외 1줄 — 줄이 엉뚱한 칸에 있습니다
 ⚠ registered:reg-sejong-didim — 금액 1,000,000원의 원문 발췌가 없습니다 (원문이 첨부·제목에만 있는 공고 — 화면은 원문 링크를 줍니다)
 ⚠ registered:reg-dongsan — 금액 8,000,000원의 원문 발췌가 없습니다 (원문이 첨부·제목에만 있는 공고 — 화면은 원문 링크를 줍니다)
 ⚠ registered:auto-kuk2351202780artclviewdo — 금액 1,000,000원의 원문 발췌가 없습니다 (원문이 첨부·제목에만 있는 공고 — 화면은 원문 링크를 줍니다)
 ⚠ registered:auto-ent2431267935artclviewdo — 자격 줄이 조각나 보입니다 (원문 줄바꿈일 수 있음 — 원문을 열어 확인하세요): "2026-2학기 재학생 중 4 촌 이내 친인척이 3 인 (본인포함) 이상 한국외대 학부과정의 동문인 경우"
 ⚠ registered:auto-krbbskr845644artclviewdo — 자격 줄이 조각나 보입니다 (원문 줄바꿈일 수 있음 — 원문을 열어 확인하세요): "(단, 이번 학기 8차 학기인 경우 직전 정규학기 12학점 이상 신청하고 9학점 이상 취득."
 ⚠ registered — 정식 등록을 **학교별 파일로 나눌 때입니다.** 지금 한 학생이 남의 학교 공고로만 250KB 를 받습니다(학교 39곳 · 전국분 151KB 은 모두가 받아야 합니다). 실시간 공고·학과 목록과 같은 방식입니다 — 전국분 파일 하나 + 학교별 파일. 이름 규칙은 match-engine.js 에, 발행은 collector/publish-notices.mjs 를 본뜨면 됩니다 (왜 2026-09-26에는 미뤘는지: SESSIONS.md 「첫 화면에서 받는 양 절반으로」)
 ⚠ external — 지금 규칙이면 빠질 글 8건이 실려 있습니다 (예: '2026년 하반기 장학생 선발계획 공고 26.08.28' · 마감 지남) — 다음 장학 수집 실행이 다시 거릅니다
 ⚠ registered — 첨부가 javascript: 내려받기 스크립트인 공고 1건 — 앱은 링크 없이 이름만 보입니다: auto-ervicenoticedetail520607
 ⚠ notices(학교별) — 첨부가 javascript: 내려받기 스크립트인 공고 5건 — 앱은 링크 없이 이름만 보입니다: 대전청년내일재단 2026년 장학생 선발 안내, 2026년도 하반기 재단법인 논산시장학회 장, 「2026 상반기 AI·ICT 인재 장학생  외 2
 ⚠ activities — 원문 링크 확인 로봇이 '그 공고가 아니다'를 확정한 링크 9건 — 앱은 (확인 필요)·게시판 목록 등으로 부릅니다: 청년 생명사랑 서포터즈 운영(home), [행정안전부] 2026 재난안전 분야 논문 (other), [과학기술정보통신부] 생활 속 전자파 바로 (other) 외 6
