server pid 30513
── node verify/verify-essay-submit.mjs
── node verify/verify-apply-guard.mjs
── node verify/verify-notify-rules.js
── node verify/verify-push-server.mjs
── node verify/form-snapshot.mjs
── node verify/verify-insta.js
── bash _admin/build.sh
── node verify/ui-tone.mjs
── verify-fit-badge.js 18:09:47
── verify-explore-sort.js 18:10:12
── verify-onboard-gaps.js 18:10:48
── verify-registered.js 18:11:05
── verify-chat.js 18:11:24
── verify-apps-manage.js 18:12:27
── verify-supabase.js 18:12:45
── verify-essay-ui.js 18:14:48
── verify-forms-data.js 18:15:24
── verify-new-forms.js 18:15:39
── verify-source-links.js 18:16:17
── verify-push-client.js 18:16:55
── verify-notify.js 18:17:27
── verify-sheet-back.js 18:18:07
── verify-kosaf.js 18:18:28
── verify-calendar.js 18:18:48
── verify-resume.js 18:19:18
❌ verify-resume.js (rc 1)
── verify-interactions.js 18:20:40
── verify-admin.js 18:21:31
── verify-settings.js 18:23:58
── verify-admin-shape.js 18:25:16
── verify-elig-ask.js 18:25:20
── verify-apply-prep.js 18:25:48
── verify-activities.js 18:26:06
── verify-news.js 18:26:49
── verify-region-city.js 18:27:37
── drive.js 18:27:39
FAILED: verify-resume.js
