  — qfeeds
  ✓ ① 오늘보다 뒤인 게시일만 비운다 — 오늘 글·게시일 없는 글은 그대로 · 지운 개수
  ✓   (대조) 비우지 않으면 미래 게시일 글이 바닥 4건 첫째로 남는다
  ✓   비운 뒤엔 바닥 4건이 진짜 최근 글 넷이다 (미래 글은 수집일 08-20 로 맨 뒤)
  ✓   소식 로봇이 발행 때 newsFloor 보다 먼저 KST 날짜로 부른다
  ✓ ② 마감이 이틀 넘게 지난 재단 글은 뺀다 · 이유 글자에 숫자가 없다(집계가 옛 글로 뭉치지 않게)
  ✓   마감 다음 날까지는 남긴다 (CLOSED_KEEP_DAYS) · 남은 마감 · 마감 모름
  ✓   제목 머리 마감 표식은 뺀다 · [마감임박] 은 남긴다
  ✓   마감 칸 없는 옛 글은 원문 기간 줄에서 채운다 · 이미 있는 마감·못 읽는 줄은 그대로
  ✓   수집 로봇이 발행 때 거름(map(tidyExternal)) 앞에서 수집과 같은 판독기로 채운다
  ✓   [소급 도구] 보기만 하면 안 쓴다 · --write 면 마감 지남(칸·기간 줄)·마감 표식을 빼고 열린 글만 · 로봇과 같은 저장 꼴
  ✓ ③ 합집합이라 적은 파일(19개)마다 병합기를 돌리면 합친다 — 규칙 없는 파일이 없다
  ✓   활동 피드 — 학교 없는 전국 글 60+60 을 합치면 120 (학교 열쇠 하나로 묶여 40건에 잘리지 않는다) · 날짜는 늦은 쪽
  ✓   재단 피드 — 합친 뒤 발행 거름을 다시 건다: 마감 지난 글·[마감] 표식 글은 되살아나지 않고 열린 글은 남는다
  ✓   seen-activities — 같은 열쇠는 이른 날짜를 남긴다(늦은 날짜면 같은 글을 새 글로 다시 담는다)
  ✓ ④ 납작한 표의 여러 갈래 나이 줄은 자격 줄로 쓰지 않는다(틀린 미달) · 대상 줄은 남는다 · 갈래 하나면 남는다(대조)
  ✓   eligLineOk — 개인정보 안내문·여러 갈래 나이는 아니다 · 자격 이름표 줄·갈래 하나 나이는 맞다
  ✓   sanitizeElig — 실린 글을 거른다 · 비면 칸·출처 표식을 지운다 · 관리자 줄은 건드리지 않는다
  ✓   mergeBrowserResults — 장부의 옛 줄도 거른다 · 다 걸러지면 합치지 않는다
  ✓   수집 로봇이 발행 때 실린 글 전부에 sanitizeElig 를 건다
  ✓   [소급 도구] 활동 피드 자격 줄도 같은 거름 · 로봇과 같은 저장 꼴
  ✓ ⑤ 옛 게시판 글은 빠진다 · 지금 게시판 글·열쇠 없는 옛 글은 남는다 · 이번에 지금 게시판 목록에서 다시 본 글은 열쇠를 고쳐 달고 남는다
  ✓   열쇠는 주소 대신 8자 · 주소 같음 규칙(canonUrl)을 따른다
  ✓   소식 로봇 — 새 글에 열쇠를 달고 · 이번에 본 글은 열쇠를 고쳐 적고 · 발행에서 dropUnserved 뒤 · newsFloor 앞에 거른다
  ✓   [소식 로봇 실행] 게시판을 안 두드리고 끝난다 · 뺀 게시판 글은 빠지고 지금 게시판·열쇠 없는 글은 남는다 · 앞날 게시일은 비운다
  ✓ ⑥ 합격자 알림·안내 · 선발/선정 결과 · 최종 결과 발표는 소식으로 싣지 않는다 (실린 6건 제목 그대로)
  ✓   경기 일정 및 결과 · 검사 결과 안내 · 담화문은 싣는다 (결과 안내 전반을 막지 않는다)
  ✓   KEYWORDS 를 수집기 소스에서 읽었다(장학 그물)
  ✓ ⑦ 90일 넘게 지난 열쇠만 지운다 · 지금 실린 글/이번에 본 글(keep)·지울 수 없는 게시판의 열쇠(canDrop)는 남긴다
  ✓   장부 기한(90일)은 게시일 상한(60일)보다 길다 — 짧으면 목록 첫 쪽의 옛 글이 새 글로 다시 실린다
  ✓   소식 로봇은 발행 뒤에 장부를 정리해 쓴다 (실린 글·이번에 본 글은 keep)
  ✓   [소식 로봇 · 가짜 게시판] 새 글 둘에 지금 게시판 열쇠 · 다시 본 글은 열쇠를 고쳐 달고 남고 · 뺀 게시판 글은 빠진다
  ✓   [소식 로봇 · 가짜 게시판] 장부 — 읽은 게시판의 오래된 열쇠(주소·글 번호)만 지우고 못 읽은 게시판의 열쇠·다시 본 글의 열쇠는 남긴다
  ✓ ⑧ 재단 게시판 찾기 로봇이 fetch-board.mjs 의 netReason 을 불러 쓴다 · 옛 꼴(e.message || e.name)이 없다
  ✓   netReason — fetch failed 의 원인 코드를 편다
  ✓   [찾기 로봇 실행] 홈페이지를 못 열면 원인 코드(ECONNREFUSED)를 적는다 — 'fetch failed' 만 적지 않는다
  ✓ ⑨ 상한은 살아 있는 날(API 글은 seenAt)로 고르고 · 순서는 넘겨받은 foundAt 순 그대로 (오늘 API 가 준 글을 자르지 않는다)
  ✓   actKeepDate — API 글은 seenAt · 게시판 글은 foundAt · 상한보다 적으면 그대로
  ✓   수집 로봇의 60일 거름과 상한이 같은 날짜(actKeepDate)를 쓴다
  ✓ ⑩ 소식 썸네일 단계가 sharp 를 판을 정해 받는다 (판 없이 받으면 새 판이 Node 20 을 빼는 날 썸네일이 조용히 멈춘다)
  ✓ ⑪ 서버 묶음끼리는 동시에 — 포털이 150ms 씩 붙잡혀도 온통청년 둘이 포털 첫째보다 먼저 끝난다
  ✓   돌려주는 순서는 order 그대로(끝난 순서가 아니다) · 던진 출처만 error · 묶음 안은 차례(1365 는 K-Startup 뒤)
  ✓   API_SOURCES 출처마다 서버 묶음(host)이 있다 · 청년콘텐츠가 청년정책보다 먼저(같은 묶음 안 차례)
  ✓   공공 API 로봇이 runSourceGroups 로 돌고 · 결과·리포트 줄을 API_SOURCES 순서로 채운다
  ✓   [공공 API 로봇 실행] 열쇠 없으면 넷 다 건너뛰고 · 리포트 줄은 API_SOURCES 순서 · 미리보기는 파일을 안 쓴다
  ✓ ⑫ robots.mjs 머리말에 정책이 적혀 있다 — 대외활동·재단 출처는 학교 사이트라도 지키고 · 학교 장학·소식 게시판은 묻지 않는다
  ✓   배선이 정책과 같다 — 장학 수집기는 활동·재단 출처만 묻고(역할로 가른다) · 소식 로봇은 묻지 않는다

✓ 로봇·도구 점검 관문 전부 통과
