  — ci
  ✓ ① 보이는 양식 공고가 아예 없으면 표본을 심는다 (10-04 #390 — 예전 조건 `ids.length && …` 로는 false)
  ✓   시도한 후보가 전부 「신청 버튼 잠김」(마감)이면 표본
  ✓   잠김 말고 다른 이유로 실패한 후보가 하나라도 있으면 표본을 쓰지 않는다(진짜 고장을 덮지 않는다)
  ✓   화면에 안 보여도 양식이 있는 실제 등록 항목을 고른다(어느 학교든)
  ✓   표본: id · 마감 오늘+20일 · 등록일 오늘(60일 규칙에 안 걸리게) · 양식 그대로
  ✓   학교 범위 칸 셋만 지우고 다른 자격 칸은 그대로
  ✓   원본은 바꾸지 않는다(깊은 복사)
  ✓   달·해가 바뀌어도 날짜가 맞다
  ✓   화면에 보인 후보가 있으면 그것을 먼저
  ✓   등록 목록에 양식 공고가 하나도 없으면 앱 내장 양식을 실제 항목에 붙인다(데이터에 기대지 않는다)
  ✓   쓸 양식이 하나도 없으면 null — 빨간불로 남긴다
  ✓   드라이버가 같은 함수를 불러 쓴다(베끼지 않는다) · 후보 0장에서 빠져나가는 이른 반환이 없다
  ✓   driveAnyLiveForm 몸통을 잘라 냈다(헛도는 검사가 아니다)
  ✓   표본 심기 전에 나오는 return 은 후보 거르기 콜백 · 성공한 후보 둘뿐(실패로 빠져나가는 길이 없다)
  ✓   실패를 돌려주는 return 은 함수 맨 끝 하나 · `id: null` 로 돌려주는 길이 없다
  ✓   (돌려 봄) 보이는 양식 공고가 0장(#390): 다른 학교 양식 공고를 복사한 표본을 심고 · 목록을 다시 그리고 · 그 표본을 몬다
  ✓   (돌려 봄) 보이는 후보가 전부 마감(#383): 후보를 먼저 몰고 · 잠겼으면 표본으로
  ✓   (돌려 봄) 잠김 말고 다른 이유로 실패한 후보가 있으면 표본을 심지 않고 실패로 남긴다(진짜 고장을 덮지 않는다)
  ✓   (돌려 봄) 첫 후보가 예외로 넘어져도 다음 후보를 몬다 · 성공하면 표본을 심지 않는다
  ✓   (돌려 봄) 쓸 양식이 하나도 없으면 아무것도 몰지 않고 실패로 남긴다(빨간불을 지우지 않는다)
  ✓ ② (해석기 자체 점검) 단계 셋 · 이름 · if · 여러 줄 run · 접힌 if
  ✓   verify-ui.yml 의 단계를 읽어 냈다(헛도는 검사가 아니다)
  ✓   ⓐ 화면 검사 단계에 `set -e` 가 없다
  ✓   ⓑ 드라이버 실패를 `||` 로 받아 모은다(기본 셸이 bash -e 라 이게 없으면 첫 실패에서 멈춘다)
  ✓   ⓒ 모은 실패로 마지막에 한 번 빨간불 · 실패 목록을 출력으로 넘긴다
  ✓   ⓙ 드라이버 목록을 읽어 냈다 · verify-registered 와 verify-news 사이에 다른 드라이버가 있다(사이도 도는지 잴 수 있다)
  ✓   ⓙ (돌려 봄) 둘이 넘어지면: 종료 1 · 출력 failed 가 정확히 그 둘 · 돌리지 못한 것 없음 · 목록 전부가 차례대로 돌았다
  ✓   ⓙ (돌려 봄) 드라이버마다 시한을 걸었다(timeout · 5분 이하)
  ✓   ⓙ (돌려 봄) 전부 통과하면: 종료 0 · failed 빈 값 · unrun 빈 값 · 전부 돌았다
  ✓   ⓚ 루프 전체 예산을 읽어 냈다(budget=$((분*60)))
  ✓   ⓚ (돌려 봄) 예산을 다 쓰면: 새 드라이버를 시작하지 않고 · 남은 이름 전부를 unrun 으로 넘기고 · 실패(1)로 끝난다(취소 대신 경보)
  ✓   ⓚ (돌려 봄) 드라이버 하나의 시한도 남은 예산을 넘지 않는다(첫째 5분 · 둘째는 남은 50초 안)
  ✓   ⓚ 전 여정(drive.js)도 스스로 끝낸다(timeout -k · 5분 이하)
  ✓   ⓚ 작업 상한 > 화면 검사 예산 + 전 여정 시한 + 준비·값싼 관문 여유 3분 (넘치면 '취소'로 끝나 경보가 안 뜬다)
  ✓   ⓓ 「말투·토큰 관문」 은 앞 단계가 실패해도 돈다(!cancelled())
  ✓   ⓓ 「수집기·관리자 규칙 관문 (브라우저 불필요)」 은 앞 단계가 실패해도 돈다(!cancelled())
  ✓   ⓓ 「전 여정 회귀 (drive.js)」 은 앞 단계가 실패해도 돈다(!cancelled())
  ✓   ⓓ 전 여정은 서버를 띄웠을 때만
  ✓   ⓖ 관문 구간을 읽어 냈다(브라우저 경로 찾기 → 경보 사이 · 값싼 관문 일곱 + 서버 + 화면 검사 + 말투·토큰 + 수집기 규칙 + 전 여정)
  ✓   ⓖ 그 구간의 단계는 전부 앞 단계가 실패해도 돈다(!cancelled()) — 조건 없는 단계 이름
  ✓   ⓗ 브라우저 설치 단계에 id: browser (화면 검사·전 여정이 그 성공을 본다)
  ✓   ⓗ 「화면 검사 (관문)」 은 서버를 띄우고 브라우저를 깔았을 때만(준비 실패로 드라이버가 다 빨개지는 소음 대신 '돌지 않았다'로 알린다)
  ✓   ⓗ 「전 여정 회귀 (drive.js)」 은 서버를 띄우고 브라우저를 깔았을 때만(준비 실패로 드라이버가 다 빨개지는 소음 대신 '돌지 않았다'로 알린다)
  ✓   ⓔ 경보는 failure() 그대로(cancel-in-progress 취소에 헛경보를 안 낸다)
  ✓   ⓕ 경보 본문이 옛 설명(`set -e` 로 뒤가 안 돈다)을 하지 않고 실패한 드라이버를 싣는다
  ✓   ⓘ 경보가 화면 검사 단계의 결과(outcome)·실패 목록·돌리지 못한 목록을 받는다
  ✓   ⓘ 건너뛴 날(앞 준비 단계 실패): 「돌지 않았습니다」라고 적고 · 「없음」·「전부 통과」라고 하지 않는다
  ✓   ⓘ 드라이버는 다 돈 날(다른 단계 실패): 드라이버는 통과 · 빨간 단계는 그 밖이라고 적는다
  ✓   ⓘ 드라이버가 넘어진 날: 실패한 드라이버 이름을 그대로 싣는다
  ✓   ⓘ 예산을 다 써서 못 돈 날: 그 이름을 「돌리지 못한」 것으로 적고 · 「실패한 드라이버」·「끝까지 돌았습니다」라고 하지 않는다
  ✓   ⓘ 넘어진 것과 못 돈 것이 함께면 둘을 갈라 적는다
  ✓   ⓘ 실패했는데 목록이 비면 「없음」이 아니라 목록을 못 받았다고 적는다
  ✓ ③ device-deploy 권한에 actions: write(화면 검사를 깨울 열쇠)
  ✓   배포가 끝났을 때만 깨우고 · 깨우기 실패가 배포를 실패로 보이게 하지 않는다
  ✓   verify-ui.yml 이 버튼 실행(workflow_dispatch)을 받는다 — 지우면 깨우기가 조용히 실패한다
  ✓ ④ 서술형(story) 칸 가운데 종류를 못 알아본 것만 집는다
  ✓   사람이 적어 둔 질문(ask)이 있는 칸은 모르는 칸이 아니다
  ✓   데이터 감사가 같은 함수로 양식 전부를 보고 **경고**로 적는다(오류면 그날 자동 등록분이 되돌려진다)
  ✓   주간 검사(verify-essay-ask)도 같은 함수를 부른다 — 경고와 검사가 갈라지지 않는다
  — alerts
  ✓ ⓪ 워크플로 글자 관문 — 로봇 워크플로에선 어긋나도 경고 한 줄(결과를 되돌리지 않는다) · 맞으면 그대로 잰다 · 로컬·verify-ui 에선 실패
  ✓ ① 열린 경보가 없으면 하나 만든다
  ✓   같은 제목이 하나면 그 이슈에 댓글
  ✓   같은 초에 둘(#389·#390 꼴) — 작은 번호에 댓글 · 큰 번호는 닫는다
  ✓   같은 라벨을 쓰는 **다른 로봇** 경보와 섞지 않는다(라벨이 아니라 제목으로 찾는다)
  ✓   prefix — 시각이 붙은 옛 제목(#350)에 댓글 · resolve 면 닫는다 · 맞지 않는 🚨 는 안 닫는다
  ✓   exact 는 글자 그대로(앞뒤 빈칸만 무시) · 끌어오기 요청은 안 센다
  ✓   긴 본문은 한도 안으로 자른다(넘으면 GitHub 이 거절해 경보가 사라진다)
  ✓   실행부 — 라벨을 먼저 맞추고 · 담당자 지정이 막히면 담당자 없이 다시 만든다
  ✓   실행부 — 같은 초에 다른 실행이 먼저 만든 경보가 있으면 내 본문을 그쪽에 옮기고 내 것을 닫는다
  ✓   실행부 — resolve 는 맞는 경보를 전부 닫는다(만들지 않는다)
  ✓   robot-down 이 경보 도구를 **제목 그대로**(exact) 부르고 · 실패하면 옛 gh 길로 물러난다 · 제목 꼴은 그대로
  ✓   robot-down — 경보 도구가 성공하면 그 자리에서 끝난다(옛 gh 길은 도구가 실패했을 때만)
  ✓   공용 액션 alert-issue 는 도구 한 곳을 부르고 본문은 환경 변수로 넘긴다(셸 글자에 끼우지 않는다)
  ✓ ② 14일 지난 🗞 소식 리포트 다섯 — 최신 셋은 남기고 둘만
  ✓   14일이 안 된 것은 하나도 안 고른다
  ✓   📘 셋 — 최신 하나만 남긴다
  ✓   🚨·🔧·📸·🛰·🎨 는 아무리 오래돼도 안 고른다(경보·사냥꾼·인스타는 각자 닫는 길이 있다)
  ✓   규칙 표에 경보·사냥꾼·인스타 머리가 없다
  ✓   days 를 바꾸면 기준이 따라간다(🗞 다섯 · days 38 → 하나)
  ✓   유형마다 따로 센다(🤖 넷 + 🖥 넷 → 각 하나씩)
  ✓   close-old-reports 가 규칙 한 곳(tools/report-retention.mjs)을 부르고 · 옛 두 종류 jq 정규식이 없다 · 목록 상한 1000
  ✓ ③ robotNamesOf — robot-down 단계의 robot 이름 둘(with 가 uses 앞이어도 · 따옴표 걷음 · 주석·딴 단계는 안 셈)
  ✓   lastRunIdIn — 글의 마지막 실행 번호
  ✓   경보 17:36 → 17:40 에 시작한 실행이 17:58 성공 → 닫는다(#386)
  ✓   성공이 경보보다 앞(17:00 시작) → 둔다
  ✓   성공 뒤 17:59 에 다시 넘어진 봇 댓글 → 둔다
  ✓   성공 정보를 못 읽음 → 둔다(못 읽음을 괜찮음으로 읽지 않는다)
  ✓   경보를 낸 **바로 그 실행**이 초록으로 끝난 것(단계 실패를 넘김)은 닫지 않는다
  ✓   경보 뒤에 생긴 실행(번호가 더 큼)이 경보 뒤에 성공으로 끝남 — 취소된 앞 실행의 헛경보도 닫는다
  ✓   번호가 더 큰 성공이라도 경보 **전에** 끝났으면 둔다(대기줄 없는 워크플로의 겹친 실행) · 끝난 시각을 모르면 둔다
  ✓   mergeLastOk — 하나라도 못 읽음(오류·성공 기록 없음)·빈 목록은 모름 · 둘 다 읽으면 가장 오래된 성공 · 예약 실행만이면 그렇다고 적는다
  ✓   successEventFor — 예약이 있는 워크플로는 예약 실행의 성공만 센다(수동 실행은 모의·부분일 수 있다) · 예약이 없으면 거르지 않는다
  ✓   넘어짐 경보가 아닌 이슈는 판정하지 않는다
  ✓   닫기 실행부 — 예약 실행만 묻고(event) · 답은 mergeLastOk 로 합치고 · 닫는 글은 확인한 만큼만(예약 실행 / 성공한 실행이 있다)
  ✓   하트비트 워크플로가 닫기 단계를 돌린다(보강 — 시한 · 실패해도 판정은 그대로)
  ✓   robot-down 을 쓰는 워크플로가 실제로 있고 이름을 읽어 낸다(헛도는 검사가 아니다)
  ✓ ④ fetchPathsIn — 글자 그대로인 상대 경로만(getDoc 포함 · 변수·템플릿·바깥 주소 제외)
  ✓   appScripts — index.html 이 싣는 우리 스크립트(바깥 주소 제외)
  ✓   check-live 가 앱 스크립트에서 목록을 뽑고(손 목록 금지) 지문으로 대조한다
  ✓   어긋나면 3분 뒤 main 을 다시 받아 한 번 더 본다(Pages 배포 중 헛경보)
  ✓   다시 보기 — 같아지면(bad=0) 그때만 멈추고 · 고리 뒤에 마지막 회차 출력을 진짜 출력으로 옮긴다
  ✓   어긋남은 경보 한 곳(prefix · live-check) · 같아지면 닫는다 · 맨몸 gh issue create 없음
  ✓ ⑤ codesIn — 본문의 카드 표식
  ✓   (A 마감 지남, D 마감 지남, E 올림) → 닫는다 · (A, B) → 둔다 · (C 건너뜀) → 닫는다 · (F 마감 없음) → 둔다
  ✓   장부에 없는 카드는 모름 → 살아 있는 것으로(닫지 않는다) · 마감 당일은 살아 있다
  ✓   insta.yml — 게시·건너뛰기의 정리는 살아 있는 카드 수로(옛 「1건 이하」 규칙 없음) · 준비 끝에 쓸모없어진 이슈 닫기
  ✓ ⑥ S1 표본 — gh 로 없는 라벨을 붙이면 잡는다 · 같은 파일에서 만들면(변수 포함) 통과
  ✓   S1 모든 워크플로·액션 — `gh issue create --label X` 면 같은 파일에 `gh label create X` 가 있다(없으면 gh 가 실패해 라벨 없는 이슈가 쌓이거나 아예 안 만들어진다)
  ✓   S2 표본 — 체크아웃 없이 로컬 액션 → 잡는다
  ✓   S2 모든 워크플로 — 로컬 액션(./.github/actions/…)보다 앞에 actions/checkout 이 있다(job 마다)
  ✓   S3 표본 — 요약 한 줄뿐인 실패 단계 → 잡는다 · 같은 조건의 뒤 단계가 이슈로 닿으면 통과 · !cancelled() 는 실패 조건이 아니다
  ✓   S3 표본 — 실패 때만 결과물 올리기 + 뒤의 넓은 넘어짐 알림 → 통과 · 뒤 알림이 cancelled() 를 안 덮음 → 잡는다 · 알림이 앞에 있음 → 잡는다
  ✓   S3 표본 — 덮는 알림의 조건이 && 로 좁혀지면 잡는다(예약 실행만 · 그림 실패 없을 때만) · 괄호로 감싼 넓은 갈래·always() && (…) 는 통과
  ✓   broadFailKinds 표본 — 좁히지 않은 갈래만 센다(부정·따옴표 속 || 는 갈래가 아니다)
  ✓   coversDown 표본 — 넘어짐 알림이 실패·취소를 좁히지 않고 덮으면 참 · 앞에 결과물 올리기 단계가 있어도 참 · 좁히거나 failure() 만이면 거짓
  ✓   S3 모든 워크플로 — failure()·cancelled() 단계는 이슈(robot-down·alert-issue·gh issue·issues.create)로 사람에게 닿는다(요약 한 줄·::warning 만이면 실패)
  ✓   S4 경보를 여는 워크플로는 이슈 쓰기 권한(issues: write)을 적어 둔다 — 없으면 경보가 403 으로 넘어진다
  ✓   S3 잰 단계가 실제로 있다(헛도는 검사가 아니다)
  ✓ ⑦ insta-stats.yml — `| tee` 단계는 pipefail(shell: bash 또는 set -o pipefail) — 없으면 node 가 넘어져도 초록
  ✓ ⑦ insta-comments.yml — `| tee` 단계는 pipefail(shell: bash 또는 set -o pipefail) — 없으면 node 가 넘어져도 초록
  ✓   insta-stats.yml — 이슈를 열 권한(issues: write)
  ✓   insta-comments.yml — 이슈를 열 권한(issues: write)
  ✓   insta-samples.yml — 이슈를 열 권한(issues: write)
  ✓   insta-samples — 밀린 실행은 기다리던 것만 버린다(도는 실행을 취소하면 넘어짐 알림이 헛경보로 선다)
  ✓ ⑧ 감사 실패 — 경보 한 곳(날짜 붙은 새 이슈를 매번 만들지 않는다) · 다시 통과하면 닫는다
  ✓   수집 단계가 끝까지 못 감 — 경보 한 곳 · 성공하면 닫는다
  ✓   사진(썸네일) 단계에 id 가 있고 그 결과를 보는 경보·닫기 짝이 있다
  ✓   경보를 여는 단계는 저장 뒤에(저장 앞이면 continue-on-error) — 경보 하나가 넘어져 그 실행의 소식이 저장되지 않는 일이 없게
  ✓   실패·시간초과는 robot-down(리포트 이슈가 없어도 닿는다) · 결과물 올리기 단계를 끼워도 같은 판정(S3 도 통과)
  ✓   리포트는 사람 손이 필요할 때만(수동 실행만으로는 안 연다 · 확인용 inputs.report) · 경보 도구 · 제목에 건수 없음
  ✓ ⑨ 빨간불 경보는 failure() 그대로 · 경보 도구(prefix · ui-gate)로 · 본문은 앞 단계 출력 · 맨몸 gh issue create 없음
  ✓   다시 초록불이면 닫는 단계는 기본 브랜치 success 에서만(main 의 초록불이 기본 브랜치 경보를 닫지 않게)
  ✓   경보 도구·규칙 파일만 고친 커밋에도 화면 검사가 돈다(감시 경로)
  ✓   워크플로만 고친 커밋에도 화면 검사가 돈다(.github/workflows/** 감시) · 그 검사의 관문 단계는 DOC_GATES=1(엄격)
  ✓ ⑩ open-api — 출처가 모두 다시 받아지면(❌ 없음 · 정찰 아님 · success) 「🛰 공공 API 로봇 알림」을 닫는다
  ✓   open-api 알림은 경보 한 곳으로(검색으로 찾지 않는다)
  ✓   device-deploy — 배포됐으면(deployed·uptodate) 옛 배포 실패 경보를 브랜치가 전부 main 에 들어갔을 때만 닫는다(모름은 둔다)
  ✓   essay-playbook — 시간 초과(취소)에도 리포트 · 새 리포트가 옛 📘 를 넘겨받아 닫고 · 성공하면 🚨 를 닫는다 · 실패는 robot-down
  ✓ ⑪ push-check — /test 응답을 읽어 실패로 끝낸다: HTTP 200 아님 · JSON 아님 · 서버 오류 · 숫자를 못 읽음 · 한 대도 못 깨움 (등록 0대는 경고만)
  ✓   admin-lock-check — 판정 불가(unknown)면 그날 실행을 실패로 남긴다(며칠 이어지면 하트비트가 알린다)
  ✓   admin-lock-check — 주소를 안 줬으면 미리보기 주소도 연다 · 열리면 경보(open=1) · 없는 미리보기는 판정에서 뺀다(매일 빨간불 금지) · 판정 앞에서 잰다
  ✓   admin-lock-check — 미리보기 블록은 잠김 셈(sure·total)을 건드리지 않고 · 열렸을 때만 open=1 · 없는 미리보기 갈래는 알리기만
  ✓ ⑫ 링크 사냥꾼 🔧 — 경보 한 곳(라벨 link-hunter · 고정 제목 · 제목에 건수 없음) · 보강(시한·continue-on-error)
  ✓   링크 사냥꾼 실패는 robot-down(::warning 한 줄이 아니다) · 결과물 올리기 단계를 끼워도 같은 판정
  ✓   공고 누락 감사 — 결과는 경보 도구(라벨 coverage-audit) · 실패는 robot-down · 결과물 올리기 단계를 끼워도 같은 판정
  — servers
  ✓ ① 표본 — createRequire 꼴은 문제 둘(createRequire · node:module) · 기본 가져오기 꼴은 없음 · 없는 상대 경로는 잡는다
  ✓   서버 워커 넷(apply·chat·essay·push)의 진입점을 wrangler.toml 에서 읽는다(헛도는 검사가 아니다)
  ✓   실제 서버 코드 — 진입점부터 따라간 모든 파일에 node: 모듈·createRequire·없는 경로가 없다(접수 대행은 엔진을 기본 가져오기로)
  ✓   접수 대행 판정 파일이 엔진(match-engine.js)을 실제로 따라간다(불러 쓰기 · 사본 아님)
  ✓ ② server/README.md 에 워커 폴더 넷이 모두 나오고 · 폐기된 HANDAEJANG_CONFIG 안내가 없다 · mail-worker 는 쓰지 않음으로
  ✓   안내가 적은 앱 쪽 설정 파일이 실제로 있다(apply 처럼 없는 스위치를 있다고 적지 않는다) · 사본 대조 관문을 실제로 대조하는 번호로만(옛 「⑥⑦⑧」 없음 · ⑧ 에 TITLE_CAMPUS)
  ✓   server/apply/wrangler.toml — 발송 증빙이 Supabase apply_sends 에 남는다고 적는다('KV 를 붙인다' 옛 안내 없음)
  ✓ ⑤ 포기 기록이 회차 전 것이면 회복 전까지는 lastError 로 보인다
  ✓ ③ 예약 회차를 끝까지 돌리면 /health 에 마지막으로 시작한 회차(lastSlot)와 결과(lastRun)가 보인다
  ✓ ⑤ 그 뒤 회차가 끝까지 돌면 lastError 는 비고 같은 기록이 pastError 로 내려간다(KV 에서 지우지는 않는다)
  ✓   마지막 회차보다 뒤의 포기 기록은 계속 lastError 로 보인다
  ✓ ③ 발송 회차(새 글 1 · 그 학교 구독 1)를 끝까지 돌리면 /health.lastRun 이 그 회차다 — 깨우기 1건 · 받아 줌 1건
  ✓   그 폰이 없어진 다음 회차(푸시 서비스 410) — lastRun {sent:1 · woke:0 · dropped:1} · 구독 기록은 지운다
  ✓ ④ 그 /health 로 다음 날 06:17 매일 확인 — 없어진 구독만 있던 회차는 경보가 아니다(ok · 등록 0대 경고만)
  ✓ ③ 발송 회차(받아 준 수 0) 다음 회차가 '알릴 거리 없음'이어도 /health.lastSentRun 에 발송 회차가 남는다(lastRun 은 없음 회차)
  ✓ ④ 그 /health 로 다음 날 06:17 매일 확인 — 깨우기를 보낸 마지막 회차로 보아 error(가려지지 않는다)
  ✓ ④ 판정 — 정상 ok · 한 회차만 빠짐(10-03 08:10 · 22시간) ok · 두 회차 연속 빠짐(10-02 20:10 · 34시간) stale · lastSlot 칸 없음 outdated
  ✓   판정 — 깨우기를 보냈는데 한 건도 안 받음 error · HTTP 503 down · 연결 실패 down · 열쇠 없음 misconfig · 포기 기록 error · 저장소 못 읽음 error
  ✓   판정 — 없어진 구독만 있던 회차 {sent:1 · dropped:1 · woke:0} ok · 살아 있는 구독이 남았는데 0건 {sent:3 · dropped:1 · woke:0} error
  ✓   판정 — 발송 회차(lastSentRun)를 본다: 그 뒤 '없음' 회차가 와도 받아 준 수 0 이면 error · 받아 줬으면 ok · 칸이 없는 옛 서버는 lastRun 으로
  ✓   새 저장소(lastSlot null)·등록 0대는 경고만 하고 ok
  ✓   깨우기 실패 문구는 원인을 단정하지 않고 woke 가 도착 수가 아님을 적는다
  ✓   회차 표기 읽기 — KST
  ✓   push-health.yml 이 판정 도구 한 곳을 부르고(셸 판정 없음) · 도구 폴더를 받는다
  ✓ ⑥ (a) 주소만 바뀌고 제목은 빈칸만 다른 같은 공고 → 깨우지 않는다 · 제목이 다른 새 글 → 그 학교
  ✓   (b) 새 주소·새 제목이라도 지난 판정보다 이틀 넘게 앞서 수집된 글 → 깨우지 않는다 · 오늘 수집된 글 → 깨운다
  ✓   (c) 학교+제목 열쇠가 폰(notify-rules 장부)과 글자까지 같다 — 사본(titleSeenKey)·싼 길(titleSeenKeyFast)·notices 걸음의 tk 모두 · \s 의 모든 글자와 비슷한 글자 표본
  ✓   (c) 대조가 실제로 열쇠를 읽었다(헛도는 검사가 아니다 · 제목 33개)
  ✓   (c) notices 걸음이 넘기는 꼴에 제목이 없다(글자 일은 그 걸음에서 끝) — 열쇠·수집일(날짜)·대출 표시·분교까지 깨울 학교
  ✓   (d) 옛 열쇠 4000개 + 지금 실린 공고 → 장부를 자를 때 지금 공고의 열쇠가 남고(상한 4000) 다음 회차에 다시 깨우지 않는다
  ✓   (d) 장부는 새 열쇠에 줄 단위로 쓰고 · 옛 열쇠(state:seen · JSON)는 건드리지 않는다(옛 코드로 되돌려도 넘어지지 않게)
  ✓   (e) 수집일 경계 표본 — 서버(깨울지)와 폰(새 공고 알림)이 같은 답
  ✓   (e) 경계 표본이 양쪽 답(본 것·새 글)을 모두 낸다(헛도는 검사가 아니다)
  ✓   (f) 옛 장부 첫 회차 — 주소만 바뀐 글은 안 깨우고(새 글 사유를 세지 않음) · 마감·정식 등록 새 공고는 깨운다 → 다음 회차부터 새 글은 깨운다
  ✓   (g) 옛 꼴(제목이 실린 요약)도 그 자리에서 새 꼴로 — 분교까지 깨우고 · 대출은 안 깨우고 · 학교+제목 열쇠를 장부에 적는다
  ✓ ⑦ 전국 공고(10-05 마감) — 10-04 08:10 깨움(장부가 빈 첫 실행에도) → 같은 날 20:10 안 깨움 → 10-05 08:10 깨움 → 20:10 안 깨움
  ✓   여러 학교만 받는 공고(schoolsAny · 캠퍼스 꼬리는 뗀다) → 전원이 아니라 그 학교만
  ✓ ⑧ 분교 표(SHARED_BOARD_BRANCH)가 match-engine 과 같다(사본 대조 — 원본을 바꾸면 여기가 빨개진다)
  ✓   제목 캠퍼스 표(TITLE_CAMPUS)와 taggedSchool 함수가 match-engine 과 글자까지 같다(소스 대조 — 표식 하나를 더해도 빨개진다)
  ✓   제목 캠퍼스 표식(taggedSchool)이 match-engine 과 같은 답을 낸다(본교 3곳 × 제목 12개)
  ✓   화면에 보이는 학교는 하나도 안 놓치고(놓침 0) · 화면 밖 학교는 제목이 밝힌 캠퍼스 말고는 안 깨운다 — 표본 6글 × 학교 6곳
  ✓   잰 표본에 분교가 실제로 보이는 글이 있다(헛도는 검사가 아니다)
  ✓ ⑨ 설정 읽기 — 주소·열쇠가 있으면 그 값(끝 / 는 뗀다) · 비었으면 null(= 꺼짐) · 못 읽으면(문법 오류·충돌 표식·맨 위 window·이름 없음) 던진다(꺼짐과 가른다)
  ✓   명령줄 본체 — 정상 설정은 묻고(ok · 0) · 빈 설정은 off(0) · 못 읽는 설정은 판정 없이 실패(1 — off 로 두면 워크플로가 경보를 닫는다)
  ✓   명령줄 전체(표본 파일 · 인터넷 없음) — 빈 설정은 종료 0 · verdict=off · 깨진 설정은 종료 1 · 판정을 적지 않는다
  ✓   판정 — 200 ok · 401 misconfig · 403 misconfig · 540 down · 연결 실패 down
  ✓   묻기 — 일시 장애는 다시 묻는다(연결 끊김·503 뒤 200 → ok · 세 번) · 세 번 다 540 → down · /auth/v1/health 에 공개 열쇠를 싣는다
  ✓   supabase-health.yml — 예약은 홀수 분(0 아님) · 작업 시한 · 로컬 액션보다 체크아웃이 앞 · 판정 도구를 부른다
  ✓   이상(down·misconfig)이면 경보 한 곳(open) · 정상·꺼짐이면 닫는다(resolve · 같은 제목) · 넘어지면(확인 단계 실패 포함) robot-down
  ✓   설계 문서 「어디가 끊기면」 표에 로그인 줄이 있다
  ✓ ⑩ (a) importScripts 가 실패한 서비스워커가 빈 푸시를 받으면 — 거절 없이 알림 1건(기본 문구)
  ✓   (b) sw.js 의 importScripts 목록(순서 그대로)을 실제 파일로 실으면 알림 규칙·엔진이 선다(목록에서 하나 빠지면 빨간불)
  ✓   (b) 규칙이 실린 서비스워커도 빈 푸시에 알림 1건(알릴 것 없으면 기본 문구)
  — insta
  ✓ ①-a 판형 전부 — 그림에 상대 날짜(「마감 D-N」·「D-N」·「오늘 마감」)가 없다 (10-04 실측: 2·3·4번이 「마감 D-21」)
  ✓   2·3·4번은 절대 날짜 「10월 23일 마감」 을 싣는다 · 마감 당일도 「10월 2일 마감」
  ✓   게시용 meta.json 에 dates: 'absolute' 를 적는다(옛 카드와 가르는 표식)
  ✓ ①-b publishRefusal — 마감 지남→거절 · 미래+absolute→통과 · 미래+dates 없음+2번→거절 · 1번→통과 · 마감 없음→통과 · 오늘 마감 23:59 전→통과 · 지난 직후→거절
  ✓ ①-c 명령줄 — 마감 지난 표본은 종료 1 · 「마감」 · 시크릿 검사까지 안 간다 / 옛 2번 표본도 거절 / 예행연습도 거절
  ✓   대조군 — 멀쩡한 카드는 가드를 지나 시크릿 검사에서 멈춘다(네트워크·장부 쓰기 전)
  ✓ ①-d 관리자 줄 — 마감 지난 줄·옛 2번 줄에는 게시 버튼이 없고 이유를 둔다 · 미래+absolute·1번 줄에는 있다
  ✓   옛 화면이 남아 버튼을 눌러도 — 마감 지난·옛 카드는 로봇을 안 깨우고 거절(bad) · 멀쩡한 카드는 깨운다
  ✓   게시 실패 이슈의 원인 목록에 「마감 지남·옛 D-N 카드 → 게시 거절」 이 있다
  ✓ ②-a 게시 작업에 main push 가 없다(장부는 Pages 가 필요 없다 · #263 거짓 경보의 자리)
  ✓ ②-b HEAD:main 은 모든 단계에서 `for i in 1 2 3` 재시도 루프 안에만 · 준비 커밋에 그 루프가 있다
  ✓ ②-c 올리기 단계에 id: post · 기록 저장은 올라갔으면 앞이 넘어져도 돈다 · 실패 알림이 steps.post.outcome 을 본다
  ✓   실패 알림을 돌려 본다 — 올라갔는데 기록 실패 → 「다시 게시하지 마세요」(주소 포함) · 안 올라감 → 「게시가 실패」 · 둘 다 됨 → 이슈 없음
  ✓ ②-d 가짜 인스타 한 바퀴 — 올리면 GITHUB_OUTPUT 에 media·permalink 를 남긴다(실패 알림이 「올라갔다」 를 안다)
  ✓   준비 실패 알림 — 장부가 기본 브랜치에 들어갔으면 「관리자 화면에 있다 · 알림 다시 보내기」, 아니면 「다음 실행이 다시 그린다」
  ✓ ④-a 워크플로 단위 대기줄 없음 · 게시·건너뛰기는 공고별 줄 · 준비는 코드가 있으면 그 공고 줄, 없으면 insta-prepare
  ✓ ④-b 병합기(진짜 명령) — 한쪽 올림 + 다른 쪽 새 준비 → 올림 기록 A 와 준비 B 가 둘 다 남는다(옛 일반 규칙: posted [] · B 사라짐)
  ✓   한쪽만 바뀐 줄은 바뀐 쪽(건너뛴 카드를 다시 그린 것이 옛 「건너뜀」 에 안 진다) · 둘 다 바뀌면 올림이 이긴다 · 올림 기록은 어느 쪽 것이든 남는다
  ✓ ④-c .gitattributes 에 insta/seen.json 합집합 · 장부를 저장하는 단계 셋(준비·게시·건너뛰기) 모두 git add 전에 병합 규칙 등록(setup-collab)
  ✓ ⑦-a expireRows — 마감 지난 준비·건너뜀·실패만 만료 · 올린 것(D·H)·마감 없음·오늘 마감(12:00)·미래는 그대로 · 만료일은 KST
  ✓ ⑦-b 재단이 마감을 미뤘으면(지금 마감 10-30 > 장부 10-01) 다시 뽑힌다 · 같은 마감이면 안 뽑힌다
  ✓ ⑦-c insta.yml — 정리가 「무엇을 할지」(pick --new) 보다 먼저 · 보강 단계(continue-on-error·시한) · 올림 파일은 insta/pub 통째가 아니다 · 새 카드가 없어도 정리분을 커밋
  ✓   ledger.mjs expire — 규칙은 pick.mjs expireRows 를 불러 쓰고 · 올린 것의 폴더는 지우지 않는다(두 번 확인)
  ✓ ⑧-a 같은 댓글로 두 번 받으면 한 번만 쓴다 · 댓글이 늘면 다시 쓴다(updatedAt = 마지막으로 바뀐 시각)
  ✓ ⑨-a device-deploy — actions: write · 배포가 끝났을 때만 · 보강 단계 · step 글자가 insta.yml 「알림」 선택지와 한 글자도 같다 · 코드 꼴 검사
  ✓   셸을 돌려 본다 — 표식이 바뀌고 코드가 맞으면 insta.yml 을 알림·그 코드로 깨운다 · 안 바뀜·빈 코드·이상한 코드는 안 깨운다
  ✓   깨우기가 넘어지면 따로 이슈(배포 실패로 보이지 않게) · 스킬 insta-revise 가 이 길을 안내한다

✓ 로봇·도구 점검 관문 전부 통과
hg-exit=0
