RED      ①-a ddayText 를 상대 날짜로 — exit 1 — ✕ 3: ✕ ①-a 판형 전부 — 그림에 상대 날짜(「마감 D-N」·「D-N」·「오늘 마감」)가 없다 (10-04 실측: 2·3·4번이 | ✕   2·3·4번은 절대 날짜 「10월 23일 마감」 을 싣는다 · 마감 당일도 「10월 2일 마감」 | ✕ 실패 2건
RED      ①-a meta dates 표식 지움 — exit 1 — ✕ 2: ✕   게시용 meta.json 에 dates: 'absolute' 를 적는다(옛 카드와 가르는 표식) | ✕ 실패 1건
RED      ①-b/c publishRefusal 무력화 — exit 1 — ✕ 4: ✕ ①-b publishRefusal — 마감 지남→거절 · 미래+absolute→통과 · 미래+dates 없음+2번→거절 · | ✕ ①-c 명령줄 — 마감 지난 표본은 종료 1 · 「마감」 · 시크릿 검사까지 안 간다 / 옛 2번 표본도 거절 / 예행연습 | ✕ ①-d 관리자 줄 — 마감 지난 줄(다음 날 아침 포함)·옛 2번 줄에는 게시 버튼이 없고 이유를 둔다 · 미래+absol | ✕ 실패 3건
RED      ①-c 명령줄 가드 줄 지움 — exit 1 — ✕ 2: ✕ ①-c 명령줄 — 마감 지난 표본은 종료 1 · 「마감」 · 시크릿 검사까지 안 간다 / 옛 2번 표본도 거절 / 예행연습 | ✕ 실패 1건
RED      ①-d 관리자 instaPublishBlock 무력화 — exit 1 — ✕ 3: ✕ ①-d 관리자 줄 — 마감 지난 줄(다음 날 아침 포함)·옛 2번 줄에는 게시 버튼이 없고 이유를 둔다 · 미래+absol | ✕   옛 화면이 남아 버튼을 눌러도 — 마감 지난·옛 카드는 로봇을 안 깨우고 거절(bad) · 멀쩡한 카드는 깨운다 | ✕ 실패 2건
RED      ①-d 클릭 거절 지움 — exit 1 — ✕ 2: ✕   옛 화면이 남아 버튼을 눌러도 — 마감 지난·옛 카드는 로봇을 안 깨우고 거절(bad) · 멀쩡한 카드는 깨운다 | ✕ 실패 1건
RED      ① 게시 실패 원인 줄 지움 — exit 1 — ✕ 2: ✕   게시 실패 이슈의 원인 목록에 「마감 지남·옛 D-N 카드 → 게시 거절」 이 있다 | ✕ 실패 1건
RED      ②-a 게시 기록 저장에 main push 되살림 — exit 1 — ✕ 3: ✕ ②-a 게시 작업에 main push 가 없다(장부는 Pages 가 필요 없다 · #263 거짓 경보의 자리) | ✕ ②-b HEAD:main 은 모든 단계에서 `for i in 1 2 3` 재시도 루프 안에만 · 준비 커밋에 그 루프가 있 | ✕ 실패 2건
RED      ②-b 준비 main push 를 재시도 없이 — exit 1 — ✕ 2: ✕ ②-b HEAD:main 은 모든 단계에서 `for i in 1 2 3` 재시도 루프 안에만 · 준비 커밋에 그 루프가 있 | ✕ 실패 1건
RED      ②-c id: post 지움 — exit 1 — ✕ 2: ✕ ②-c 올리기 단계에 id: post · 기록 저장은 올라갔으면 앞이 넘어져도 돈다 · 실패 알림이 steps.post.o | ✕ 실패 1건
RED      ②-c 실패 알림이 늘 「게시 실패」 — exit 1 — ✕ 2: ✕   실패 알림을 돌려 본다 — 올라갔는데 기록 실패 → 「다시 게시하지 마세요」(주소 포함) · 안 올라감 → 「게시가 실 | ✕ 실패 1건
RED      ②-d GITHUB_OUTPUT 쓰기 지움 — exit 1 — ✕ 2: ✕ ②-d 가짜 인스타 한 바퀴 — 올리면 GITHUB_OUTPUT 에 media·permalink 를 남긴다(실패 알림이 「 | ✕ 실패 1건
RED      ② 준비 실패 NOTE 지움 — exit 1 — ✕ 7: ✕   게시 실패 이슈의 원인 목록에 「마감 지남·옛 D-N 카드 → 게시 거절」 이 있다 | ✕ ②-c 올리기 단계에 id: post · 기록 저장은 올라갔으면 앞이 넘어져도 돈다 · 실패 알림이 steps.post.o | ✕   실패 알림을 돌려 본다 — 올라갔는데 기록 실패 → 「다시 게시하지 마세요」(주소 포함) · 안 올라감 → 「게시가 실 | ✕   준비 실패 알림 — 장부가 기본 브랜치에 들어갔으면 「관리자 화면에 있다 · 알림 다시 보내기」, 아니면 「다음 실행이 | ✕ ④-a 워크플로 단위 대기줄 없음 · 대기줄을 셈해 보면 — 같은 공고의 게시·건너뛰기·다시 그리기·알림은 한 줄, 사람이 | ✕ ④-c .gitattributes 에 insta/seen.json 합집합 · 장부를 저장하는 단계 셋(준비·게시·건너뛰기) | ✕ 실패 6건
RED      ④-a 워크플로 단위 대기줄 되살림 — exit 1 — ✕ 2: ✕ ④-a 워크플로 단위 대기줄 없음 · 대기줄을 셈해 보면 — 같은 공고의 게시·건너뛰기·다시 그리기·알림은 한 줄, 사람이 | ✕ 실패 1건
RED      ④-a 알림 push 를 자동 준비 줄로(이번 세션 수리) — exit 1 — ✕ 2: ✕ ④-a 워크플로 단위 대기줄 없음 · 대기줄을 셈해 보면 — 같은 공고의 게시·건너뛰기·다시 그리기·알림은 한 줄, 사람이 | ✕ 실패 1건
RED      ④-a 게시 대기줄을 한 줄로 — exit 1 — ✕ 2: ✕ ④-a 워크플로 단위 대기줄 없음 · 대기줄을 셈해 보면 — 같은 공고의 게시·건너뛰기·다시 그리기·알림은 한 줄, 사람이 | ✕ 실패 1건
RED      ④-b 인스타 장부 규칙 지움 — exit 1 — ✕ 3: ✕ ④-b 병합기(진짜 명령) — 한쪽 올림 + 다른 쪽 새 준비 → 올림 기록 A 와 준비 B 가 둘 다 남는다(옛 일반 규 | ✕   한쪽만 바뀐 줄은 바뀐 쪽(건너뛴 카드를 다시 그린 것이 옛 「건너뜀」 에 안 진다) · 둘 다 바뀌면 올림이 이긴다  | ✕ 실패 2건
RED      ④-b 조상 무시(순위만) — exit 1 — ✕ 2: ✕   한쪽만 바뀐 줄은 바뀐 쪽(건너뛴 카드를 다시 그린 것이 옛 「건너뜀」 에 안 진다) · 둘 다 바뀌면 올림이 이긴다  | ✕ 실패 1건
RED      ④-c .gitattributes 줄 지움 — exit 1 — ✕ 2: ✕ ④-c .gitattributes 에 insta/seen.json 합집합 · 장부를 저장하는 단계 셋(준비·게시·건너뛰기) | ✕ 실패 1건
RED      ④-c 건너뛰기 저장의 setup-collab 지움 — exit 1 — ✕ 2: ✕ ④-c .gitattributes 에 insta/seen.json 합집합 · 장부를 저장하는 단계 셋(준비·게시·건너뛰기) | ✕ 실패 1건
RED      ⑦-a expireRows 무력화 — exit 1 — ✕ 2: ✕ ⑦-a expireRows — 마감 지난 준비·건너뜀·실패만 만료 · 올린 것(D·H)·마감 없음·오늘 마감(12:00)· | ✕ 실패 1건
RED      ⑦-a 올린 것도 만료 — exit 1 — ✕ 2: ✕ ⑦-a expireRows — 마감 지난 준비·건너뜀·실패만 만료 · 올린 것(D·H)·마감 없음·오늘 마감(12:00)· | ✕ 실패 1건
RED      ⑦-b 미룬 마감 다시 뽑기 지움 — exit 1 — ✕ 2: ✕ ⑦-b 재단이 마감을 미뤘으면(지금 마감 10-30 > 장부 10-01) 다시 뽑힌다 · 같은 마감이면 안 뽑힌다 | ✕ 실패 1건
RED      ⑦-c 올림 파일 path 를 insta/pub 통째로 — exit 1 — ✕ 2: ✕ ⑦-c insta.yml — 정리가 「무엇을 할지」(pick --new) 보다 먼저 · 보강 단계(continue-on-e | ✕ 실패 1건
RED      ⑦-c 커밋 조건을 draw 만으로 — exit 1 — ✕ 2: ✕ ⑦-c insta.yml — 정리가 「무엇을 할지」(pick --new) 보다 먼저 · 보강 단계(continue-on-e | ✕ 실패 1건
RED      ⑦ ledger expire 가 올린 것 확인 안 함 — exit 1 — ✕ 2: ✕   ledger.mjs expire — 규칙은 pick.mjs expireRows 를 불러 쓰고 · 올린 것의 폴더는 지우 | ✕ 실패 1건
RED      ⑧-a 그대로면 안 쓰기 지움 — exit 1 — ✕ 2: ✕ ⑧-a 같은 댓글로 두 번 받으면 한 번만 쓴다 · 댓글이 늘면 다시 쓴다(updatedAt = 마지막으로 바뀐 시각) | ✕ 실패 1건
RED      ⑨-a step 글자 한 글자 다르게 — exit 1 — ✕ 3: ✕ ⑨-a device-deploy — actions: write · 배포가 끝났을 때만 · 보강 단계 · step 글자가 i | ✕   셸을 돌려 본다 — 표식이 바뀌고 코드가 맞으면 insta.yml 을 알림·그 코드로 깨운다 · 안 바뀜·빈 코드·이상 | ✕ 실패 2건
RED      ⑨ 코드 꼴 검사 지움 — exit 1 — ✕ 3: ✕ ⑨-a device-deploy — actions: write · 배포가 끝났을 때만 · 보강 단계 · step 글자가 i | ✕   셸을 돌려 본다 — 표식이 바뀌고 코드가 맞으면 insta.yml 을 알림·그 코드로 깨운다 · 안 바뀜·빈 코드·이상 | ✕ 실패 2건
RED      ⑨ 표식 안 바뀌어도 깨움 — exit 1 — ✕ 2: ✕   셸을 돌려 본다 — 표식이 바뀌고 코드가 맞으면 insta.yml 을 알림·그 코드로 깨운다 · 안 바뀜·빈 코드·이상 | ✕ 실패 1건
RED      ⑨ 깨우기 실패 이슈 지움 — exit 1 — ✕ 2: ✕   깨우기가 넘어지면 따로 이슈(배포 실패로 보이지 않게) · 스킬 insta-revise 가 이 길을 안내한다 | ✕ 실패 1건

복원 뒤: exit 0 · ✕ 0
빨개지지 않은 변이: 없음
