■ 화면에 이모지가 없다 (대장님 제외)
  ✓ 이모지 0개 — 아이콘이 필요하면 SVG 를 쓴다 (.ico)

■ 화면 문구에 느낌표가 없다
  ✓ 느낌표 0개 — 금융·행정 서비스는 쓰지 않는다

■ 앱이 1인칭 서비스 말투를 쓰지 않는다
  ✓ 1인칭 서비스 말투 0개

■ style.css 가 토큰 밖의 값을 쓰지 않는다
  ✓ 모서리는 --radius-* 토큰만 쓴다
  ✓ 글자 크기는 --t-* 토큰만 쓴다
  ✓ 그림자도 토큰만 쓴다 (--shadow · --shadow-lift · --shadow-sheet · --ring · --cutout · --knob)
  ✓ 그라데이션은 --grad-navy 한 곳에서만 정의한다
  ✓ 면 위에 놓인 것(아바타·히어로·온보딩 로고와 카드)에 그림자가 없다

■ style.css 의 괄호 짝이 맞는다 (2026-09-11)
  ✓ 여는 괄호 1371 = 닫는 괄호 1371 (짝 없는 } 는 뒤따르는 규칙을 브라우저가 버린다)

■ 토큰 이탈이 더 늘지 않는다 (톱니 · 2026-09-10)
  ✓ 여백을 토큰(--sp-1~4) 대신 생 px 로 쓴 곳: 505 (천장 505)
  ✓ 팔레트(:root) 밖에서 직접 쓴 유채색: 75 (천장 75)

■ 없는 토큰에 폴백을 달지 않는다
  ✓ 선언된 적 없는 토큰에 단 폴백: 0 (천장 0)

■ 서체와 글자 척도 (2026-09-10)
  ✓ 폰트 스택이 둘 다 선언돼 있다
  ✓ 두 스택 모두 Pretendard 를 담고 있다 (2026-09-11 되돌림 뒤 둘 다 Pretendard 한 벌이다)
  ✓ index.html 이 Pretendard 를 계속 싣는다
  ✓ 글자 크기 아홉 단계가 모두 있다
  ✓ 단계마다 최소 1.07배는 벌어진다 (붙어 있으면 눈이 구분 못 한다)
  ✓ 입력칸 글자 크기(--t-input)가 선언되어 있다
  ✓ 입력칸 글자가 16px 이상이다 (iOS 자동 확대 바닥값)
  ✓ 한국어 줄바꿈(keep-all)을 켜 둔다
  ✓   긴 낱말이 화면 밖으로 나가지 않게 짝(overflow-wrap)도 함께 둔다

■ 수집한 글의 HTML 기호를 글자로 띄우지 않는다 (2026-09-11)
  ✓ 되돌리는 함수(unent)가 있다
  ✓ 게시판에서 온 글은 전부 unent 를 거친다
  ✓ 앱이 아는 기호 목록을 읽어 냈다 (못 읽으면 아래가 헛돈다)
  ✓ 되돌리는 정규식을 그 목록에서 만든다 (두 벌로 두지 않는다)
  ✓ 데이터에 나오는 HTML 기호를 앱이 전부 안다

■ 관리자 화면이 앱1과 같은 체계를 쓴다 (2026-09-13)
  ✓ 모서리는 --radius-* 토큰만 쓴다
  ✓ 글자 크기는 --t-* 토큰만 쓴다
  ✓ 여백은 --space-* 토큰만 쓴다
  ✓ 어두운 화면 정의가 없다 (앱1과 같은 밝은 한 벌)
  ✓ 색·글자·모서리 값이 앱1(style.css)과 같다
      대조한 토큰 52개 (관리자 전용 3개는 뺐다)
  ✓ 대조할 토큰이 충분하다 (헛도는 검사가 아니다)
  ✓ 앱1이 싣는 서체 주소를 읽었다 (못 읽으면 아래가 헛돈다)
  ✓ 관리자도 **같은 주소**로 같은 서체를 싣는다
  ✓   관리자 CSP 의 style-src 가 그 서체를 허용한다
  ✓   관리자 CSP 의 font-src 가 그 서체를 허용한다
  ✓   앱1 CSP 의 style-src 가 그 서체를 허용한다
  ✓   앱1 CSP 의 font-src 가 그 서체를 허용한다
  ✓   그래도 script-src 는 self 뿐이다 (서체 때문에 코드까지 열지 않았다)

✓ 말투·토큰 관문 전부 통과
