server pid 21503
── node verify/verify-essay-submit.mjs
── node verify/verify-apply-guard.mjs
── node verify/verify-notify-rules.js
── node verify/verify-push-server.mjs
── node verify/form-snapshot.mjs
── node verify/verify-insta.js
── bash _admin/build.sh
── node verify/ui-tone.mjs
── verify-fit-badge.js 15:01:02
── verify-explore-sort.js 15:01:28
── verify-onboard-gaps.js 15:02:04
── verify-registered.js 15:02:22
── verify-chat.js 15:02:42
── verify-apps-manage.js 15:03:48
── verify-supabase.js 15:04:06
── verify-essay-ui.js 15:06:13
── verify-forms-data.js 15:06:49
── verify-new-forms.js 15:07:04
── verify-source-links.js 15:07:14
── verify-push-client.js 15:07:53
── verify-notify.js 15:08:25
── verify-sheet-back.js 15:09:06
── verify-kosaf.js 15:09:27
── verify-calendar.js 15:09:48
── verify-resume.js 15:10:18
❌ verify-resume.js (rc 1)
── verify-interactions.js 15:11:41
── verify-admin.js 15:12:31
── verify-settings.js 15:14:51
── verify-admin-shape.js 15:16:10
── verify-elig-ask.js 15:16:13
── verify-apply-prep.js 15:16:41
── verify-activities.js 15:16:59
── verify-news.js 15:17:42
── verify-region-city.js 15:18:30
── drive.js 15:18:33
FAILED: verify-resume.js
