✅ 수집 로봇 4종: 저장 위치·실패 알림 정상
✅ 배포 동기화가 데이터 로봇 전부를 감시 중

현재 브랜치: integ/health-sweep (2d61469b)
배포 브랜치: main (d6fd00f6)

❌ 아직 앱에 배포되지 않은 변경이 있습니다 (사용자는 이 내용을 볼 수 없어요):

data/news/img/0080b5f3ec0e4bad.webp | Bin 9336 -> 0 bytes
 data/news/img/20bcf4fc2fa40b77.webp | Bin 6178 -> 0 bytes
 data/news/img/2fc07c020867d06e.webp | Bin 0 -> 11380 bytes
 data/news/img/3154cb370bc83df3.webp | Bin 0 -> 27272 bytes
 data/news/img/4a6cb3dd9c8212c8.webp | Bin 0 -> 18222 bytes
 data/news/img/57ab97f6b92495ce.webp | Bin 0 -> 16164 bytes
 data/news/img/5f0b9f2c9d09c3a8.webp | Bin 0 -> 18168 bytes
 data/news/img/6676685f39134afc.webp | Bin 0 -> 29082 bytes
 data/news/img/715524c127520b6e.webp | Bin 0 -> 11760 bytes
 data/news/img/9abd4535c33c18b0.webp | Bin 7162 -> 0 bytes
 data/news/img/a059a52ef5d4526e.webp | Bin 15326 -> 0 bytes
 data/news/img/a9f6e96ddac07f5b.webp | Bin 0 -> 22172 bytes
 data/news/img/b33bcc55295aa4e2.webp | Bin 0 -> 10072 bytes
 data/news/img/c26eb59029fffeeb.webp | Bin 15452 -> 0 bytes
 data/news/img/d548ea38124573a0.webp | Bin 10380 -> 0 bytes
 data/news/img/fd6ae54dd6235578.webp | Bin 0 -> 9832 bytes
 data/news/index.json                |  22 +++++++++++-----------
 data/news/n16dvfry.json             |   9 +++++++++
 data/news/n6xhy7d.json              |  12 ++++++------
 data/news/ncuyr4z.json              |  10 ++++++++++
 data/news/nsgh1oi.json              |   6 ++++--
 parse-requirements.js               |  33 ++++++++++++++++++++++++---------
 sw.js                               |   7 +++++--
 23 files changed, 69 insertions(+), 30 deletions(-)

해결: 아래로 main에 올리면 GitHub Pages가 자동 배포하고, 설치된 앱도 재설치 없이 반영됩니다.
  git push origin HEAD:main
(로봇 수집분은 '배포 동기화' 워크플로가 자동으로 올리므로 보통 이 검사는 통과합니다.)
