
■ ① 다시 켜도 환영 화면이 안 보인다
  ✓ 그 사이 부팅 화면이 떠 있다 (안 보이면 늦추기가 안 먹은 것)
  ✓ 앱 코드가 오기 전에 환영 화면이 안 뜬다
  ✓ 앱 코드가 오면 부팅 화면이 걷힌다
  ✓ 그리고 홈이다

■ ②③ 하던 탭·스크롤 그대로
  ✓ 앱이 숨는 순간에 장부가 적힌다 (휴대폰 경로)
  ✓ 탐색 탭에서 나갔다 오면 탐색 탭이다
  ✓ 보던 자리로 돌아온다 (0이 아니다)
  ✓ 홈으로 옮겨 두면 홈이다
  ✓ 홈의 스크롤이 탐색 탭 것을 물려받지 않는다

■ ④⑤ 쓰던 신청서는 창을 넘겨도 남는다
  ✓ 5시간 만에 열면 홈으로 간다
  ✓ 홈에 '신청서 마저 쓰기' 줄이 있다
  ✓ 그 줄이 어느 공고인지 말한다
  ✓ 눌러서 신청서로 들어간다
  ✓ 신청서에 칠 칸이 있다 (없으면 아래 검사가 조용히 건너뛴다)
  ✓ 치는 동안 장부에 적힌다 (아무것도 안 눌러도)
  ✓ 5분 안에 오면 쓰던 신청서가 바로 열린다
  ✓ 친 글이 그대로 돌아와 있다

■ ⑥ 알림이 이어보기를 이긴다
  ✓ 마지막 탭(MY)으로 가지 않는다
  ✓ 그 공고가 열린다
  ✓ 공고 목록이 늦게 와도 그 공고가 열린다 (탐색 탭으로 안 샌다)

■ ⑦ 쓴 글이 기기 밖으로 안 나간다
  ✓ 바깥으로 나간 요청에 쓴 글이 없다

■ ⑧ 오류가 나도 갇히지 않는다
  ✓ 환영 화면에 갇히지 않는다
  ✓ 무슨 일인지 말하고 다시 시도하게 한다

■ ⑨ 데이터 초기화 뒤에도 앱이 돈다
  ✓ 초기화하면 온보딩으로 간다
  ✓ 초기화 뒤 상태에 칸이 다 있다 (saved 가 undefined 가 아니다)
  ✓ 초기화 뒤 화면을 그려도 죽지 않는다
  ✓   그때 페이지 오류도 없다
  ✓ 콘솔 오류 없음

✓ 통과 28 · 실패 0
