  — bodies
  ✓ ① ⓐ 이레 안에 본문을 확보한 공고는 쉰다 · 여드레면 다시 · 확보 기록 없으면 안 쉰다
  ✓   마감 지난 공고 · 마감 없이 등록 70일 지난 공고는 학생 화면에 없다 · 마감 오늘·마감도 등록일도 없는 공고는 있다
  ✓   차례 — 덜 해 본 것 → 같으면 한 번도 본문을 못 받은 것 → 등록 순서
  ✓   장부 한 칸 — 확보는 날짜(지우지 않는다) · 시한 초과·본문 없음은 한 번 센다 · 마지막 확보 날짜는 이어 둔다
  ✓   첨부 합치기 — 번호·미리보기 꼬리를 뗀 이름이 같으면 같은 첨부
  ✓ ① ⓐ 로봇 미리보기의 차례 — 새 공고(E) → 확보한 지 여드레(B) → 한 번 실패(G) · 이레 안 확보(A)·마감 지남(C)·오래됨(D)·자격 줄 있음(F)은 없다
  ✓ ① ⓑ 넷째·다섯째 사이에서 강제로 죽어도(단계 시한 흉내) 앞 공고들의 장부가 남는다 — 공고마다 저장
  ✓   멈춘 공고(늦게 끝남·영영 멈춤)는 시한 초과로 한 번 세고 다음으로 간다
  ✓   🔴 시한 뒤 늦게 끝난 읽기가 찾은 첨부는 등록 항목에 붙지 않는다 (registered.json 을 몰래 바꾸지 않는다)
  ✓   열리는 공고는 본문을 저장하고 장부에서 지우지 않고 확보 날짜를 적는다
  ✓   멈출 때마다 새 창으로 — 새 창 4번(처음 1 + 멈춤 3) · 리포트에 시한 초과 3줄과 진행 중 꼬리
  ✓   공고를 시작할 때 ▶ 줄을 찍는다(멈춘 자리를 로그로 안다)
  ✓ ① 예산은 공고를 시작하기 전에 '공고 하나 최악이 들어갈 자리'로 본다 · 끝의 브라우저 닫기도 시한 안에서
  ✓ ① ⓒ 재수집 단계가 끝까지 못 가면(시한·넘어짐) 저장 뒤 작업을 실패로 — 알림·하트비트가 성공으로 세지 않게 (bodies-2)
  ✓   실패 알림은 오늘 리포트만 붙이고(옛 판이면 끊겼다고 적는다) 실행 로그 주소를 단다 (bodies-7)
  ✓   성공한 실행은 rescue-bodies 라벨의 열린 이슈를 닫는다 — 성공일 때만 · 알림 뒤 (bodies-7)
  ✓   관문에 걸려 되돌릴 때 장부(rescue-ledger.json)도 되돌린다 — 본문은 되돌려지고 확보 기록만 남으면 이레 동안 아무도 안 연다 (bodies-12 ③)
  ✓ ② ⓐ 모든 그림이 같은 엔진 오류 — 종료 코드 2 · ::warning:: 한 줄 · 상태 파일에 고장 표시와 실패 파일 (예전엔 '끝 — 0장' 에 초록불)
  ✓   잘 읽으면 종료 코드 0 · 고장 표시 없음 · 그림마다 .ocr.txt
  ✓   설치가 안 돼 불러오지도 못하면 그것도 엔진 고장(종료 코드 2 · 읽을 그림 전부 실패로)
  ✓ ② ⓑ 장부 판이 바뀌면 자격 못 찾은 칸만 한 번 비운다 — 찾은 칸·공통 그림은 남는다 · 판을 적어 두 번째는 그대로
  ✓   OCR 이 실패한 파일 때문에 자격을 못 찾은 글만 기회를 되돌린다 — 자격을 찾은 글·실패 파일이 없는 글은 그대로 · 0 아래로 안 간다 · 날짜는 그대로
  ✓   --apply 를 진짜 돌리면 — OCR 실패 글(1)의 기회가 무료 장부에 되돌려 저장되고(2→1), 자격을 찾은 글(2)은 그대로 · 상태에 적용 표시 · 두 번째 실행은 또 안 되돌린다
  ✓   받기 단계 — 피드에서 빠진 글 칸은 지우고 · 판 표시·공통 그림 칸은 남긴다 · 같은 판이면 장부를 비우지 않는다
  ✓ ② ⓒ collect-scholarships.yml — PaddleOCR 설치·읽기 실패를 `|| true` 로 삼키지 않는다(경고를 남기고, 같은 단계의 --apply 는 계속)
  ✓ ② ⓒ rescue-bodies.yml — PaddleOCR 설치·읽기 실패를 `|| true` 로 삼키지 않는다(경고를 남기고, 같은 단계의 --apply 는 계속)
  ✓ ③ 받을 차례 — 처음 받는 것(7·8·13) → 첨부가 바뀐 것(10) · 받은 그대로(1~6)·마감 지남(9)·오늘 못 받아 쉬는 것(12)·자격 있는 것(14)은 없다
  ✓   서명 칸 없는 옛 색인(11)은 다시 받지 않고 서명만 채운다 · 받은 그대로 센 수
  ✓   하나도 못 받은 공고의 쉼 — 1·2·4·8·14일
  ✓ ③ 진짜 deepfetch --elig-attach — 받은 그대로(S)·마감 지남(X)은 안 받고, 첨부가 바뀐 것(C·D)과 처음(N)만 받는다
  ✓   🔴 받은 바이트가 같으면 파생 글자(.ocr.txt)를 지우지 않는다 · 다르면 그 파생만 지운다 · 다시 받지 않은 공고의 파생은 그대로 (bodies-5)
  ✓   색인 — 받은 공고에 파일·서명·날짜 · 서명이 새 첨부 목록으로 · 마감 지난 공고는 색인에 없다
  ✓   다음 실행은 아무것도 다시 받지 않는다(예전엔 매 실행 같은 공고를 다시 받으며 파생 글자를 지웠다)
  ✓ ④ 물러서기 — 받기 실패 3번 또는 껍데기 3번 · 껍데기 2번은 아직
  ✓   껍데기 세기 — 메뉴뿐이면 하나 더 · 본문이 오면 0 · 받기 실패는 껍데기가 아니다(실패는 fails 가 센다)
  ✓ ④ 진짜 deepfetch --fill — 껍데기 3번인 주소는 물러서 안 받고(회전 0자리) · 껍데기 2번인 주소는 받아 3번으로 · 본문이 온 주소는 껍데기 칸 없음
  ✓   받기 예산 — 예산(0.7초)이 지나면 다음 요청을 시작하지 않고 그때까지 받은 것을 저장한다(8건 중 일부만 · 저장된 수 = 받은 수)
  ✓   심층 수집 워크플로는 제 대기줄(deep-fetch) — 수집 대기줄(collector)과 합치지 않는다
  ✓ ⑤ OCR 후보 — 자격용 공고문 PDF 는 글자층이 있어도 읽는다 · 양식·그 밖의 PDF 는 글자층이 있으면 건너뛴다 · 글자층 없는 PDF 는 예전처럼 읽는다
  ✓ ⑥ 돈이 드는 단계 여섯은 대상이 0건이면 건너뛴다 · 무료 단계 넷은 그대로 돈다(받은 뒤에 대상이 생길 수 있다)
  ✓   대상 수 = 장학 본문 + 공고문 첨부 + 대외활동 (예전엔 첫 줄만 세어 첨부·대외활동만 있는 날 0 이었다)
  ✓ ⑦ 상세 화면 → 본문 한 칸 — 줄을 살린다(여러 줄) · 표식 browser · 한글 120자 미만이면 본문으로 치지 않는다
  ✓   클릭으로 연 화면을 그 행의 본문으로 — 상세가 열렸고 이 행 제목이 있으면(이전글·다음글 둘은 괜찮다) 남긴다 · 행 꼬리(공지·날짜·조회)는 뗀 제목
  ✓   🔴 남의 글을 붙이지 않는다 — 안 열렸으면 · 이 행 제목이 화면에 없으면 · 다른 행 제목이 셋 이상 보이면(아직 목록 화면) 남기지 않는다
  ✓   브라우저 수집기 배선 — 상세 방문과 클릭 두 길이 같은 함수 · 클릭 때 남긴 본문을 상세 루프가 저장(cd) · 뭉갠 글자로 본문을 만들지 않는다

✓ 로봇·도구 점검 관문 전부 통과

real	0m3.733s
user	0m1.371s
sys	0m0.297s
