
[A] 발송 서버가 없을 때 — 앱은 예전 그대로 동작해야 한다
  ✓ 동의 시트가 "아직 서버 없음"으로 정직하게 안내
  ✓ 설정 전에는 켜기 버튼이 없음 (헛된 기대를 주지 않음)
  ✓ 서버로 아무것도 보내지 않음
  ✓ 콘솔 오류 없음

[B] 발송 서버가 연결됐을 때 — 앱을 켜지 않아도 받기
  ✓ 동의 시트가 "앱을 켜지 않아도 도착"으로 안내
  ✓ 동의 한 번으로 발송 서버에 자동 등록됨
  ✓ 폰 주소가 전달됨
  ✓ 학교가 전달됨
  ✓ 서버로 나가는 항목은 endpoint·school·campus 3개뿐
  ✓ 이름·성적·소득구간·학번·연락처가 요청 본문에 없음
  ✓ userVisibleOnly로 구독 (받은 푸시는 반드시 눈에 보이게)
  ✓ VAPID 공개키가 규격 길이(65바이트)로 전달됨
  ✓ MY 상태 줄이 "켜짐"으로 말한다
  ✓ 무엇이 서버로 가는지 동의 시트에서 밝힘
  ✓ '앱을 켜지 않아도 받기' 스위치가 사라짐 — 알림을 켜면 자동으로 켜진다
  ✓ 등록이 비어 있으면 앱을 열 때 자동으로 등록됨 (pushEnsure)
  ✓ 브라우저 구독이 사라지면 다시 등록한다 (죽은 메모를 믿지 않음)
  ✓ 죽은 주소가 살아 있는 주소로 교체된다
  ✓ 갈아탄 옛 주소를 서버에서 지운다 (죽은 등록이 쌓이지 않음)
  ✓ 학교를 바꾸면 서버 등록도 갱신됨
  ✓ 알림을 통째로 끄면 푸시도 자동 해지
  ✓ 콘솔 오류 없음

✅ 진짜 푸시 · 앱(받는 쪽) 검증 전부 통과

