
[A] 알림을 허용하지 않은 사용자 — 앱이 정상 동작하고 알림함으로 대체된다
  ✓ 온보딩 직후 알림 동의 시트가 뜸
  ✓ 알림 종류 5가지를 미리 안내
  ✓ 전달 방식을 정직하게 안내
  ✓ 동의 시트에 장식용 원이 없다 (UI-5)
  ✓ 제목이 다른 시트와 같은 왼쪽 정렬이다
  ✓ '나중에'를 누르면 시트가 닫힘
  ✓ 새로고침해도 동의 시트가 다시 뜨지 않음 (최초 1회)
  ✓ MY에 알림 상태가 정직하게 표시됨
  ✓ MY에서 언제든 켤 수 있는 버튼 제공
  ✓ 권한 없으면 휴대폰 알림은 나가지 않음
  ✓ 휴대폰 알림 대신 앱 안 알림함에 1건 쌓임
  ✓ 콘솔 오류 없음

[B] 알림을 허용한 사용자 — 조건별 발송 · 알림함 · 설정
  ✓ '알림 받기'로 권한 획득 · 앱 스위치 ON
  ✓ 동의 여부를 기록해 다시 묻지 않음
  ✓ 서비스워커 등록됨 (알림 클릭·백그라운드 확인 경로)

  [조건 1·2] 새 공고 등록 / 마감 하루 전
  ✓ 조건 1 — 새 공고 알림 발생
  ✓ 조건 2 — 마감 하루 전 알림 발생
  ✓ 마감 알림 제목에 공고 이름과 "내일 마감" 표기
  ✓ 자격 미달 공고는 알리지 않음
  ✓ 휴대폰 알림이 실제로 호출됨 (2건)
  ✓ 알림에 열 화면 주소가 담김
  ✓ 같은 공고로 알림이 두 번 가지 않음 (새 공고 알림에 마감일이 이미 담겨 있으면 마감 알림 생략)
  ✓ 홈 종 아이콘 배지에 읽지 않음 2건 표시
  ✓ 알림함에 2건 표시
  ✓ 읽지 않은 알림이 강조 표시됨
  ✓ 알림함 제목에 이모지가 없다 (종류 아이콘은 SVG 로 한 번만)
  ✓ 종류 아이콘이 SVG 로 그려진다
  ✓ 알림을 누르면 그 공고 상세가 열림
  ✓ '모두 읽음' 후 배지가 사라짐
  ✓ Esc로 알림함 닫힘

  [설정] 항목별 켜기/끄기
  ✓ 알림 종류 5가지를 개별로 켜고 끌 수 있음
  ✓ MY 상태가 "켜짐"으로 바뀜
  ✓ 끈 설정이 새로고침 후에도 유지됨
  ✓ 마감 알림을 끄면 실제로 발송되지 않음

  [딥링크] 알림 클릭 → 해당 공고 열기
  ✓ 주소창이 원래대로 정리됨 (새로고침 때 재실행 방지)
  ✓ 내 프로필에 매칭된 실제 등록 공고가 있음
  ✓ 알림 주소로 열면 해당 공고 상세가 뜸
  ✓ 콘솔 오류 없음

✅ 알림 시스템 브라우저 검증 전부 통과

