✅ 입장 화면이 먼저 뜬다
✅ 열쇠 전에는 본 화면이 숨겨져 있다
✅ 열쇠 전에는 운영 현황 숫자가 전혀 보이지 않는다
✅ 열쇠가 틀리면 입장하지 못한다 — 열쇠가 올바르지 않거나 만료됐습니다.
✅ 올바른 열쇠로 입장
✅ 열쇠를 GitHub에 실제로 확인한다 (흉내가 아님)
✅ ① 오늘 할 일 화면이 그려진다
✅ ① 검수 전 건수가 실제 데이터와 같다 — 검수 전 84건
✅ 입장 화면에 열쇠 만료일 칸이 있다 (선택)
✅ 만료일을 안 적어 두면 「할 일」에 열쇠 카드가 올라온다
✅   카드가 「모른다」고 말한다 (지어내지 않는다)
✅   만료일을 적어 두면 남은 날을 센다 — 10일
      관리자 열쇠 (GitHub) 만료 임박
      적어 둔 만료일 2026-10-15. 지
✅   14일 안이면 임박이라고 부른다
✅   만료일은 열쇠가 있는 곳(이번엔 세션)에 같이 산다 — {"s":"2026-10-15","l":null,"keyS":true}
✅   적어 두는 일은 저장소에 아무것도 보내지 않는다
✅   80일 남았으면 카드가 아니라 정상 띠에 접힌다
✅ ② 공고 전체가 조건 없이 전부 보인다 — 180/180건
✅ ③ 컨펌 작업대에 검수 전 공고만 온다 — 84건
✅ ③ 미등록 피드가 함께 보인다
✅ ③ 이미 등록한 공고가 미등록으로 다시 올라오지 않는다 — 표시 80건 · 중복 0건
✅ ④ 양식 목록이 전부 보인다 — 56종
✅ ⑤ 수집망 화면이 그려진다
✅ ⑥ 데이터 품질 화면이 그려진다
✅ 전부 같은 상태면 줄마다 되풀이하지 않는다 — 84줄 중 상태를 되풀이한 줄 0
✅ 대신 머리줄에 한 번 적는다
✅ 한 줄 안에서 '마감일 없음' 을 두 번 말하지 않는다 — 0줄
✅ 같은 원인은 한 줄로 묶는다 — 원인 3가지 / 지적 30건
✅ 로봇이 고칠 수 있는 원인에는 그 자리에 버튼이 있다
✅ 화면이 '파일을 고쳐서 push 하라'고 시키지 않는다
✅ 오늘 할 일 — 0건은 카드로 자리를 먹지 않는다
✅ 할 일(데이터 품질 포함) — 0건은 카드로 자리를 먹지 않는다
✅ ⑦ 인스타 화면에 게시 대기·판형·트랙션·댓글 구획이 다 있다
✅ ⑦ 판형이 번호 전부 보인다 — 4/4벌
✅ ⑦ 1번 사진 배경 이 번호와 함께 적힌다
✅ ⑦ 2번 카카오톡 대화 이 번호와 함께 적힌다
✅ ⑦ 3번 굿노트 필기 이 번호와 함께 적힌다
✅ ⑦ 4번 포스터 이 번호와 함께 적힌다
✅ ⑦ 게시 대기 카드에 게시 버튼이 있다 — 167건
✅ ⑦ 게시 버튼이 먼저 확인 시트를 연다
✅ ⑦ 확인 전에는 워크플로를 깨우지 않는다
✅ ⑦ 카드 보기 시트에 그림 줄과 캡션이 있다
✅ ⑦ 판형 고르기에 번호가 전부 있다 — 4개
✅ ⑥ 지원 자격 미확보 건수를 센다
✅ ⑥ 그 건수가 실제 데이터와 같다 — 25건
✅ 원문 대조 — 왼쪽에 앱1 내용
✅ 원문 대조 — 오른쪽에 공고 원문
✅ 원문 발췌가 그대로 표시된다
✅ 상세에서 바로 고칠 수 있다 — 17개 항목
✅ 화면으로 보내는 버튼이 전부 살아 있는 화면을 가리킨다 — review,review,todo,todo,robots,list,robots
✅ 모르는 화면 이름을 눌러도 빈 화면에 갇히지 않는다 — 보이는 화면 1개
✅ 화면 안에 같은 id 가 두 번 나오지 않는다 — 없음
✅ '성공' 알약이 보통 알약과 다른 색이다 — rgb(233, 239, 232)
✅ 다시 열면 모아 둔 수정이 그대로 보인다 — 리뷰 확인용 메모
✅ 모르는 칸이 맨 위에 선다 (배지로 알리지 않고 그 자리를 준다)
✅ 그 칸이 다른 칸보다 먼저 온다 — 17칸 중 1번째
✅ 넓은 화면에서 원문 읽는 폭이 넉넉하다 — 569px
✅ 다음 공고로 바로 넘어간다
✅ 넘어갈 때 시트가 닫히지 않는다
✅ 저장해 둔 공고 원문을 읽어 온다 — {"state":"ready","all":180,"withSrc":121,"noExc":96,"noExcWithSrc":39}
✅ 등록 공고 상당수에 저장해 둔 원문이 붙는다 — 121/180건
✅ 발췌가 없던 공고에도 읽을 원문이 생긴다 (새 탭 왕복이 사라지는 자리) — 39/96건
✅ 그 공고를 열면 원문 글자가 실제로 보인다 — 874자
✅ 양식 56종 전부 문서 생성 성공
✅ 양식 목록 줄마다 미리보기 버튼이 보인다 — 버튼 56 / 줄 56
✅ 미리보기를 열 양식을 골랐다 — auto-가송재단-apply
✅ 양식 화면에서 생성 문서 미리보기가 뜬다 — 318자
✅ 양식 미리보기 시트에 원본 링크가 있다 — 1개 · 공고가 연결된 양식 1종
✅ 양식 목록 줄에 원문·첨부 링크가 있다 — 46개
✅ 상태 분류가 실제로 걸러 낸다 — 검수 전 84건
✅ 나머지 필터는 접어 둔다
✅ 필터 더보기는 기본이 닫힘
✅ 학교 분류가 실제로 걸러 낸다 (한국외국어대학교) — 25/25건
✅ 걸려 있는 필터가 목록 위에 태그로 보인다
✅ 필터를 고른 뒤에도 펼친 상태가 유지된다
✅ 태그를 누르면 그 필터가 풀린다
✅ 펼치자마자 골라도 접히지 않는다 (toggle 을 앞질러 다시 그려도)
✅ 컨펌 작업대의 줄마다 선택 네모가 있다
✅ 아무것도 안 골랐을 땐 선택 바가 없다
✅ 하나 고르면 선택 바가 나타난다
✅ 네모를 눌러도 상세 시트가 열리지 않는다
✅ 마감 임박만 고르기가 여러 건을 선택한다 — 30건
✅ 실행 전에 대상 목록을 실제로 보여 준다 — 30건 표시
✅ 다중 선택이 실제로 여러 id를 보낸다 — 보낸 id 30개
✅ 보내는 동작 이름이 confirm이다
✅ 미등록 공고 줄에 등록 버튼이 있다
✅ 등록 시트에 수집된 제목이 미리 채워진다
✅ 왼쪽 앱1 내용 · 오른쪽 공고 원문 두 칸으로 대조한다
✅ 금액은 비워 둔다 (지어내지 않는다)
✅ 등록 동작을 보낸다
✅ 보내는 내용에 공고 원문 주소가 들어 있다
✅ 보내는 내용에 제목이 들어 있다
✅ 확인하지 않은 금액은 보내지 않는다
✅ 더 보기를 누르면 잘려 있던 줄이 실제로 늘어난다 — 166 → 216줄
✅ 🚨 경보를 맨 위에 보여 준다
✅ 🔧 조치 요청도 함께 보여 준다
✅ 수집 리포트는 접어 둔다 (경보가 묻히지 않게)
✅ 탭 배지가 경보 건수를 센다 (리포트는 안 센다)
✅ 로봇 16종 이상에 실행 버튼이 있다
✅ 로봇 줄마다 마지막 실행이 적힌다 — 33/33줄
✅ 마지막 실행을 글자로 말한다 (색만으로 말하지 않는다)
✅ 못 읽었을 때 '성공'으로 위장하지 않는다
✅ 수집망 내용이 로봇 화면 안에 있다
✅ 리포트 버튼이 있다 — 7종
✅ 리포트 버튼이 가리키는 파일을 로봇이 실제로 저장한다
✅ 입력이 필요한 로봇에 입력칸이 붙어 있다 — 7종 · 전부 일치
✅ 양식 변환 API가 멈추면 화면이 알린다 (리포트와 화면이 어긋나지 않는다) — 리포트에 실패 없음
✅ 푸시 서버 상태와 그 한계를 함께 보여 준다
✅ 푸시 상태를 못 읽으면 정상으로 보지 말라고 말한다
✅ 로봇 소식을 못 읽으면 그렇다고 말한다 (조용히 비우지 않는다)
✅ 목록 줄에 초점이 가고 Enter로 상세가 열린다 — sent
✅ 시트가 대화상자로 알려진다 (aria-modal)
✅ 시트를 열면 초점이 시트 안으로 들어간다
✅ 시트 안에서 Tab이 뒤 화면으로 새지 않는다 — kept
✅ 시트를 닫으면 초점이 원래 줄로 돌아온다
✅ 지금 보고 있는 탭이 aria-selected로 표시된다
✅ 좌우 화살표로 탭을 넘길 수 있다
✅ 진행·알림 표시가 읽어 주기에 잡힌다 (aria-live)
✅ 정렬 버튼이 있다
✅ 같은 정렬을 다시 누르면 방향이 뒤집힌다 — (글로벌)(교외) 2026 ↔ 한미 첨단분야 청년교류 지
✅ 마감 임박순에서 기한 미확인이 맨 위에 오지 않는다
✅ 되돌리기에 브라우저 기본 confirm을 쓰지 않는다
✅ 되돌리기 확인 화면이 무엇을 하는지 보여 준다
✅ 어느 공고인지 목록으로 보여 준다
✅ 밝기 전환 버튼이 없다 (앱1과 같은 밝은 화면 한 벌)
✅ 화면에 밝기 속성이 붙지 않는다
✅ 시트 내용이 넘치면 시트가 실제로 스크롤된다
✅ 맨 아래 칸이 눌리지 않는다 (이 양식을 쓰는 공고) — 높이 86px
✅ 선택 바가 화면에 고정된다
✅ 선택 바가 헤더 뒤로 숨지 않는다
✅ 선택 바가 화면 안에 보인다
✅ 안내 문구가 실제 위치와 맞다
✅ 고른 뒤에도 화면 제목 밑줄이 남는다 — {"under":"96.7344px","rule":"0px"}
✅ 고른 뒤에도 화면 제목 위에 줄이 안 생긴다 — {"under":"96.7344px","rule":"0px"}
✅ 탭을 연 직후에도 선택 바가 화면 안에 있다 — {"inView":true,"bottom":888,"screenTransform":"none"}
✅   화면에 transform 이 없다 (있으면 화면 안의 fixed 가 전부 기준을 잃는다) — {"inView":true,"bottom":888,"screenTransform":"none"}
✅ 유리(머리줄·구획 머리) 안에 화면 고정 요소가 없다 — []
✅ 구획 머리 글자가 줄 제목과 같은 자리에 선다 — {"head":82,"row":82}
✅   촘촘히 볼 때도 같다 (밀도를 바꿔도 제목이 옆으로 안 움직인다) — {"head":78,"row":78}
✅ 제목이 선 두 개 사이에 끼지 않는다 — []
✅ 자격을 화면에서 고칠 수 있다 (읽기 전용이 아니다)
✅ '제한 없음을 확인했다' 체크칸이 있다
✅ 저장을 눌러도 아직 보내지 않는다 (모아 뒀다가 한 번에)
✅ 모아 둔 수정이 있다고 화면이 말한다
✅ 「한꺼번에 반영」도 바로 보내지 않는다 — 먼저 무엇이 바뀌는지 보여 준다
✅ 바뀌는 칸을 전후로 보여 준다 — 2칸
✅ 보여 주는 칸 수가 저장소가 실제로 바꾸는 칸 수와 같다 (보낸 키를 다 늘어놓지 않는다) — 화면 2 / Node 계산 2 / 보낸 키 22
✅   (보낸 키가 바뀌는 칸보다 많다 — 이 검사가 헛돌지 않는다) — 22 > 2
✅ 여러 건을 한 번에 보낼 수 있는 모양으로 나간다 — 1건
✅ 기계 판정용 값이 eligibility로 간다
✅ 사람이 읽는 문장은 eligibilityLines로 따로 간다 — 8줄
✅ 기계 판정칸에 긴 자유 문장이 섞이지 않는다
✅ '제한 없음 확인' 여부를 함께 보낸다
✅ 스키마화 대기 줄마다 그만 시도 버튼이 있다 — 87건
✅ 멈추기 전에 무슨 일이 생기는지 알려 준다
✅ 스키마를 화면에서 만들지 않는 이유를 밝힌다
✅ 정렬을 바꿔도 훑던 자리를 잃지 않는다 — 900 → 900
✅ 검색 중에 초점과 커서 자리가 유지된다 — {"focused":true,"v":"장학","pos":2}
✅ 마감 임박순에서는 기한 구획으로 나뉜다 — 6구획
✅ 마감 임박순에서 끝난 공고가 맨 위에 오지 않는다 — 오늘·내일 → 이번 → 이번 → 그 → 기한 → 마감
✅ '마감 지남' 은 맨 아래 구획이다
✅ 구획으로 나눠도 공고가 한 건도 사라지지 않는다 — 180/180건
✅ 구획 제목은 스크롤 중에도 화면에 남는다 — sticky
✅ 제목순에서는 구획을 만들지 않는다 (기한 구획이 뜻을 잃으므로)
✅ 촘촘하게를 켜면 줄 간격이 실제로 줄어든다 — 16px → 8px
✅ 촘촘하게가 글자를 작게 만들지는 않는다 (대비·치수 규칙 유지) — 17px
✅ 고른 밀도가 기기에 남는다
✅ 좁은 화면에서 실제로 넘치는 표가 있다 (검사가 헛돌지 않는다) — 6/9개
✅ 표가 넘칠 때만 옆으로 밀라고 안내한다 (안 넘치면 안 붙는다) — {"todo":[{"over":true,"hint":true},{"over":true,"hint":true}],"list":[],"listForms":[{"over":true,"hint":true},{"over":true,"hint":true},{"over":true,"hint":true},{"over":true,"hint":true}],"review":[],"robots":[{"over":false,"hint":false},{"over":false,"hint":false},{"over":false,"hint":false}]}
✅ 시트 아래 버튼 줄이 화면에 붙어 있다 — sticky
✅ 시트를 맨 위로 올려도 저장 버튼이 보인다 — {"pos":"sticky","atTop":147.78125,"visibleAtTop":true,"atEnd":147.78125}
✅ 데이터를 못 읽으면 화면 맨 위에 경고가 뜬다 — shown
✅ 주소 없이 누르면 실행하지 않고 알려 준다
✅ http 가 아닌 주소도 막는다
✅ 지금 보는 화면이 주소에 남는다 — #robots
✅ 주소의 화면 이름으로 그 화면이 열린다
✅ 없어진 옛 화면 이름으로 들어와도 빈 화면에 갇히지 않는다
✅ 경고 줄에 고치는 로봇 버튼이 있다 — 4개 · 원인 3가지
✅ '파일을 고쳐서 push 하세요' 같은 말이 없다
✅ 돈이 나가는 로봇은 금액을 글자로 한 번 더 말한다
✅ 눈에 띄는 버튼은 '시범 3건만' 으로 부른다 (기본값 '전부' 가 그대로 나가지 않는다) — {"mode":"시범 3건만"}
✅ 흐린 버튼만 '전부' 로 부른다
✅ 심층 수집은 지금 걸린 공고 제목을 보낸다 (워크플로 기본값이 그대로 나가지 않는다) — 미래의동반자재단 장학생 선발 (주한미국상공회의소)
✅ 교외인데 한 학교에만 보이는 공고를 전부 줄로 보여 준다 — 화면 100 / 계산 100
✅ 🔴 한 번도 안 나온 건수가 화면과 저장소 계산에서 같다 (메뉴를 걷어내고 센다) — 화면 38 / 계산 38
✅ 원문이 없어 못 센 건수도 같다 — 화면 21 / 계산 21
✅ 원문이 없는 줄은 「셀 수 없습니다」라고만 적는다 (안 세어 본 것을 0으로 적지 않는다) — 21줄
✅ 한 번도 안 나온 줄은 본문 글자 수와 함께 그렇게 적는다 — 38줄
✅ 화면이 「전국이다/아니다」를 단정하지 않는다
✅ 누가 정하는지 화면이 말한다
✅ 먼저 고쳐 둔 마감일이 살아 있다 (덮어쓰기 병합) — {"id":"reg-hufs-yuheungsu","deadline":"2026-12-31","elig":{"selective":true}}
✅ 학교 한정이 빠진다
✅ 다른 자격 칸은 그대로 남는다
✅ C2 로 모아 둔 것도 전후 대조에 그대로 뜬다
✅ 고른 만큼 한 번에 나간다 — 2건
✅ 나가는 payload 의 자격에 학교 한정이 없다 — {"selective":true}
✅ 나가는 payload 에 다른 자격 칸은 남아 있다
✅ 앞선 반영이 끝나 화면이 잠겨 있지 않다 (안 끝나면 아래가 엉뚱한 이유로 빨간불이 된다)
✅ 마감을 모르는 공고를 전부 줄로 보여 준다 — 화면 20 / 데이터 20
✅   이 절이 조용해지지 않는다 (드라이버가 픽스처를 스스로 주입한다) — 20줄
✅ 화면이 날짜를 짐작하지 않는다고 말한다 (누가 적는지도)
✅   날짜 칸이 비어서 시작한다 (미리 채워 넣지 않는다)
✅   줄마다 원문·첨부 링크가 있다 — 20/20
✅ 적어 두기가 모아 둔 수정에 마감일로 들어간다 — {"deadline":"2026-12-31"}
✅   모아 둔 수정 줄이 뜬다
✅   줄에 적어 둔 날짜가 보인다
✅   적어 둔 뒤에도 줄 수가 그대로다 (저장 전엔 사라지지 않는다)
✅   한 줄을 적어 둬도 다른 줄에 쳐 둔 날짜는 그대로 있다
✅   빈 값으로 누르면 먼저 적어 둔 것을 지우지 않는다
✅   전후 대조에 마감일 줄이 뜬다
✅   나가는 payload 에 마감일이 실린다 (저장소가 관리자 표식을 붙인다) — {"deadline":"2026-12-31"}
✅ 금액을 모르는 공고를 전부 줄로 보여 준다 (마감 지난 것은 뺀다) — 화면 24 / 데이터 24
✅   이 절이 조용해지지 않는다 (드라이버가 픽스처를 스스로 주입한다) — 24줄
✅ 화면이 금액을 짐작하지 않는다고 말한다 (단위도 적는다)
✅   숫자 한 칸으로 못 적는 공고는 비워 두라고 말한다 (0원이 지어낸 숫자보다 낫다)
✅   금액 칸이 비어서 시작한다 (미리 채워 넣지 않는다)
✅   줄마다 원문·첨부 링크가 있다 — 24/24
✅   만원 칸에 원 단위를 치면 적히지 않는다 (300억이 될 뻔한 자리)
✅ 적어 두기가 만원을 원으로 바꿔 모아 둔다 — {"amountValue":3000000}
✅   줄에 적어 둔 금액이 보인다
✅   적어 둔 뒤에도 줄 수가 그대로다 (저장 전엔 사라지지 않는다)
✅   한 줄을 적어 둬도 다른 줄에 쳐 둔 숫자는 그대로 있다
✅   전후 대조가 카드 문구까지 예고한다 (숫자만 고치면 감사가 묶음을 되돌린다)
✅   나가는 payload 에 금액이 원 단위로 실린다 — {"amountValue":3000000}
✅ 저장 때 막히는 값은 그 줄이 빨갛게 뜬다
✅ 막힌 값이 있으면 보내기 버튼이 잠긴다 (한 줄이 묶음 전체를 죽이지 않게)
✅ 잠긴 버튼을 눌러도 아무것도 나가지 않는다
✅ 「소식」 탭 — 출처 줄 수가 news-sources.json 과 같다 — 44 / 44
✅   탭 배지 = 게시판 주소가 없는 학교 수 — 0 / 0
✅   출처 추가 칸이 있다
✅ 「활동」 탭 — 글 수가 화면이 받은 목록(숨긴 글 제외)과 같다 — 199 / 199
✅   탭 배지도 같은 수 — 199
✅   숨긴 글은 접힌 칸에 따로 — 1
✅   공모전 칩이 실제로 거른다 — 68
✅   출처 줄 수가 activity-sources.json 과 같다 — 22 / 22
✅   숨기기 전에 그 글을 보여 준다
✅   숨기기가 activityHide 와 그 글의 주소를 보낸다 — {"action":"activityHide","payload":"{\"urls\":[\"https://www.k-startup.go.kr/web/contents/bizpbanc-ongoing.do?schM=view&
✅   집계 사이트 주소는 출처 추가가 나가지 않는다
✅ 원문 링크 — 「할 일」에 「원문 링크 손볼 것」 카드가 있다
✅   정식 등록 목록 표식 — ① 묶음 · 학생이 지금 보는 이름(「게시판 목록 ↗」) — {"group":"marker","label":"학생이 지금 보는 링크: 「게시판 목록 ↗」 · 목록에서 찾을 제목: 검사용","now":"noreferrer noopener"}
✅   층2 재단 — ④ 묶음 · 「재단 홈페이지 ↗」 — {"group":"kosaf","label":"학생이 지금 보는 링크: 「재단 홈페이지 ↗」","now":"noreferrer noopener"}
✅   교내 소식 목록 표식 — 학교별 소식 파일까지 읽어 ① 묶음에 든다 — {"group":"marker","label":"학생이 지금 보는 링크: 「게시판 목록 ↗」 · 목록에서 찾을 제목: 소식","now":"noreferrer noopener"}
✅   로봇이 확정한 문제 — ⑤ 묶음 · 「(확인 필요)」 — {"group":"bad","label":"학생이 지금 보는 링크: 「원문 공고(확인 필요) ↗」 — 이 주소에서 이 공고가 보이지 않았어요 (2026-10-03 확인) — 게시판에서 제목으로 찾아 주세요.","now":"noreferrer noopener"}
✅   「지금 링크 열기」는 학생처럼 리퍼러 없이 연다
✅   목록 표식(#n-) 주소를 붙여 넣으면 화면이 막는다 — 모아 두지 않는다 — 게시판 목록 표식(#n-)이 붙은 주소입니다 — 목록이 아니라 그 글을 열고 주소창의 주소를 넣어 주세요
✅   보통 글 주소는 모아 둔다 — 「원문 주소」 줄이 뜬다(공고 수정과 다른 장부)
✅   반영 전에 시트가 지금 주소 → 새 주소 · 학생 이름 「게시판 목록」 → 「원문 공고」를 보여 준다(아직 안 보냄)
✅   나가는 요청 = linkFix · 그 공고 · 지금 주소(from) · 새 주소 (누가는 저장소가 정한다 — 보내지 않는다) — {"action":"linkFix","payload":"{\"fixes\":[{\"ds\":\"registered\",\"id\":\"verify-linkfix-reg\",\"from\":\"https://example.ac.kr/bbs/list.do#n-%EA%B2%80%EC%82%AC%EC%9A%A9\",\"url\":\"https://example.a
✅   반영이 끝나면 모아 둔 것을 비운다
✅ 콘솔·페이지 오류 없음
✅ 못 읽은 파일을 읽기 쪽이 실제로 장부에 적는다 (조용한 읽기로 옮기면 여기서 걸린다) — ["collector/schools.json"]
✅ 화면 맨 위에 경고가 뜬다
✅   아래 숫자를 믿지 말라고 말한다
✅   어느 파일을 못 읽었는지 이름을 댄다 (사람이 고칠 수 있게)
✅ 파일에서 센 숫자를 말할 때는 경고가 함께 떠 있다 (0곳을 맨몸으로 말하지 않는다) — {"zero":true,"warned":true}
✅   (못 읽으면 실제로 0이 된다 — 이 검사가 헛돌지 않는다) — {"zero":true,"warned":true}
✅ 다시 읽히면 경고가 스스로 걷힌다 — {"failed":0,"hidden":true}
✅ 콘솔·페이지 오류 없음 (다시 연 뒤에도)
✅ 열쇠 지우기를 누르면 기기에서 실제로 사라진다
✅   적어 둔 만료일도 같이 사라진다 (다음 열쇠에 옛 날짜가 붙지 않게)

✅ 관리자 페이지 검증 통과
