
■ 보내도 되는 경우
  ✓ 자격을 채운 학생은 통과한다
  ✓ 🔴 보낼 주소는 **공고에서** 나온다

■ 🔴 변조 — 막아야 하는 것
  ✓ 🔴 클라이언트가 준 받는 주소를 무시한다 (아무 .ac.kr 로나 보내지지 않는다)
  ✓ 모르는 공고는 막는다
  ✓ 자격 미달은 막는다
  ✓ 마감된 공고는 막는다
  ✓ 접수 주소의 근거 문장이 없으면 막는다
  ✓ 🔴 남의 학교 한정 공고는 막는다
  ✓ 서버에 프로필이 없으면 막는다
  ✓ 공고를 안 지정하면 막는다

■ 🔴 조작한 프로필로 자격을 맞힐 수 없다 (2026-09-26)
  ✓ 🔴 본문에 성적을 올려 적어도 통과하지 않는다
  ✓   이유는 자격 미달로 나온다
  ✓ 🔴 본문이 미달이어도 서버 사본이 적합하면 보낸다 (본문을 안 본다)
  ✓ 🔴 본문에 학교를 바꿔 적어도 통과하지 않는다
  ✓ 🔴 apply-guard 가 payload.profile 을 읽지 않는다
  ✓ 워커가 서버 사본을 읽어 온다
  ✓ 판정에 그 사본을 넘긴다
  ✓ 민감정보 동의가 없으면 특별자격 공고는 막는다
  ✓ 🔴 그 이유를 "자격 미달"이 아니라 "확인할 수 없다"로 말한다
  ✓   무엇을 하면 되는지 알려 준다
  ✓ 🔴 외국어성적 미달은 "확인할 수 없다"가 아니라 자격 미달이다
  ✓   동의를 켰는데 정말 없으면 자격 미달이다

■ 🔴 있을 수 없는 값 · DB 제약과 같은 숫자인가 (2026-09-26 · Q6)
  ✓ 🔴 성적 999 은 판정 전에 막는다
  ✓ 🔴 성적 4.6 (4.5 초과) 은 판정 전에 막는다
  ✓ 🔴 성적 음수 은 판정 전에 막는다
  ✓ 🔴 학년 99 은 판정 전에 막는다
  ✓ 🔴 학자금지원구간 99 은 판정 전에 막는다
  ✓ 🔴 이수학점 999999 은 판정 전에 막는다
  ✓ 🔴 이수학점 31 (30 초과) 은 판정 전에 막는다
  ✓ 🔴 출생연도 3000 (나이가 음수가 된다) 은 판정 전에 막는다
  ✓ 🔴 성적 '사점일' (숫자로 못 읽는다) 은 판정 전에 막는다
  ✓ 🔴 성적이 객체 은 판정 전에 막는다
  ✓   학년을 안 골랐다(0) 은 막지 않는다
  ✓   소득구간 0 은 막지 않는다
  ✓   성적 0.0 (진짜 0 이다) 은 막지 않는다
  ✓   성적 4.5 (경계) 은 막지 않는다
  ✓   전부 모른다 은 막지 않는다
  ✓   이수학점 0 (진짜 0 이다) 은 막지 않는다
  ✓   이수학점 30 (경계) 은 막지 않는다
  ✓   출생연도 1940 (경계) 은 막지 않는다
  ✓   이수학점·출생연도를 안 적었다 은 막지 않는다
  ✓ 안 적은 것은 '모른다'라 막지 않는다
  ✓ 🔴 숫자로 못 읽는 값은 막는다 (엔진은 그것을 *충족* 으로 읽는다 — 실측)
  ✓ 숫자로 적힌 문자열은 막지 않는다 (앱이 그렇게 보낼 수도 있다)
  ✓ 🔴 학년 범위가 0004 의 CHECK 와 같다
  ✓ 🔴 소득구간 범위가 0004 의 CHECK 와 같다
  ✓ 🔴 성적 범위가 0004 의 CHECK 와 같다
  ✓ 🔴 이수학점 범위가 0004 의 CHECK 와 같다
  ✓ 🔴 출생연도 범위가 0004 의 CHECK 와 같다
  ✓ 범위를 재는 칸이 다섯이다 (늘렸으면 SQL·관문도 같이 늘린다)

■ 판정을 베끼지 않았는가 (갈라지면 화면과 서버가 다른 말을 한다)
  ✓ 앱과 같은 match-engine 을 불러 쓴다
  ✓ 자격 판정은 evaluate 로 한다
  ✓ 학교 범위도 같은 함수로 본다
  ✓ 🔴 '자격을 못 읽은 공고'는 보내도 되는 것이 아니다
  ✓ 워커가 관문을 실제로 부른다
  ✓ 🔴 워커가 보내는 주소는 관문이 고른 것이다
  ✓ 워커가 클라이언트의 to 를 쓰지 않는다
  ✓ 열쇠가 없으면 보내는 척하지 않는다

■ 마감 판정 (날짜끼리 · 당일은 살아 있다)
  ✓ 지난 마감은 지났다
  ✓ 남은 마감은 안 지났다
  ✓ 마감을 못 읽은 공고를 이 줄로 막지 않는다

■ 발송 기록 · 바운스 (2026-09-26 · Q5 D+30)
  ✓ 🔴 발신 주소를 코드에 박아 두지 않는다
  ✓ 발신 도메인이 없으면 보내지 않는다 (스팸으로 버려지거나 반송된다)
  ✓ 기록을 남길 수 없으면 대신 보내지 않는다
  ✓ 🔴 누가 냈는지를 클라이언트 말로 믿지 않는다 (토큰을 서버가 확인)
  ✓ 요청 본문의 user_id 를 쓰지 않는다
  ✓ 기록은 발송 **뒤에** 한다
  ✓ 발송이 실패하면 실패로 적는다
  ✓ 맞는 서명은 통과한다
  ✓ 🔴 틀린 서명은 막는다
  ✓ 🔴 본문이 바뀌면 막는다
  ✓ 🔴 오래된 요청은 막는다 (되받아치기)
  ✓ 열쇠가 없으면 막는다
  ✓ 서명이 여럿이면 하나만 맞아도 통과한다 (열쇠 교체 중)
  ✓ 워커가 서명을 확인하고, 아니면 401
  ✓ 반송은 bounced 로
  ✓ 지연은 아직 실패가 아니다
  ✓ 모르는 사건은 반영하지 않는다
  ✓   🔴 프로토타입 이름을 사건으로 받지 않는다 (constructor)
  ✓   🔴 프로토타입 이름을 사건으로 받지 않는다 (toString)
  ✓   🔴 프로토타입 이름을 사건으로 받지 않는다 (__proto__)
  ✓   🔴 프로토타입 이름을 사건으로 받지 않는다 (hasOwnProperty)
  ✓ 🔴 망가진 열쇠에 터지지 않고 막는다
  ✓ 🔴 CORS 가 Authorization 을 허용한다 (안 열면 학생을 영영 못 알아본다)
  ✓ RLS 를 켠다
  ✓ 읽기 정책이 있다
  ✓ 🔴 넣기·고치기·지우기 정책을 만들지 않는다 (학생이 증빙을 조작할 수 없다)
  ✓ service_role 열쇠를 파일에 적지 않는다
  ✓ 🔴 학생이 쓴 글·민감정보를 담지 않는다 (formAns)
  ✓ 🔴 학생이 쓴 글·민감정보를 담지 않는다 (docs)
  ✓ 🔴 학생이 쓴 글·민감정보를 담지 않는다 (essay)
  ✓ 🔴 학생이 쓴 글·민감정보를 담지 않는다 (rrn)
  ✓ 🔴 학생이 쓴 글·민감정보를 담지 않는다 (account)

✓ 접수 대행 재검증 관문 통과
