
[1) 빈칸 [ ] 세기]
  ✓ [ ] 하나를 센다
  ✓ [] 와 [   ] 를 모두 센다
  ✓ 🔴 이름 붙은 자리 표시 [봉사 기관명] 도 빈칸이다
  ✓ 이름 붙은 자리 표시를 여러 개 센다
  ✓ 숫자가 든 대괄호는 빈칸이 아니다 (붙임2)
  ✓ 한글이 없는 대괄호는 빈칸이 아니다
  ✓ 너무 긴 대괄호는 자리 표시가 아니다
  ✓ 🔴 소제목 [성장 과정] 은 막지 않는다
  ✓ 소제목 [지원 동기] 는 막지 않는다
  ✓ 소제목 [학업 계획] 은 막지 않는다
  ✓ [활동 시간] 은 자리 표시다
  ✓ 소제목은 짚어는 준다(warn)
  ✓ 소제목만 있으면 block 이 아니라 warn
  ✓ 🔴 소제목이 있다고 제출을 막지 않는다

[2) 문체 혼용]
  ✓ 합니다체+해요체가 섞이면 잡는다
  ✓ 합니다체만이면 안 잡는다
  ✓ 해요체만이면 안 잡는다
  ✓ 빈 글은 혼용이 아니다
  ✓ 형식체 + 요-끝 명사(중요)는 혼용이 아니다
  ✓ 형식체 + 진짜 해요체(지원해요)는 혼용으로 잡는다

[3) 블라인드 유출 — 학교명·별칭]
  ✓ 정식 명칭은 막는다(block)
  ✓ 짧은 별칭 "외대"는 짚어만 준다(warn) — "해외대학"과 겹친다
  ✓ 짧은 별칭으로는 막지 않는다
  ✓ 학교 이름이 없으면 둘 다 빈 배열
  ✓ '아주 오랜 시간 준비했습니다' 를 막지 않는다 (아주)
  ✓ '중대한 결정을 내렸습니다' 를 막지 않는다 (중대)
  ✓ '이대로 포기할 수 없었습니다' 를 막지 않는다 (이대)
  ✓ '숙명처럼 느껴졌습니다' 를 막지 않는다 (숙명)
  ✓ '한동안 힘들었습니다' 를 막지 않는다 (한동)
  ✓ '부대끼며 배웠습니다' 를 막지 않는다 (부대)
  ✓ '성대하게 치러졌습니다' 를 막지 않는다 (성대)
  ✓ '고대하던'을 학교(고대)로 오해해 막지 않는다

[4) 재단 정렬 — foundationFocus 반영]
  ✓ 재단이 보는 것이 글에 있으면 빠진 것 없음([])
  ✓ 없으면 빠진 항목을 돌려준다
  ✓ 공고가 밝힌 것이 없으면 판정 안 함(null)

[5) 점검표 조립 — 막을 것을 막는가]
  ✓ 빈칸 [ ] 이 있으면 block
  ✓ 이름 붙은 자리도 block 이다
  ✓ 찾은 자리를 그대로 보여 준다
  ✓ 이름 붙은 자리가 있으면 제출 불가
  ✓ ① 빈칸이 있으면 제출 불가(submittable=false)
  ✓ 블라인드 공고에 정식 명칭이 남으면 block
  ✓ ① 블라인드 유출이면 제출 불가
  ✓ 짧은 별칭은 warn 이다 (block 아님)
  ✓ 짧은 별칭만으로는 제출을 막지 않는다
  ✓ 빈 글에는 "담겨 있어요/통일돼 있어요"라고 말하지 않는다
  ✓ 빈 글은 제출 가능 ✅ 이 아니다
  ✓ ③ 블라인드 공고가 아니면 블라인드 줄이 없다

[6) 제안(warn)은 제출을 막지 않는가]
  ✓ ② 분량·직접이야기·재단정렬은 제출을 막지 않는다
  ✓ 분량이 warn 으로 뜬다
  ✓ 직접 이야기 없음이 warn
  ✓ 재단 정렬 빠짐이 warn
  ✓ warn 이 있으면 allPass=false

[7) 전부 통과 — 제출 가능]
  ✓ 막을 것·제안 모두 없으면 allPass=true (제출 가능 ✅)
  ✓ submittable=true

[8) 빈 자소서는 제출 가능이 아니다 (분량 줄이 잡는다)]
  ✓ 빈 칸이면 분량 줄이 warn (essay-quality 가 빈 글을 통과시켜도)
  ✓ 빈 자소서는 allPass=false — "제출 가능 ✅"이 안 뜬다
  ✓ 다만 막지는 않는다 — 손으로 채울 수도 있으니(warn)

[9) 빈 입력에도 안 죽는다]
  ✓ 필드가 없어도 결과 객체를 돌려준다

[10) 조사 — 문장이 어색하지 않은가]
  ✓ 받침 있는 낱말에는 을
  ✓ 받침 없는 낱말에는 를
  ✓ 대괄호로 끝나도 마지막 한글로 고른다
  ✓ 한글이 없으면 받침 없는 쪽
  ✓ 재단 정렬 문구의 조사가 맞다

✓ 통과 63 · 실패 0
