
[1] 첫 실행(baseline) — 기존 공고를 새 공고라며 쏟아내지 않는다
  ✓ 첫 동기화는 알림 0건
  ✓ baseline 표시됨
  ✓ 기존 공고 3건을 기억함

[2] 새 공고 알림 — 조건 1
  ✓ 새 공고 1건 알림
  ✓ 공고 이름이 제목에 들어감
  ✓ 알림을 누르면 해당 공고로

[3] 같은 공고를 두 번 알리지 않는다
  ✓ 재실행 시 0건

[4] 자격 미달·마감 지난 공고는 알리지 않는다
  ✓ 요건 미충족·마감·타교·상시제도 전부 제외

[5] 새 공고가 4건 이상이면 묶음 1건으로
  ✓ 묶음 알림 1건

[6] 마감 하루 전 · 마감 당일 (개발자 요구사항 2)
  ✓ D-1과 D-DAY만 알림 (D-2·D-7은 조용)
  ✓ 키가 정확함
  ✓ D-1 문구
  ✓ D-DAY 문구

[7] 이미 제출을 기록한 공고는 마감 재촉을 하지 않는다
  ✓ 제출 기록된 d1은 제외

[8] 제출 리마인드 — 준비만 하고 제출 기록이 없는 공고
  ✓ 마감 3일 이내인 p1만 리마인드

[9] 결과 기록 리마인드 — 제출 + 마감 2주 경과
  ✓ 마감 20일 지난 r1만 리마인드

[10] 우리 학교 실시간 공고 — 내 학교만 · 대출은 제외 · 묶음 1건
  ✓ 내 학교 장학 공고 2건만 묶음

[11] 항목별 끄기(prefs)가 실제로 먹는다
  ✓ 마감 알림을 끄면 0건

[12] 알림함 · 읽지 않음 집계
  ✓ 알림함 2건·읽지 않음 2건
  ✓ 읽음 처리 반영

[13] 실제 데이터(data/registered.json)로 학교 한정 필터 확인
  ✓ 외대 프로필에 보이는 등록 공고 75건
  ✓ 다른 학교 한정 공고가 섞이지 않음
  ✓ 실데이터 첫 동기화가 75건을 기억함
  ✓ 첫 동기화에 새 공고·피드 알림 없음
      (첫 동기화에서 나온 시간 기반 알림: 3건 — dl:auto-ent2431260214artclviewdo:0, dl:auto-ent2431260269artclviewdo:0, dl:auto-c839d20ec84a0ebb09c20202:0)
  ✓ 같은 상태로 다시 실행하면 0건(중복 없음)

[14] 깨우기 푸시를 받았을 때 구독을 스스로 끊는 조건 (2026-08-07 사고 회귀)
  ✓ 알림을 껐다고 장부에 적혀 있으면 구독을 정리한다
  ✓ 알림을 켜 둔 폰의 구독은 건드리지 않는다
  ✓ 장부를 못 읽었으면 끊지 않는다 (못 읽음 ≠ 껐음)
  ✓ 장부가 아예 없어도 끊지 않는다 (모르는 것을 단정하지 않음)
  ✓ 빈 값이 와도 끊지 않는다
  ✓ (원인 확인) 못 읽은 장부는 여전히 enabled:false로 채워진다 — 그래서 위 구분이 필요하다

✅ 알림 규칙 전부 통과

