
[1] 진입점과 자리
  ✓ 온보딩 중에는 떠 있는 버튼이 안 보인다
  ✓ 온보딩이 끝나면 마스코트가 보인다
  ✓ 홈 진입줄은 없앴다(길은 마스코트 하나)
  ✓ 떠 있는 버튼이 신청 버튼과 겹치지 않는다
  ✓ 떠 있는 버튼이 하단 탭을 가리지 않는다

[2] 열고 묻기
  ✓ 마스코트를 누르면 도우미가 열린다
  ✓ 추천 질문이 보인다
  ✓ 추천 질문에 답한다
  ✓ 마감 질문에 마감 이야기로 답한다
  ✓ 서류 질문에 서류 이야기로 답한다

[3] 🔴 정직 — 모르면 모른다고 한다
  ✓ 모르는 질문에 "못 찾았다"고 답한다
  ✓ 모르는 질문에 금액을 지어내지 않는다
  ✓ 금액 답에 "원문 확인" 안내가 함께 나온다

[3-1] 말귀 — 같은 뜻 다른 말 · 초성 · 오타 · 앞 대화 기억
  ✓ '기숙사비'를 물으면 '생활관'도 함께 찾는다
  ✓ 초성으로도 찾을 수 있다 (한국장학재단 → ㅎㄱㅈㅎㅈㄷ)
  ✓ 오타 하나는 봐주고 두 개는 안 봐준다
  ✓ 짧은 낱말에는 오타 봐주기를 쓰지 않는다
  ✓ 딱 안 맞아도 비슷한 후보를 되묻는다 (물어본 말: 국아장학금)
  ✓ "그거 서류 뭐야?"가 앞에서 말한 공고를 가리킨다
  ✓ 답에서 바로 다음 행동으로 갈 수 있다
  ✓ 서류 답에는 '보관함 열기'가 붙는다
  ✓ 행동 버튼을 누르면 그 화면으로 간다
  ✓ 못 알아들은 질문을 기기 안에 세어 둔다

[4] 카드 → 상세 화면
  ✓ 답에 나온 공고를 누르면 상세가 열린다
  ✓ 상세가 열리면 도우미는 닫힌다

[5] 대화 목록 스크롤 (시트를 뺏기지 않는가)
  ✓ 대화 목록이 실제로 스크롤된 상태를 만들었다
  ✓ 대화가 중간일 때 아래로 끌어도 닫히지 않는다(스크롤을 뺏지 않는다)
  ✓ 대화가 맨 위일 때 아래로 끌면 닫힌다
  ✓ 머리말을 아래로 끌면 대화 위치와 무관하게 닫힌다

[5-1] 🔴 마스코트 — 짧게 누르면 열리고, 끌면 바로 옮겨진다
  ✓ 떠 있는 버튼이 마스코트로 바뀌었다
  ✓ 마스코트 이름이 '대장님'이다
  ✓ 인사말에서 이름을 말한다(개발자 지정 문구)
  ✓ 짧게 누르면 도우미가 열린다
  ✓ 짧게 눌렀을 때는 자리가 안 움직인다
  ✓ 끌어서 옮긴 뒤에는 도우미가 열리지 않는다(옮기려던 것이지 열려던 게 아니다)
  ✓ 꾹 누르지 않아도 끄는 즉시 옮겨진다
  ✓ 떼면 가까운 쪽 가장자리에 붙는다
  ✓ 살짝 흔들려도(4px) 여전히 열린다
  ✓ 살짝 흔들린 것으로는 자리가 안 움직인다
  ✓ 꾹 눌렀다가 끄는 옛 손버릇도 그대로 옮겨진다
  ✓ 누르지 않고 지나가기만 하면 마스코트가 따라오지 않는다
  ✓ 아무리 아래로 끌어도 하단 탭을 덮지 않는다
  ✓ 화면 밖으로 나가지 않는다
  ✓ 앱을 다시 열어도 옮긴 자리를 기억한다

[6] 🔴 AI가 꺼져 있는 동안 바깥 통신 0건
  ✓ AI 자리는 꺼져 있다(endpoint 비어 있음)
  ✓ AI가 꺼진 동안 바깥으로 나간 요청이 없다

[6-1] 🔴 AI 켠 상태 — 지어낸 답 차단 (가짜 서버)
  ✓ 가짜 서버로 AI를 켰다
  ✓ needSource면 AI 답을 버리고 안내봇 답을 낸다
  ✓ AI가 실제로 불렸다(요청이 나갔다)
  ✓ 🔴 요청에 정해진 칸(질문·공고) 말고는 아무것도 없다
  ✓ 🔴 공고 칸에 공개 정보 말고는 아무것도 없다
  ✓ 🔴 이름·성적·소득·계좌가 서버로 나가지 않는다
  ✓ 보내는 것은 공고 공개 정보와 인용 문장뿐이다
  ✓ 앱에 없는 공고를 고르면 AI 답을 버린다
  ✓ 원문 인용이 있는 후보를 AI에게 보낸다
  ✓ 원문 있는 후보가 목록 앞쪽에 온다(AI가 고를 것이 있다)
  ✓ 🔴 앱이 모르는 금액이 들어간 문장은 화면에 안 나간다
  ✓ 대신 원문 인용으로 답한다
  ✓ 인용 번호가 엉뚱해도 답은 나온다(근거 카드는 진짜)
  ✓ 숫자가 없는 요약은 그대로 쓴다
  ✓ AI가 만든 답이라고 표시한다
  ✓ 원문 인용 블록이 함께 나온다
  ✓ AI 서버가 죽어도 안내봇 답이 나간다

[7] 질문에 스크립트를 넣어도 실행되지 않는다
  ✓ 질문 속 스크립트가 실행되지 않는다
  ✓ 질문은 글자 그대로 보인다

[8] 콘솔 오류
  ✓ 콘솔·페이지 오류 없음

✅ 도우미 검증 통과
