  ✓ 홈 — 재단·지자체 새 공고 구역이 학교 게시판 구역 아래에 뜬다
  ✓ 홈 — 카드 윗줄이 주최를 말한다 · 최근 수집 순
  ✓ 홈 — 재단 글이 석 장 이하면 더보기 단추가 없다
  ✓ 홈 — 기간 한 줄은 원문 그대로
  ✓ 홈 — 기간 줄은 첫 항목까지만 · 짝 잃은 괄호 이름표를 편다 · 날짜 없으면 비운다
  ✓ 홈 — 「나에게 맞는 대외활동·공모전」 이 「나에게 맞는 장학금」 바로 밑에 있다
  ✓   대외활동 탭과 같은 판정으로 고른 글이고 미달은 없다
  ✓ 온보딩 관심 분야 칸은 데이터의 분야 목록으로 그리고 고른 것을 지킨다
  ✓ ① 아래 탭 다섯 — 대외활동은 장학금 다음
  ✓ ① 누르면 그 화면만 보인다
  ✓ ① 제목
  ✓ ① 탭이 켜져 있다
  ✓ ② 내 학교 글 + 전국 글만 (경희대 글은 안 보인다) · 최근 수집 순
  ✓ ④ 윗줄은 종류 · 학교 게시판 (장학 카드의 기관 자리)
  ✓ ④ 마감을 읽은 글은 아랫줄 오른쪽 D-5 (장학 카드와 같은 자리·같은 글자)
  ✓ ④ 아랫줄 왼쪽(장학 카드의 금액 자리)은 짧은 혜택
  ✓ ④ 카드 맨 윗줄 판정 — 나이 맞음 → 적합도 % · 나이 넘음 → 미달 · 자격 줄 없음 → 배지 없음
  ✓ ④ 혜택이 없으면 분야를 옅게 — 없으면 빈칸(지어내지 않는다)
  ✓ ④ 카드에 발췌 줄을 쌓지 않는다 (장학 카드처럼 석 줄)
  ✓ ④ 장학 카드와 같은 그릇 (.sch-card-wrap > button.sch-card)
  ✓ ⑤ 누르면 상세 시트가 열린다(앱을 떠나지 않는다)
  ✓ ⑤ 시트 — 제목 · 혜택 · 주최/분야 · D-day · 종류
  ✓ ⑤ 모집 안내는 원문 발췌 그대로 (혜택은 위에 한 번만)
  ✓ ⑤ 지원 자격 — 장학 시트와 같은 머리(적합도 · 요건 n개 중 n개 충족)와 ✓ 줄
  ✓ ⑤ 지원 가능 알약은 없다(활동 글엔 구조화 조건이 없어 늘 가능 — 거짓 안심)
  ✓ ⑤ 공고 원문 안내 — 원문 문장 그대로
  ✓ ⑤ 원문 단추는 그 글 주소를 새 탭으로
  ✓ ⑤ 단추 글자에 밑줄이 없다
  ✓ ⑤ ESC 로 닫힌다 (장학 시트와 같은 그릇)
  ✓ ④ 마감 지난 글은 보이지 않는다
  ✓ ④ 전국 글은 주최를 말한다
  ✓ ③ 처음에는 정렬 목록이 안 보인다
  ✓ ③ 누르면 정렬 목록이 열린다 (탐색 화면과 같은 동작)
  ✓ ③   선택지는 셋 — 최근 수집순 · 마감 임박순 · 적합도순(장학 탐색과 같은 잣대 · 2026-10-01)
  ✓ ③   지금 기준에 표시가 있다
  ✓ ③ 마감 임박순 — 마감 읽은 글이 앞
  ✓ ③ 정렬 단추 글자
  ✓ ③   고르고 나면 목록이 닫힌다
  ✓ ③ 적합도순 — 맞음 → 미확인 → 미달(장학 탐색의 fitRank 와 같은 순서)
  ✓ ③ 다시 골라 최근 수집순
  ✓ ③   바깥을 누르면 목록이 닫힌다
  ✓ ③ 갱신 날짜를 보이지 않는다 (머리줄 셋째 칸이 단추를 가운데로 밀었다)
  ✓ ③ 정렬 단추가 머리줄 오른쪽 끝에 붙는다
  ✓ ③   탐색 화면의 정렬 단추와 같은 자리다
  ✓ ③ 공모전 칩
  ✓ ③ 칩 켜짐은 제 줄에서만 — 탐색 화면의 전체 칩은 그대로
  ✓ ③ 대외활동 칩
  ✓ ③ 분야 칩은 데이터에서 만든다 (있는 분야 + 기타)
  ✓ ③   봉사 칩
  ✓ ③   칩 켜짐은 제 줄에서만 — 종류 칩의 전체는 그대로
  ✓ ③   기타 칩 — 분야를 못 읽은 글만 (데이터는 그대로 비어 있다 · 기타는 화면 이름일 뿐)
  ✓ ③   종류를 바꾸면 분야가 풀린다
  ✓ ③   그 종류에 있는 분야만 뜬다 (공모전 글엔 field 가 없다)
  ✓ ③   그래서 목록이 비지 않는다
  ✓ ③   분야 줄은 세로로 안 넘친다 (위아래로 안 밀린다)
  ✓ ③   분야 줄은 옆으로 밀지 않고 줄바꿈한다
  ✓ ③   분야가 많으면 많은 순 여섯 + 「+n」
  ✓ ③   고른 분야는 접혀도 보인다
  ✓ ③   펼치면 전부 + 접기
  ✓ ③   알약은 작지만 손가락 표적은 작아지지 않았다 (안 보이는 덧판)
  ✓ ③ 검색은 제목 글자로
  ✓ ③ 검색 결과 없음 문구
  ✓ ③ 지우기 버튼이 검색을 되돌린다
  ✓ 돌아와도 목록이 있다
  ✓ ⑥ 활동 카드에 장학 카드와 같은 북마크(카드 바깥)
  ✓ ⑥ 누르면 담긴다 · 글 사본도 함께(피드에서 빠져도 남게)
  ✓ ⑥ 단추가 켜진다
  ✓ ⑥ 보관함에 장학과 같은 줄로(둘째 줄은 종류·주최)
  ✓ ⑥ 달력에 마감 점(파랑) — 내 공고로 센다
  ✓ ⑥ 보관함 줄을 누르면 활동 시트가 열린다
  ✓ ⑥ 피드에서 빠져도 보관함·달력·시트가 사본으로 남는다
  ✓ ⑥ 빼고 되돌리면 사본째 돌아온다(피드에서 빠졌어도)
  ✓ ⑥ 달력 날짜를 열면 「내 공고」에 활동 줄(종류·주최 둘째 줄)
  ✓ ⑥ 피드가 새로 오면 담아 둔 사본도 새 글로(옛 마감을 말하지 않게)
  ✓ 페이지 오류 없음
  ✓ 홈 — 재단 공고가 많아도 처음엔 석 장만 보인다 ("나에게 맞는 장학금"과 같은 수)
  ✓   아래에 더보기 단추가 있다
  ✓   최근 수집 순 그대로 (앞 석 장)
  ✓   한 번 누르면 열 장까지 편다
  ✓   또 누르면 열 장 더
  ✓   🔴 끝까지 편다 — 따로 볼 화면이 없으니 열 장에서 멈추면 글이 사라진다
  ✓   다 펴면 단추가 접기로 바뀐다
  ✓   접으면 석 장으로 돌아간다
  ✓   페이지 오류 없음
  ✓ ⑤ 실패해도 뼈대가 아니라 "없어요"
  ✓ ⑤ 홈 — 재단 글을 못 받아 왔으면 구역이 비어 있다 (뼈대·빈 문구 없음)
  ✓ ⑤ 페이지 오류 없음

✓ 대외활동·공모전 탭 · 재단·지자체 새 공고 검사 통과
