  ✓ 목록에 구획이 없다 (한 목록이다)
■ 기본 상태
  ✓ 버튼 라벨이 적합도순이다
  ✓ 정렬 버튼 터치 타깃 44px 이상 (104×44)
  ✓ 아이콘은 하나뿐이다

■ 눌러서 목록 · 골라서 바뀐다
  ✓ 처음에는 목록이 안 보인다
  ✓ 한 번 누르면 목록이 열린다
  ✓   열기만 해서는 기준이 안 바뀐다
  ✓ 선택지가 3개다
  ✓ 부연설명 없이 제목만 나온다
  ✓ 목록이 아이콘 바로 아래에 뜬다
  ✓ 오른쪽이 버튼과 맞는다
  ✓ 화면 밖으로 안 나간다
  ✓ 고르면 그 기준으로 바뀐다
  ✓   고르고 나면 목록이 닫힌다
  ✓   다시 적합도순으로 돌아온다

■ 마감 임박순
  ✓ 고르면 목록이 닫힌다
  ✓ 라벨이 바뀐다
  ✓ 앞으로 올 마감 → 기한 미확정 → 지난 마감 순으로 묶인다
  ✓ 앞으로 올 마감 95건이 빠른 순이다
  ✓ 이미 지난 마감은 목록 끝에 있다

■ 등록 최신순
  ✓ 라벨이 바뀐다
  ✓ 값 없는 카드가 앞으로 오지 않는다
  ✓ 등록일 내림차순이다 (목록 전체에서)

■ 적합도순 — 미달은 맨 아래 (개발자 결정)
  ✓ 미달 카드가 목록 끝에 모여 있다
  ✓ 적합도순이 목록 전체에 그대로 걸린다

■ 필터 칩과 서로 간섭하지 않는다 (.filter-chip 전역 선택 함정)
  ✓ 정렬을 바꿔도 필터 칩 active가 그대로다
  ✓ 필터도 그대로 걸려 있다

■ 필터 칩 한 줄 (2026-09-12)
  ✓ 320px — 여기서는 접는다 (한 줄을 요구하지 않는다)
  ✓   320px — 잘린 칩이 없다 (2026-08-30 에 스크롤로 반쯤 잘렸던 자리)
  ✓ 360px — 칩 3개가 한 줄이다
  ✓   360px — 잘린 칩이 없다 (2026-08-30 에 스크롤로 반쯤 잘렸던 자리)
  ✓ 390px — 칩 3개가 한 줄이다
  ✓   390px — 잘린 칩이 없다 (2026-08-30 에 스크롤로 반쯤 잘렸던 자리)
  ✓ 430px — 칩 3개가 한 줄이다
  ✓   430px — 잘린 칩이 없다 (2026-08-30 에 스크롤로 반쯤 잘렸던 자리)

■ 칩은 셋 — 없앤 둘이 돌아오지 않는다 (2026-09-17)
  ✓ 전체·교내·교외 셋뿐이다

■ 교내 칸 — 등록 공고와 게시판 글이 한 자리 (2026-09-17)
  ✓ 🔴 주최 모르는 게시판 글은 교내 칸에 나오지 않는다
  ✓ 🔴 학교가 [교내] 라고 적어 둔 글은 교내 칸에 나온다
  ✓   대신 홈에 나온다 (사라지지 않는다)
  ✓   홈에는 표식 없는 것도 그대로 나온다
  ✓   등록 공고 자리에 교외가 섞이지 않는다
  ✓   정렬 버튼은 보인다 (등록 공고가 함께 있으므로)
  ✓   마감일을 모르므로 「마감 임박」이라고 하지 않는다
  ✓   카드가 교내/교외를 말하지 않는다
  ✓   교내 등록분도 게시판 글도 0건이면 홈을 가리킨다
  ✓   등록분이 0건이어도 [교내] 게시판 글은 보여 준다
  ✓   탐색 검색이 홈의 게시판 글을 비우지 않는다
  ✓ 「전체 보기」로 오면 칸이 전체로 돌아온다
  ✓ 전체 칸에도 붙지 않는다 (탐색 화면 어디에도 없다)

■ 홈 차례 — 적합도와 마감일을 한 점수로 (2026-09-17 개발자 지시)
  ✓ 홈에 띄울 후보가 있다 (아래 대조가 빈 목록을 보고 통과하지 않는다)
  ✓ 상수가 말하는 장수만 편다
  ✓ 나머지는 그려 두고 가린다 (다시 그리지 않으려고)
  ✓ 편 카드가 앱의 규칙과 같은 차례다
  ✓ 구획 제목이 더 이상 「마감 임박」이 아니다
  ✓   그래도 이름이 있다 (빈 제목으로 지우지 않았다)
  ✓ 같은 적합도면 마감이 가까운 쪽이 위다
  ✓ 더보기를 누르면 나머지가 펴진다
  ✓ 그때 버튼은 접기가 된다
  ✓ 히어로 금액은 다시 세지 않는다 (목록을 다시 그리지 않는다)
  ✓ 스크롤도 그대로다
  ✓ 다시 누르면 상수가 말하는 장수로 접힌다

ERRORS: none

✓ 정렬 전부 통과
