  ✓ 신청 4건이 보인다(결과를 안 적은 내려간 공고 1건 포함)
  ✓   결과를 안 적은 내려간 공고는 사본으로 남는다
  ✓ 내려간 공고는 줄로 안 보인다
  ✓   요약 카드도 안 센다(선정 0건 — 내려간 공고의 선정은 안 보인다)
  ✓   홈 「신청내역」 칸 숫자도 화면과 같다(4)
  ✓   사본 줄에도 결과 기록 단추가 있다
  ✓   선정을 적으면 줄이 정리된다(3건)
  ✓   사라지는 줄이라 실행 취소를 준다
  ✓   실행 취소하면 돌아온다(4건)
  ✓ 선택 모드가 아니면 선택 막대가 안 보인다

■ 선택 모드 · 전체 선택 · 일괄 삭제
  ✓ 선택 막대가 나온다
  ✓ 선택 전에는 삭제가 잠겨 있다
  ✓ 한 건이 지워진다
  ✓ 되돌리기 단추가 뜬다
  ✓ 되돌리면 4건으로 돌아온다
  ✓ 되돌린 항목이 원래 자리에 있다
  ✓ 삭제 뒤 다시 선택 모드로 들어갈 수 있다
  ✓ 전체 선택하면 4건
  ✓ 체크 표시가 그려진다
  ✓ 선택 모드에서 카드가 체크박스만큼 밀린다
  ✓ 전부 지워진다
  ✓   전체 선택·삭제는 보이지 않는 기록을 건드리지 않는다(기기에 그대로 · 공고가 돌아오면 선정 기록과 함께)
  ✓ 비면 선택 버튼이 사라진다
  ✓ 일괄 삭제도 되돌아온다

■ 신청 현황은 신청내역 화면에만 (UI-15)
  ✓ 담은 신청이 있다 (검사가 헛돌지 않는다)
  ✓ 홈에는 「신청 현황」 구획이 없다
  ✓   홈에 그 목록 자리도 없다 (#home-apps)
  ✓ 신청내역 화면이 담은 건을 다 보여 준다
  ✓   요약 카드도 함께 있다 (홈이 하던 말을 여기가 한다)

■ 터치 타깃 (44px 이상)
  ✓ 작은 터치 타깃이 없다

ERRORS: none

✓ 신청 내역 관리 전부 통과
