■ 금액 상세 → 공고 카드 → 내리면 되돌아온다
  ✓ 금액 상세가 열린다
  ✓ 금액 상세에 공고 줄이 있다
  ✓ 금액 상세를 내려서 볼 수 있다 (내용이 충분히 길다)
  ✓ 공고 카드로 바뀐다
  ✓   공고 카드는 맨 위(제목)부터 보인다
  ✓   그래서 제목이 화면 안에 있다
  ✓ 손을 떼자마자 금액 상세가 튀어나오지 않는다
  ✓   시트가 내려가는 중이다 (.show 가 빠져 있다)
  ✓ 내리면 시트가 닫히지 않는다
  ✓   보던 금액 상세로 돌아온다
  ✓   다시 올라와 있다 (.show 가 돌아온다)
  ✓   내려서 보던 자리로 돌아온다
  ✓ 내려 둔 자리에서는 쓸어내려도 안 닫힌다 (스크롤이 먼저다)
  ✓ 맨 위에서 한 번 더 내리면 닫힌다 (한 단계만 되돌아간다)

■ 되돌아갈 곳을 그릴 수 없으면 멈추지 않고 닫는다
  ✓ 그릴 수 없으면 시트가 멈추지 않고 닫힌다

■ 금액 상세를 거치지 않은 공고 카드는 그냥 닫힌다
  ✓ 탐색 목록에서 연 카드는 한 번에 닫힌다
  ✓ JS 오류 0건

✓ 시트 되돌아가기 전부 통과
