■ 교외 공고와 같은 모양으로 나온다
  ✓ 한국장학재단 등록분이 카드로 만들어진다 (75곳)
  ✓   전부 교외로 들어간다
  ✓   교외 목록에 실제로 섞여 나온다
  ✓   같은 카드(.sch-card)를 쓴다 — 전용 마크업이 없다
  ✓   자격 줄을 재단 글자 그대로 갖고 있다 (75곳)
  ✓   마감 지난 것이 섞이지 않는다

■ 🔴 적합도는 판정한 만큼만 말한다
  ✓ 판정이 셋으로 갈린다 ({"ok":8,"no":56,"unread":11})
  ✓ 사는 시·군이 아닌 곳의 장학금을 「적합」이라고 하지 않는다

■ 🔴 「받을 수 있다」고 세지 않는다
  ✓ 일괄 신청 준비에 안 들어간다
  ✓   홈 합계가 세는 「신청 가능」에도 안 들어간다
  ✓   그래도 탐색 목록에는 그대로 남는다 (숨기는 게 아니다)

■ 상세 시트
  ✓ 출처를 밝힌다 (링크가 재단 홈페이지를 가리킨다)
  ✓   원문을 읽은 것처럼 「원문 공고」라고 부르지 않는다
  ✓   「앱에서 작성」 버튼이 없다
  ✓ KOSAF 첨부 내려받기 주소가 화면에 없다

■ 🔴 원문을 그대로 쏟아 붓지 않는다 (2026-08-30 개발자 지적)
  ✓ 💡 undefined 가 안 뜬다
  ✓   ○ ㅇ ※ 머리 기호를 떼고 보여 준다
  ✓   자격 요건에 칸 이름(`특정자격:`)을 붙이지 않는다
  ✓   요건 자리에 코드 나열(`대학2학기 대학3학기…`)을 넣지 않는다
  ✓   혜택은 한 줄로 짧게 말한다 (원문 문단을 통째로 안 쓴다)
  ✓ 층2 카드가 있다 (검사가 헛돌지 않는다)
  ✓   금액 줄은 읽어 낸 금액이거나 정해진 한 문구다 (원문 문단 금지)
  ✓   못 읽은 금액의 원문은 버리지 않고 상세로 내린다
  ✓   읽어 낸 금액에는 원문을 덧붙이지 않는다 (같은 말 두 번 금지)
  ✓   상세 시트가 그 원문을 보여 준다
  ✓ 미달 근거 줄은 ✕ 로 그린다 (배지와 같은 말을 한다)
  ✓   같은 시트 안에서 말이 엇갈리지 않는다
  ✓ 카드와 상세가 같은 적합도를 말한다

■ 데이터
  ✓ 대여(대출) 상품이 섞이지 않았다 (92곳)
  ✓ 주소가 http(s) 가 아닌 것이 없다 (콜론 빠진 원본을 그대로 넘기면 우리 사이트로 간다)
  ✓ 마감일 칸이 비어도 기간이 있으면 버리지 않는다

■ 선발공고문 사본이 학생 화면에 닿는가
  ✓ 공고문 링크가 상세 시트에 뜬다
  ✓   우리 도메인에서 받는다 (KOSAF 원주소가 아니다)
  ✓   하위 경로에 배포돼도 주소가 맞는다 (사이트 뿌리로 새지 않는다)
  ✓   그 파일이 무엇인지 이름을 붙인다 (선발 공고문)
  ✓   신청서 양식이라고 부르지 않는다
  ✓ 마감 전 · 자격 미확인인 층2 공고가 실제로 있다 (없으면 이 검사는 무의미하다)
  ✓   층2 공고도 신청 버튼이 열린다
  ✓   버튼 문구가 「신청할 수 없음」이 아니다
  ✓   자격은 원문에서 보라고 알린다
  ✓   「요건 미충족」이라 단정하지 않는다
  ✓   우리 공정 이야기를 학생에게 하지 않는다

■ 속이 빈 공고문이 학생 화면에 닿지 않는가
  ✓ 내려 둔 첨부가 앱 파일에 없다 (계양구 인재양성장학재단 / 공고문 없음.hwp)
  ✓   그 재단은 층2 목록에 그대로 있다
  ✓   상세 시트에 공고문 링크가 없다
  ✓   「선발 공고문」 머리말이 아예 없다
  ✓   그래도 재단 카드는 열린다 (장학금까지 내리지 않았다)
  ✓ 콘솔 오류 없음

✓ 한국장학재단 등록분 검증 통과
