■ 데이터 전수 — 목록 주소로 남아 있는 공고
  정식 등록 176건 중 목록 주소 3건 · 실시간 공고 418건 중 4건
    - [남음] reg-khu-uiam · 의암 손병희 우수논문 장학생 (2026)
    - [남음] reg-hi-jeongeup · 정읍시민장학재단 우수인재장학금 (2026)
    - [남음] reg-khu-intern · 경희인턴(교내장학) 장학생 (2026-2학기)
  ✓ sourceUrl이 첨부 내려받기 주소인 항목 없음
■ 브라우저 — 경희 학생으로 실제 카드를 열어 링크 확인
  경희 카드 3건을 열어 링크 3건을 실제로 읽음
  ✓ auto-oardid323054menuno200318 · 원문 공고 ↗ · https://news.khu.ac.kr/kor/user/bbs/BMSR00040/view.do?menuNo=200318&boardId=323054
  ✓ auto-20ec9588eb82b40922ed9994 · 원문 공고 ↗ · https://news.khu.ac.kr/kor/user/bbs/BMSR00040/view.do?menuNo=200318&boardId=323148
  ✓ auto-oardid323225menuno200318 · 원문 공고 ↗ · https://news.khu.ac.kr/kor/user/bbs/BMSR00040/view.do?menuNo=200318&boardId=323225
  ✓ 홈 게시판 글 카드 라벨이 규칙(source-link.js)과 같다 (5/5장 검사)
■ 정직성 — 로봇 장부가 확정한 목록·열리지 않음 (장부를 바꿔 주고 앱을 다시 연다)
  ✓ auto-oardid323054menuno200318 · 게시판 목록 ↗ · https://news.khu.ac.kr/kor/user/bbs/BMSR00040/view.do?menuNo=200318&boardId=323054
  ✓ 장부 「list」 — 「게시판 목록 ↗」 + 「목록에서 … 찾아 눌러 주세요」 안내
  ✓ auto-20ec9588eb82b40922ed9994 · 원문 공고(확인 필요) ↗ · https://news.khu.ac.kr/kor/user/bbs/BMSR00040/view.do?menuNo=200318&boardId=323148
  ✓ 장부 「gone」 — 「원문 공고(확인 필요) ↗」 + 「이 주소가 열리지 않았어요 (2026-10-04 확인)」 한 줄
  ✓ 잰 갈래: post 3 · list 1 · trouble 1
■ 캐시 엇갈림 — 옛 index.html(source-link.js 태그 없음)과 새 app.js 가 만나도 상세 시트가 산다
  ✓ 태그 없는 옛 화면에서도 파일을 스스로 불러 상세 시트가 「원문 공고 ↗」 로 열린다 · 오류 없음
  ✓ 콘솔 오류 없음

✓ 원문 링크 검사 전부 통과
