
[1] 설정이 비어 있으면 앱은 지금 그대로다
  ✓ 계정 카드가 안 나온다
  ✓ supabaseConfigured()가 false

[2] 가입하면 프로필이 서버로 올라간다
  ✓ MY에 계정 카드가 뜬다
  ✓ 회원가입 버튼이 있다
  ✓ 가입 칸은 이메일·비밀번호 둘뿐
  ✓ 가입 화면에 민감정보 입력 칸이 없다
  ✓ 가입 시트의 입력 칸은 이메일·비밀번호(+기억하기)뿐이다
  ✓ 약관에 동의하지 않으면 가입되지 않는다
  ✓ 가입되면 시트가 닫힌다
  ✓ 서버에 가입 요청이 갔다
  ✓ 프로필이 서버로 올라갔다

[3] 🔴 주민등록번호·계좌번호는 한 번도 안 나간다 (terms.html 의 약속)
  ✓ 주민등록번호가 요청 본문에 없다
  ✓ 계좌번호가 요청 본문에 없다
  ✓ 'rrn' 이라는 칸 자체가 안 나간다
  ✓ 'account' 라는 칸 자체가 안 나간다
  ✓ 올라가는 칸은 정해진 다섯 개뿐이다
  ✓ 학교는 올라간다(이어쓰기의 핵심)
  ✓ 학번처럼 민감하지 않은 서류 정보는 올라간다
  ✓ 신청서 답('formAns')이 통째로 안 나간다
  ✓ 서류·자기소개서('docs')가 안 나간다
  ✓ 자기소개서 글자가 요청 본문에 없다
  ✓ 신청내역 자체는 올라간다 (기기 간 이어쓰기)
  ✓   올라가는 것은 어느 공고를 언제 어디까지 했는가 뿐이다

[4] 민감정보(특별자격)는 동의했을 때만 나간다
  ✓ 동의 전에는 특별자격이 안 나간다
  ✓ 동의 여부가 false로 기록된다
  ✓   (준비) 처지가 기기에 실제로 심어졌다
  ✓   동의 전에는 처지(종교·혼인 등)도 안 나간다
  ✓ 동의와 무관하게 기기에는 남아 있다
  ✓ 동의하면 특별자격이 올라간다
  ✓ 동의 여부가 true로 기록된다
  ✓   동의하면 처지도 올라간다

[5] 새 기기 — 기기를 비우고 로그인하면 프로필이 되살아난다
  ✓ 새 기기에서는 온보딩이 뜬다
  ✓ 🎉 새 기기에 학교가 되살아났다
  ✓ 학년도 되살아났다
  ✓ 동의한 특별자격도 되살아났다
  ✓ 주민등록번호는 새 기기에 없다(서버에 없었으므로)
  ✓ 온보딩이 아니라 홈이 뜬다

[6] 🔴 서버에 없는 신청서 답이 기기에서 지워지지 않는다
  ✓ 기기에 쓰던 신청서 답이 그대로 남는다
  ✓ 서류·자기소개서도 그대로 남는다
  ✓ 서버가 아는 진행 단계는 서버 것이 이긴다
  ✓ 다른 기기에서 남긴 제출 기록이 들어온다
  ✓ 아직 못 올린 신청서도 그대로 남는다
  ✓   글이 없는 건은 되살리지 않는다 (다른 기기에서 지운 것)
  ✓ 건수는 서버 1건 + 못 올린 1건

[7] 아이디 저장 · 비밀번호 찾기 · 소셜 로그인
  ✓ 로그인 화면에 아이디 저장이 있다
  ✓ 비밀번호를 잊으셨나요 링크가 있다
  ✓ 소셜 버튼이 providers 수만큼 나온다
  ✓ 소셜 주소가 제공자와 돌아올 주소를 담는다
  ✓ 아이디를 저장했다
  ✓ 🔴 비밀번호는 어디에도 저장되지 않는다
  ✓ 다음에 열면 이메일이 채워져 있다
  ✓ 재설정 화면에는 비밀번호 칸이 없다
  ✓ 재설정 요청이 서버로 갔다
  ✓ 메일이 안 올 수 있다는 것까지 알린다

[8] 메일 링크·소셜로 돌아온 주소 처리
  ✓ 새 비밀번호 화면이 뜬다
  ✓ 제목이 새 비밀번호다
  ✓ 🔴 주소창에서 토큰이 지워진다
  ✓ 새 비밀번호가 서버로 갔다

[9] 다른 기기가 먼저 올린 신청서를 덮어쓰지 않는다
  ✓ 먼저 이 기기 것이 서버에 올라갔다
  ✓ 🔴 다른 기기가 올린 신청서가 서버에 그대로 있다 (덮어쓰면 학생 글이 사라진다)
  ✓ 이 기기가 고친 값도 함께 올라갔다

[10] 탭 두 개가 같은 순간에 토큰을 갱신해도 로그인이 살아남는다
  ✓ 🔴 두 탭이 동시에 갱신해도 둘 다 성공으로 끝난다 (진 탭이 실패를 말하지 않는다)
  ✓ 살아 있는 토큰이 한 번만 회전한다 (두 번 돌면 남의 토큰이 죽는다)
  ✓ 갱신 뒤에도 로그인 표가 남아 있다
  ✓ 🔴 갱신에 진 탭이 로그인을 지우지 않는다 (지우면 두 탭이 같이 로그아웃)
  ✓ 두 탭 다 요청이 성사된다

[14] 잠금을 쥔 탭이 죽어도 다른 탭이 토큰을 갱신한다 (고아 잠금 회수)
  ✓ 🔴 기다림 시한이 잠금을 쥔 쪽의 최대 시간보다 길다 (짧으면 정상 갱신을 빼앗는다)
  ✓ 앱에서 잠금 이름을 읽어냈다
  ✓ 🔴 잠금이 고아가 되어도 갱신이 성공한다 (시한 뒤 빼앗는다)
  ✓ 🔴 서버를 실제로 불러 새 토큰을 받아 왔다 (앞 절이 남긴 값이 아니다)
  ✓ 줄여 둔 시한 안에 끝난다 (영영 기다리지 않는다)

[13] DB 가 값을 거절하면 학생에게 알린다 (개인정보는 옮기지 않는다)
  ✓ 🔴 거절을 한 번 알린다 (조용히 삼키지 않는다)
  ✓ 어느 칸이 문제인지 말한다
  ✓ 🔴 서버가 준 `details`(실패한 행 전체)를 화면에 옮기지 않는다
  ✓ 두 번째 거절은 다시 띄우지 않는다 (같은 말을 계속하면 앱을 못 쓴다)
  ✓ 값이 정상이면 그냥 올라간다
  ✓ 서버가 아파서 실패한 것은 `rejected` 가 아니다
  ✓ 그런 실패로는 학생을 귀찮게 하지 않는다 (지나가도 되는 실패다)
  ✓ 🔴 한 번 성공한 뒤 다른 칸이 거절되면 다시 알린다 (기억이 풀린다)

[11] 서버가 죽어 있어도 앱은 그대로 열린다 (기기 우선)
  ✓ 홈이 정상으로 뜬다
  ✓ 프로필이 기기 것 그대로다
  ✓ 장학금 카드도 그대로 보인다

[12] 콘솔 오류
  ✓ 콘솔·페이지 오류 없음

✅ 회원가입·로그인 검증 통과
