
■ 공고 저장(북마크)
  ✓ 탐색 카드마다 저장 단추가 있다
  ✓ 저장 단추가 카드 단추 안에 들어 있지 않다
  ✓ 누르면 저장 상태가 된다
  ✓ 저장해도 상세 시트가 열리지 않는다
  ✓ 장부에 남는다
  ✓ 저장해도 홈의 예상 수혜액이 바뀌지 않는다

■ 보관함
  ✓ MY 화면에 보관함이 있다
  ✓ 저장한 공고가 보관함에 보인다
  ✓ 보관함 줄에도 해제 단추가 있다
  ✓ 해제하면 보관함에서 빠진다
  ✓ 해제해도 상세 시트가 열리지 않는다

■ 달력 보기
  ✓ 신청 내역에 달력 토글이 있다
  ✓ 처음에는 목록이 보인다
  ✓ 달력을 켜면 달력이 보이고 목록이 숨는다
  ✓ 달 이름이 보인다
  ✓ 달력에서는 수혜액 카드가 안 보인다
  ✓ 범례는 두 종류다
  ✓ 격자의 점은 마감·발표 두 가지뿐이다
  ✓ 마감 임박 공고를 담은 채로 쟀다
  ✓ 저장한 공고의 마감일에 점이 찍힌다
  ✓ 날짜를 누르면 아래에 목록이 펼쳐진다
  ✓ 시트로 뜨지 않는다
  ✓ 그 공고가 목록에 있다
  ✓ 한국장학재단 목록은 접혀 있다
  ✓ 공고를 누르면 상세 시트가 열린다
  ✓ 상세 시트에도 저장 단추가 있다
  ✓ 목록으로 돌아오면 수혜액 카드가 다시 보인다
  ✓ 마감이 지나도 신청한 공고는 달력에 남는다
  ✓ 저장만 한 공고도 마감일 자리에 그대로 남는다
  ✓ 발표일을 아는 공고는 그 날짜에 발표 점이 찍힌다
  ✓ 발표 점은 원문 발표일 아닌 곳에는 찍히지 않는다
  ✓ 공고에 없는 날짜에는 점을 찍지 않는다

ERRORS: none

✓ 달력·저장 — 통과 32 · 실패 0
