
대상 공고: [서울]2026년 대학생 청소년 AI교육지원장학금 대학생 멘토 모집 안내(~10/30) (hufs-ai-mentor-plan · story 5칸)

[1) 꺼져 있을 때 — 지금 배포 상태]
  ✓ 양식 작성 화면이 열린다
  ✓ ① 꺼져 있어도 버튼은 있다 (앱이 키워드를 옮겨 준다)
  ✓ ① 꺼져 있을 때는 "옮기기"라고만 말한다 — 못 하는 일을 한다고 하지 않는다
  ✓ ① 꺼져 있을 때 "앱이 씁니다"라고 하지 않는다
  ✓ ① 꺼져 있을 때 바깥으로 나가는 요청이 0건이다
  ✓ ① 고른 키워드가 칸에 옮겨진다

[2) 서술형 칸에 키워드 질문이 있는가]
  ✓ ② 서술형 칸 안에 키워드 질문 카드가 있다 (AI가 꺼져 있어도)
  ✓ ② "키워드만 골라 주세요"가 그 자리에 있다
  ✓ ② 목표 분량을 원본에서 읽어 보여 준다
  ✓ ② 눌러서 고르는 보기가 있다 (31개)
      키워드 질문: 고르기 31개 · 직접입력 18칸

[3) 켜면 버튼이 나오고, 키워드가 실려 가는가]
  ✓ 양식 화면을 다시 연다
  ✓ ③ 켜면 글 만들기 버튼이 나온다
  ✓ ③ 버튼 아래 한 줄로 무엇이 나가는지 밝힌다 (긴 확인 상자는 없앴다)
  ✓ ③ 옛 "이 내용을 보낼게요" 상자는 없다
      학생이 고른 키워드: 성실함 / 고등학교 때 / 새벽·야간 / 한 학기 동안 / 완벽주의 / 미리 계획
  ✓ ③ 키워드를 눌러서 고를 수 있다
  ✓ ③ 보기를 누르면 되묻기 칸이 열린다 (백지가 아니라 좁은 질문)
  ✓ ③ 왜 써야 하는지 알려 준다 (지원서의 차별점)
  ✓ ③ 재단이 무엇을 보는지 알려 준다
  ✓ ③ 눌러서 시작할 예시 문장이 있다
  ✓ ③ 방금 누른 보기를 되비춰 준다
  ✓ ③ 직접 쓴 한 줄이 없으면 한 번 세운다
  ✓ ③ 앱의 부족함이 아니라 학생이 얻을 것을 말한다
  ✓ ③ 세우는 동안에는 보내지 않는다
  ✓ ③ 예시를 누르면 칸이 채워져 고칠 수 있다
  ✓ 요청이 한 번 나갔다 (1회)
  ✓ ③ 이름·학번·연락처·이메일·성적·소득분위가 나가지 않았다
  ✓ ③ fallbacks 를 붙이지 않는다
  ✓ ③ story 칸만 보낸다 — 사실 나열형은 요청에 없다
  ✓ ③ 학생이 고른 키워드가 요청에 실려 간다
  ✓ ③ 직접 쓴 한 줄이 own 으로 구분돼 실려 간다
  ✓ ③ 목표 분량이 실려 간다 (500자)
    보낸 것: {"profile":{"school":"한국외국어대학교","year":"3학년","major":"스페인어과","schoolAliases":["외대","한국외대","한외대"]},"target":500,"asks":["나의 장점=성실함","언제부터 달라졌나요=고등학교 때","주로 언제였나요=새벽·야간","얼마나 오래 했나요=한 학기 동안","고치고 싶은 점=완벽주의","그걸 다루는 방법=미리 계획","그 장점이 드러난 일이 있었나요?=조원들이 빠진 과제를 끝까지 맡아 마감을 지켰어요"]}

[4) 초안이 칸에 들어가는가]
  ✓ ④ 초안이 칸에 들어간다
  ✓ ④ 그 칸에 초안 표시가 붙는다
  ✓ ④ "초안 — 읽고 고치세요"라고 말한다

[4-2) 완성 문서 수정 돕기 — 되돌리기·바뀐 곳·빠진 팁 (서버 없이)]
  ✓ ④-2 "이렇게 하면 더 좋아져요" 팁 카드가 뜬다
  ✓ ④-2 "되돌리기" 버튼이 생긴다
  ✓ ④-2 "바뀐 곳 보기" 버튼이 생긴다
  ✓ ④-2 바뀐 곳을 열면 새로 들어온 부분이 표시된다
  ✓ ④-2 되돌리면 AI 초안 전으로 돌아간다
  ✓ ④-2 되돌리면 초안 표시도 사라진다

[7) 제출 전 점검표 + 재료 게이지 — 화면에 실제로 뜨는가]
  ✓ 양식 화면을 다시 연다
  ✓ 서술형 칸을 찾았다
  ✓ ② 재료를 안 줬을 때 게이지가 "부족"이라고 말한다
  ✓ ② 키워드를 고르면 게이지가 움직인다 (6% → 75%)
  ✓ ② 직접 쓴 한 줄이 게이지를 더 올린다
  ✓ ① 제출 전 점검표가 화면에 뜬다
  ✓ ① 이름 붙은 자리 표시를 잡아 무엇을 채울지 짚어 준다
  ✓ ① 자리 표시를 지우면 그 줄이 풀린다
  ✓ ① 빈칸이 있으면 문서로 넘어가지 않고 세운다
  ✓ ① 새로 생긴 빈칸에는 다시 세운다 (관문이 한 번 쓰고 잠들지 않는다)
  ✓ ① 같은 것이면 다시 눌러 진행된다 (학생을 가두지 않는다)

[5) 실패해도 학생 글을 덮지 않는가]
  ✓ ⑤ 서버가 죽어도 학생이 쓴 글이 그대로 남는다
  ✓ ⑤ 실패해도 버튼이 다시 눌린다

[6) 문서는 그대로인가]
  ✓ 학생이 쓴 글이 문서에 그대로 나간다
  ✓ 초안 표시가 문서에는 섞이지 않는다

ERRORS: none
✓ AI 초안 UI — 통과 55 · 실패 0
