
■ 마감 막대가 없다 (브라우저 없이)
  ✓ interactions.js 가 막대 함수를 내보내지 않는다
  ✓ app.js 가 막대를 부르지 않는다
  ✓ style.css 에 막대 규칙이 없다
  ✓ 카드의 마감 글자는 dday() 의 label 그대로다 (D-DAY · D-n · 마감)

■ 카드의 D-DAY 글자 — 화면
  ✓ 탐색에 카드가 있다
  ✓ 마감 글자가 앱의 dday 와 한 글자도 안 어긋난다 (맨 윗줄에도 없고 막대도 없다)
  ✓ 7일 안쪽만 빨강(urgent) 이다
  ✓ 검사용 카드 넷이 실제로 그려졌다
  ✓ 오늘 마감은 D-DAY
  ✓ 사흘 뒤는 D-3 · 빨강
  ✓   빨간색이다 (--red #8f3a2e)
  ✓ 스무날 뒤는 D-20 · 빨강 아님
  ✓ 상시 제도는 마감일이 있어도 "상시 제도"
  ✓ 어느 카드에도 막대가 없다

■ 저장 튕김
  ✓ 담으면 튕김 표시가 붙는다
  ✓ 담긴 상태가 된다
  ✓ 해제할 때는 튕기지 않는다
  ✓ 연달아 담아도 매번 튕긴다

■ 기다리는 동안의 뼈대 (홈)
  ✓ 공고가 오기 전에는 뼈대를 보여 준다
  ✓ 그때도 구역 머리말은 자리를 지킨다 (없다가 갑자기 나타나지 않는다)
  ✓ 그때 "없음" 이라고 말하지 않는다 (없는 게 아니라 안 온 것이다)
  ✓ 낭독기에도 상태를 말한다
  ✓ 받아오기가 끝나면 뼈대가 걷힌다
  ✓ 빈손으로 끝났으면 "없음" 이 맞는 답이다 (뼈대가 굳지 않는다)
  ✓ 받아오기가 실패해도 뼈대가 굳지 않는다

■ 당겨서 새로고침
  ✓ 설치돼 있다
  ✓ 당기면 보이는 화면이 따라 내려온다
  ✓ .app 에는 transform 을 걸지 않는다 (하단 탭·시트가 fixed 다)
  ✓ 뱅뱅이가 생긴다
  ✓ 뱅뱅이는 #app 바깥에 있다
  ✓ 하단 탭은 제자리에 있었다
  ✓ 연달아 두 번 당겨도 화면이 내려간 채 굳지 않는다
  ✓ 도우미 단추를 끌어도 화면이 따라 내려오지 않는다
  ✓ 뱅뱅이가 화면 한가운데에 있다
  ✓ 시트가 떠 있으면 당겨도 화면이 안 움직인다
  ✓ 새로고침 함수가 하나로 모여 있다 (화면 복귀와 공용)
  ✓ 새로고침하면 공고를 다시 받아 온다

■ 그림자는 떠 있는 것에만 (UI-9)
  ✓ 홈 — 훑은 요소가 충분히 많다
  ✓ 홈 — 떠 있지 않은 것에 그림자가 없다
  ✓ 장학금 찾기 — 떠 있지 않은 것에 그림자가 없다
  ✓ 대외활동·공모전 — 떠 있지 않은 것에 그림자가 없다
  ✓ 신청내역 — 떠 있지 않은 것에 그림자가 없다
  ✓ MY — 떠 있지 않은 것에 그림자가 없다
  ✓ 정렬 팝오버를 연 상태에서도

■ 마스코트가 마지막 줄을 가리지 않는다 (UI-7)
  ✓ 홈 — 바닥까지 내려도 가려진 줄이 없다
  ✓ 홈 — 바닥까지 내려도 문서는 그대로다 (굴러간 것은 #app)
  ✓ 홈 — 하단 탭이 화면 바닥에 붙어 있다
  ✓ 장학금 찾기 — 바닥까지 내려도 가려진 줄이 없다
  ✓ 장학금 찾기 — 바닥까지 내려도 문서는 그대로다 (굴러간 것은 #app)
  ✓ 장학금 찾기 — 하단 탭이 화면 바닥에 붙어 있다
  ✓ MY — 바닥까지 내려도 가려진 줄이 없다
  ✓ MY — 바닥까지 내려도 문서는 그대로다 (굴러간 것은 #app)
  ✓ MY — 하단 탭이 화면 바닥에 붙어 있다

■ 움직임 줄이기를 켠 학생
  ✓ 뼈대 반짝임이 꺼진다

ERRORS: none

통과 54 · 실패 0
✓ 손짓과 움직임 전부 통과
