  ✓ ① 구역 제목 · 전체 보기
  ✓ ① 자리 — 히어로(아이콘 네 칸) 다음 · 「나에게 맞는 장학금」 앞 · 옛 아래 구역(#school-news)은 없다
  ✓ ② 띠에는 네 장 · 내 학교 글만 · 숨긴 글 제외 · 최근 순
  ✓ ③ 윗줄은 「갈래 · MM.DD」 · 갈래 없으면 날짜만
  ✓ ③ 누르면 그 글 (새 탭)
  ✓ ④ 카드 148px · 사진 칸 148×104 · 제목은 두 줄까지
  ✓ ⑥ 사진 — 글의 사진 / 못 받은 글의 사진은 학교 사진으로 / 바깥 주소 글·사진 없는 글은 학교 사진 · 모두 그려짐 · 「학교 사진」 글자 없음
  ✓ ⑥ 학교 사진은 고른 초점으로 — 글의 사진이 깨져 갈아 끼운 카드도 (리뷰 10-04)
  ✓ ⑥ 바깥 주소로 그림을 부르지 않았다
  ✓ ⑥ 홈에 사진 출처 줄이 없다 (설명 글 빼기 · 10-04)
  ✓ ④ 페이지는 옆으로 밀리지 않는다 (띠만 넘어간다)
  ✓ ⑦ 시트 — 제목 · 전부(숨긴 글·남의 학교 글 제외) · 윗줄 「학교 공지 · 갈래」 · 출처 줄 없음
  ✓ ⑦ 시트 카드 사진 — 글의 사진 · (못 받은 것은 빠짐) · 학교 사진
  ✓ ⑥ 사진 출처는 앱 권한 · 오픈소스 라이선스 화면에 (작가·라이선스 · 공용 페이지 링크)
  ✓ ⑤ 페이지 오류 없음
  ✓ ⑥ 목록을 못 받으면 — 글의 사진은 그대로 · 나머지는 사진 없이 같은 크기 칸
  ✓ ⑥ nophotos — 페이지 오류 없음
  ✓ ⑥ 그림을 못 받으면 — 글의 사진은 그대로 · 나머지는 사진 없이 같은 크기 칸
  ✓ ⑥ photo404 — 페이지 오류 없음
  ✓ ⑤ 실패하면 구역째 숨는다 (뼈대가 굳지 않는다)
  ✓ ⑤ 페이지 오류 없음

✓ 교내 소식 띠 검사 통과
