  · 후보 — 층1 양식 없음 23건 · 층2 64건

■ ① 층1 공고 — 「신청 준비 시작」 은 시트를 띄울 뿐 담지 않는다
  ✓ 마감 전 · 앱 양식 없음 · 서류 도우미 없음 · 미신청인 층1 공고가 있다 (없으면 이 검사는 무의미하다)
  · 대상: 공통 2026년도 세종연구원 세종이도인재장학금 장학생 모집 안내 (auto-oardid321881menuno200318)
  ✓   버튼이 열려 있고 문구가 「신청 준비 시작」이다
  ✓   누르면 신청 준비 시트(#apply-prep)가 뜬다
  ✓   확인 버튼(#btn-prep-confirm)이 있다
  ✓   🔴 그 순간 신청내역(state.applications)에 없다
  ✓   시트가 닫히지 않고 열려 있다 (#detail-sheet.show)

■ ② 신청 준비 시트가 무엇을 해야 하는지 말한다
  ✓   「최종 제출 방법」 머리가 있다
  ✓   제출 방법 안내 줄이 1개 이상이다 (3줄)
  ✓   원문 링크 한 줄(.doc-legend a)이 그 공고의 원문 주소를 가리킨다

■ ③ 「원문에서 확인」 안내 줄을 챙길 서류(□ …)로 올리지 않는다
  ✓   「□ 지원 자격·제출 서류는 원문 공고에서 확인」 이 없다
  ✓   □ 항목 중 안내 줄이 하나도 없다
  ✓   그래도 제출 서류 이야기는 한다 (자리가 통째로 비지 않는다)

■ ⑥ 확인 없이 닫으면 담기지 않는다 — 아래로 쓸어 닫기
  ✓   쓸어 내리면 시트가 닫힌다
  ✓   신청내역에 없다

■ ④ 확인을 눌러야 담긴다
  ✓   다시 열어 누르면 신청 준비 시트가 또 뜬다
  ✓   확인을 누르면 신청내역에 pending:false 로 담긴다
  ✓   시트가 닫히지 않고 그 공고의 준비 완료 화면이 된다 (다음 할 일이 보인다)

■ ② 첨부에 신청서 양식이 있으면 「신청서 양식」 머리 아래 그 파일을 준다
  · 대상: 공통 2026년 하반기 문주장학재단 AI·ICT 분야 인재 장학생 선발  (auto-99ec839d20ec84a0ebb09c20)
  ✓   신청 준비 시트가 뜬다
  ✓   「신청서 양식」 머리가 있다
  ✓   그 아래에 공고의 양식 파일 링크가 그대로 있다
  ✓   아직 신청내역에 없다
  ✓   ESC 로 닫힌다
  ✓   닫아도 신청내역에 없다

■ ⑤ 층2 공고도 시트를 먼저 띄운다 · 첨부는 「선발 공고문」 이다
  ✓ 마감 전 · 서류 도우미 없음 · 미신청인 층2 공고가 있다 (없으면 이 검사는 무의미하다)
  · 대상: 재단법인 춘천인재육성장학재단 성적우수장학금 (kosaf-0767001)
  ✓   누르면 신청 준비 시트(#apply-prep)가 뜬다
  ✓   🔴 그 순간 신청내역에 없다
  ✓   「신청서 양식」 이라고 부르지 않는다
  ✓   첨부 머리가 「선발 공고문」 이다
  ✓   「최종 제출 방법」 과 안내 줄이 있다
  ✓   「재단 공고문에서 확인」 안내 줄을 □ 항목으로 올리지 않는다
  ✓   KOSAF 첨부 내려받기 원주소가 없다

■ ⑥ 확인 없이 닫으면 담기지 않는다 — ESC
  ✓   ESC 로 닫힌다
  ✓   신청내역에 없다

■ ⑦ 앱 양식이 있는 공고는 그대로 양식 질문 화면으로 간다
  · 대상: 제주평생교육장학진흥원 미래이음 장학금 (재공고) (reg-hi-jeju)
  ✓   버튼이 열려 있다
  ✓   양식 질문 화면(#btn-ff-generate)으로 간다
  ✓   신청 준비 시트(#apply-prep)로 새지 않는다

■ 오류
  ✓ 콘솔·페이지 오류 없음

✓ 신청 준비 시트 검증 통과
