■ 특별자격 칸 사이 간격
     0px  기초생활수급자 아래
     0px  차상위계층 아래
     0px  다자녀 가구 (3자녀 이상 아래
     0px  국가유공자 (본인/자녀) 아래
     0px  장애 학생 아래
     0px  한부모 가정 아래
     0px  북한이탈주민 (본인/자녀) 아래
     0px  다문화 가정 아래
     0px  공인 외국어성적 보유 (F 아래
  ✓ 보이는 칸이 8개보다 많다 (검사가 헛돌지 않는다)
  ✓ 간격이 전부 같다
  ✓ 다문화 가정 아래 간격이 나머지와 같다
  ✓ 입력 단계에서는 뒤로가기가 보인다
  ✓ 한 번 누르면 한 칸 뒤로
  ✓ 친 평점이 그대로다 (되돌리기가 아니라 자리 옮기기다)
  ✓ 두 번 누르면 두 칸 뒤로
  ✓ 고른 학교도 그대로다
  ✓ 끝까지 누르면 환영 화면
  ✓ 환영 화면에서는 뒤로가기가 안 보인다
  ✓ 환영 화면에서는 줄째로 display:none 이다
  ✓ 그래서 워드마크가 아래로 안 밀린다 (빈 줄의 여백 30px 이 안 남는다 · 시작 화면은 위 62px)
  ✓ 되돌아와도 학년 선택이 남아 있다

[공고 파일] 첫 실행 학생이 무엇을 받는가
  ✓ 🔴 프로필이 없을 때 옛 파일을 통째로 받지 않았다
  ✓ 🔴 온보딩을 마친 뒤 그 학교 공고 파일을 받아냈다
  ✓ 색인도 나란히 받았다 (옛 파일을 받을지 판단하는 데 쓴다)
  ✓ 🔴 209개교가 든 학과 파일(407KB)을 받지 않았다
  ✓ 🔴 그 대신 그 학교 학과 파일을 **받아냈다** (404 로 끝난 요청은 안 센다)
  ✓   없는 학교 이름으로 두드리지 않는다 (치는 중간 이름으로 404 를 내지 않는다)
  ✓ 🔴 홈의 실시간 공고가 뼈대에 굳지 않았다
  ✓ 🔴 홈에 그 학교 공고가 보인다 (받아 온 것을 실제로 쓴다)
  ✓ 고치러 들어오면 1단계부터
  ✓ 그 자리에는 취소가 있다
  ✓ 그리고 뒤로가기는 없다 (인사말로 돌아갈 일이 아니다)

[학과 목록] 그 학교 파일을 받아 쓰는가 (경희대 — 2026-08-02 그 사례)
  ✓ 발행된 경희대 파일을 앱이 실제로 열 수 있다
  ✓ 🔴 추천이 전부 그 학교 파일에 있는 학과다
  ✓   (검사가 헛돌지 않는다 — 폴백에만 있는 학과가 실제로 존재한다)
  ✓ 🔴 폴백(전국 공통)에만 있는 학과가 섞이지 않았다
  ✓ 추천이 비어 있지 않다

ERRORS: none

✓ 온보딩 간격 통과
