
■ 자격 확인 도우미
  ✓ 입구는 자격 블록 아래 한 줄이다
  ✓   줄마다 단추를 달지 않는다 (중복)
  ✓   미확인 자격 수를 말한다
  ✓ 펼쳐도 보던 공고가 그대로 있다 (팝업을 갈아치우지 않는다)
  ✓   펼친 머리줄도 같은 것을 말한다
  ✓   미확인 줄을 여기 다시 나열하지 않는다 (위 자격 블록이 이미 보여 준다)
  ✓   물을 칸이 그려져 있다
  ✓   저장 단추가 있다
  ✓   「나중에 하기」 로도 접을 수 있다
  ✓   화살표 아이콘이 있다 (글자 아님)
  ✓   「나중에 하기」 를 누르면 접힌다
  ✓   장담하는 문장이 없다 (받을 수 있는지 / 알 수 있어요)
  ✓   다른 공고에 적용된다는 안내를 넣지 않았다 (2026-09-17 개발자 결정)
  ✓   숫자와 판정 없는 줄 수가 같다
  ✓ 저장하면 위 자격 블록의 그 줄이 판정된다 (눈금은 거기 있다)
  ✓   줄의 차례가 그대로다
  ✓   미확인 숫자가 줄었다
  ✓   물을 칸이 없으면 아래 줄을 통째로 없앤다 (「나중에 하기」만 남으면 안 된다)
  ✓ 적은 값이 프로필에 저장된다
  ✓   숫자 칸은 숫자로 저장된다 (글자로 넣으면 판정이 안 된다)
  ✓ 이미 적은 칸은 다시 묻지 않는다
  ✓ 접으면 펼침이 닫힌다
  ✓   다 적었으면 단추 자리도 없앤다 (눌러도 빈 칸뿐인 단추를 남기지 않는다)
  ✓   그래도 공고는 그대로다

✓ 전부 통과 (24항목)
