
■ MY 화면 — 계정·알림은 여기 없고, 오른쪽 위에 설정이 있다
  ✓ 오른쪽 위에 설정(톱니) 버튼이 있다
  ✓ MY 안에서는 계정 절이 안 보인다
  ✓ MY 안에서는 알림 절이 안 보인다
  ✓ 프로필 카드 자체는 버튼이 아니다 (보조기기가 "버튼"이라 읽지 않는다)
  ✓   카드에 Tab 이 멈추지 않는다
  ✓   「학적정보 수정」은 진짜 버튼이라 키보드로 닿는다
  ✓ 🔴 표(지원구간 칸)를 눌러도 수정으로 넘어가지 않는다
  ✓ 🔴 학교 줄을 눌러도 넘어가지 않는다
  ✓ 사진 단추가 화면에 있다 (없으면 아래 줄이 헛돈다)
  ✓ 🔴 사진 단추를 눌러도 수정으로 넘어가지 않는다
  ✓ 🔴 「학적정보 수정」이 손가락에 닿는 크기다 (지금 45px 높이)
  ✓ 🔴 「학적정보 수정」을 누르면 넘어간다
  ✓ 보이는 아이콘 버튼은 38×38 그대로다 (모양을 키우지 않았다)
  ✓ 🔴 손가락이 닿는 넓이는 44×44 다 (네 귀퉁이를 실제로 짚어 확인)

■ 설정 화면 — 승인받은 목업 그대로인가
  ✓ 제목이 "설정"
  ✓ 왼쪽 위에 뒤로 버튼이 있다
  ✓ 보이는 뒤로 버튼은 40×40 그대로다 (모양을 키우지 않았다)
  ✓ 🔴 뒤로 버튼이 닿는 넓이도 44×44 다 (귀퉁이 넷을 실제로 짚어 확인)
  ✓ MY 탭이 켜진 채로 남는다 (여기가 MY 안쪽이라는 표시)
  ✓ 계정 절 제목
  ✓ 계정 버튼 둘 — 로그인 · 회원가입
  ✓ 로그인이 채워진 버튼(primary)이다
  ✓ 회원가입이 테두리 버튼(outline)이다
  ✓ 알림 절 제목
  ✓ 알림 상태 줄이 있다
  ✓ 오른쪽에 켜기 버튼
  ✓ 알림 스위치 5줄이 목업과 같다
  ✓ 스위치가 5개
  ✓   (검사가 무력하지 않은지 — 두 빈칸을 실제로 쟀다)
  ✓ 🔴 알림→기타 빈칸이 계정→알림과 같은 리듬이다 (49px vs 50px)

■ 덧붙인 세 줄 — 휴지통 · 이용약관 · 탈퇴
  ✓ 기타 메뉴 줄 (2026-09-11 개발자 지시 순서대로)
  ✓ 탈퇴는 빨간 줄이다
  ✓ '기타' 절 제목이 있다
  ✓ 절 제목 위 막대는 어느 절에도 없다 (계정·알림·기타)
  ✓ '기타'와 '휴지통' 사이에 구분선이 없다
  ✓ '기타' 제목이 계정·알림과 같은 크기다 (같은 규칙을 쓴다)
  ✓ 이용약관은 링크가 아니라 앱 안 화면 버튼이다

■ 휴지통 — 비어 있을 때
  ✓ 제목이 "휴지통"
  ✓ 빈 휴지통 안내가 뜬다
  ✓ 빈 휴지통에 설명 줄을 덧붙이지 않는다
  ✓ 뒤로 누르면 설정으로 돌아온다

■ 지운 신청내역이 휴지통에 남고, 되살릴 수 있다
  ✓ 신청내역 2건으로 시작
  ✓ 한 건 지워져 1건 남는다
  ✓ 휴지통에 1건이 담겨 있다
  ✓ 무엇을 언제 지웠는지 적혀 있다
  ✓ 되살리면 휴지통이 빈다
  ✓ 신청내역이 2건으로 돌아왔다

■ 화면이 오갈 때 — 방향 있는 움직임 · 파란 판 없음
  ✓ 들어갈 때는 오른쪽에서 들어온다
  ✓ 되돌아올 때는 왼쪽에서 들어온다 (같은 방향이면 길을 잃는다)
  ✓ 메뉴 줄에 브라우저 기본 파란 판이 없다
  ✓ 누르는 효과(줄어들기)는 남아 있다

■ 이용약관 왕복 — 앱을 떠나지 않고 화면만 바뀐다
  ✓ 주소가 그대로다 = 앱을 떠나지 않았다
  ✓ 약관 본문이 실제로 들어왔다
  ✓ 본문을 베껴 두지 않고 terms.html 에서 읽어 온다
  ✓ 맨 아래까지 내려도 나가기 화살표가 화면에 있다
  ✓ 머리줄이 순백이고 화면 맨 위를 덮는다
  ✓ 제목과 화살표가 세로 가운데로 맞는다
  ✓ 나가면 설정으로 돌아온다
  ✓ 첫 화면(환영)이 뜨지 않는다

■ 로그인 활동 · FAQ · 앱 권한 (2026-09-11 신설)
  ✓ 로그인 안 했으면 그렇게 말한다
  ✓ '기록이 없다'고 단정하지 않는다 (없는 것과 못 읽은 것은 다르다)
  ✓ FAQ 가 열여덟 줄이다
  ✓ 첫 질문은 신청이 앱에서 끝나는지 (운영 원칙 1을 맨 앞에 둔다)
  ✓ 처음엔 접혀 있다
  ✓ 누르면 펼쳐진다
  ✓ 알림 권한 상태를 말한다
  ✓ 폰 설정을 여는 가짜 버튼이 없다
  ✓ 오픈소스 라이선스가 실제로 싣는 것만 적혀 있다

■ 고객센터 (2026-09-13 신설)
  ✓ 자주 찾는 질문이 다섯 줄이다
  ✓ TOP 다섯이 전부 FAQ 에 있는 질문이다
  ✓ 문의처가 있으면 메일 버튼이 있다
  ✓ 진단 정보에 이름이 없다
  ✓ 진단 정보에 학교가 없다
  ✓ 진단 정보에 학과가 없다
  ✓   대신 앱 버전은 들어 있다
  ✓ 판 번호가 MY 화면과 같은 값이다
  ✓ TOP 을 누르면 그 질문이 펼쳐진 FAQ 로 간다

■ 자주 묻는 질문 — 검색 · 갈래 (2026-09-13 강화)
  ✓ 갈래 칩이 전체 + 실제 갈래다
  ✓ 처음엔 전체가 켜져 있다
  ✓   갈래 '신청' 는 눌렀을 때 비지 않는다 (3건)
  ✓   갈래 '공고·매칭' 는 눌렀을 때 비지 않는다 (5건)
  ✓   갈래 '알림' 는 눌렀을 때 비지 않는다 (2건)
  ✓   갈래 '계정·기기' 는 눌렀을 때 비지 않는다 (3건)
  ✓   갈래 '개인정보' 는 눌렀을 때 비지 않는다 (2건)
  ✓   갈래 '요금·기타' 는 눌렀을 때 비지 않는다 (3건)
  ✓ 답에만 있는 낱말도 찾는다
  ✓   몇 건인지 말해 준다
  ✓ 질문에서 찾은 낱말에 표시가 남는다
  ✓ 답에서 찾은 낱말에도 표시가 남는다
  ✓   답의 HTML 이 깨지지 않았다 (굵은 글씨가 남아 있다)
  ✓   화면에 <mark> 글자가 그대로 뜨지 않는다
  ✓ 결과가 없으면 그렇게 말한다
  ✓   고객센터로 가는 길을 준다 (막다른 길이 아니다)
  ✓   그 버튼이 정말 고객센터로 간다
  ✓ 🔴 다시 열면 옛 검색어가 남지 않는다
  ✓   목록도 처음 상태로 돌아온다
  ✓ 지우기 ✕ 가 하나뿐이다 (브라우저 기본 ✕ 를 껐다)

■ 이용약관 화면 — 되돌아가기는 왼쪽 위, 제목이 화면 안에 든다
  ✓ 왼쪽 위에 되돌아가기 화살표가 있다
  ✓ 그 화살표가 떠났던 자리(설정)로 간다 — 홈이 아니다
  ✓ 맨 아래까지 내려도 나가기 화살표가 화면에 남아 있다
  ✓ 맨 아래 되돌아가기 버튼은 없앴다
  ✓ 제목이 화면 밖으로 나가지 않는다
  ✓ 페이지 전체가 가로로 넘치지 않는다
  ✓ 좁은 화면에서 표 머리글 줄이 숨는다 (각 칸이 이름표를 달기 때문)
  ✓ 모든 칸이 이름표를 갖고 있다 (없으면 펴진 뒤 무슨 값인지 알 수 없다)
  ✓ 펴진 칸이 한 줄을 통째로 쓴다 (셋·넷으로 눌리지 않는다)
  ✓ 넓은 화면에서는 표 머리글이 다시 보인다

■ 오른쪽으로 쓸어 나가기 (손가락으로 재현)
  ✓ 휴지통에서 오른쪽으로 쓸면 설정으로 나간다
  ✓ 약관에서 오른쪽으로 쓸면 설정으로 나간다
  ✓ 짧게 튕겨도 나간다 (거리만 보지 않는다)
  ✓ 세로로 끌면 나가지 않는다 (스크롤을 뺏지 않는다)
  ✓ 왼쪽으로 끌면 나가지 않는다
  ✓ 화면 왼쪽 끝에서 시작한 손짓은 우리가 잡지 않는다 (iOS 몫)
  ✓ 끌다 말면 화면이 제자리로 돌아온다
  ✓ 시트가 열려 있으면 화면이 나가지 않는다 (시트 손짓을 뺏지 않는다)
  ✓ 설정에서 쓸면 MY 로 나간다

■ 뒤로 쓸기 — 손짓 인식
  ✓ 🔴 엄지를 굴려 세로가 먼저 나간 손짓도 알아본다
  ✓ 🔴 안쪽 화면 여섯 모두 가로 손짓을 우리가 맡는다 (touch-action: pan-y)
  ✓ 🔴 짧은 화면 아래 빈 자리에서 쓸어도 우리 것이다
  ✓   홈으로 나가면 도로 풀린다 (옆으로 넘기는 칩 줄을 막지 않게)
  ✓ 끄는 동안 앞 화면은 손끝을 그대로 따라온다
  ✓ 🔴 뒤 화면을 미리 끌어다 놓지 않는다 (패럴랙스 없음)
  ✓   무대를 세우지 않는다 (화면이 fixed 가 되지 않는다)
  ✓   swipe-top·under·ease 자국이 없다
  ✓ 🔴 점이 전부 같은 밀리초여도 빠른 튕김으로 본다 (멈춤이 아니다)
  ✓   (검사가 무력하지 않은지 — 당길 때 실제로 자국이 생긴다)
  ✓ 🔴 아래로 당겼다 놓아도 우리가 먼저 그 자국을 지우지 않는다
  ✓   그래서 당겨서 새로고침이 제 움직임으로 되돌아간다
  ✓   (검사가 무력하지 않은지 — 칩 줄이 실제로 가로로 넘친다)
  ✓ 🔴 시트가 떠 있는 동안 가로 손짓을 막지 않는다
  ✓   시트를 닫으면 도로 우리 것이 된다
  ✓ 조금만 끌다 놓으면 안 나간다
  ✓   끌던 자국이 남지 않는다

■ 누를 때의 표시 — 회색 판 없이 글자만 남색
  ✓ 알림 줄 — 정말 눌린 상태로 쟀다 (아니면 이 절이 통째로 헛검사다)
  ✓ 알림 줄 — 브라우저 기본 회색 판이 꺼져 있다
  ✓ 알림 줄 — 누를 때 바탕을 칠하지 않는다 (회색 박스 없음)
  ✓ 🔴 알림 줄 — 누르면 글자가 남색이 된다
  ✓ 기타 줄 — 정말 눌린 상태로 쟀다 (아니면 이 절이 통째로 헛검사다)
  ✓ 기타 줄 — 브라우저 기본 회색 판이 꺼져 있다
  ✓ 기타 줄 — 누를 때 바탕을 칠하지 않는다 (회색 박스 없음)
  ✓ 🔴 기타 줄 — 누르면 글자가 남색이 된다
  ✓ 🔴 탈퇴는 눌러도 빨강 그대로다 (경고가 사라지면 안 된다)
  ✓ 자주 묻는 질문 — 정말 눌린 상태로 쟀다
  ✓ 🔴 자주 묻는 질문 — 회색으로 변하지 않는다
  ✓   대신 글자가 남색이 된다 (다른 줄과 같은 말투)

■ 움직임을 줄여 둔 기기 (prefers-reduced-motion)
  ✓ 🔴 살짝(20px) 끌다 놓으면 나가지 않는다 (문턱이 화면 너비를 알아야 한다)
  ✓   제대로 쓸면 움직임 없이도 나간다

■ 구분선 — 불필요한 줄이 되돌아오지 않는다
  ✓   (검사가 무력하지 않은지 — 표의 칸을 실제로 찾았다: 4칸)
  ✓ 🔴 학적정보 표에 칸마다 줄을 긋지 않는다
  ✓   다만 표를 윗블록과 가르는 줄 하나는 남는다
  ✓   (검사가 무력하지 않은지 — 빈 안내문을 실제로 찾았다: 1개)
  ✓ 🔴 이미 줄이 있는 자리의 빈 안내문은 제 윗줄을 안 그린다
  ✓   (검사가 무력하지 않은지 — 홈에 빈 목록 모양을 실제로 넣어 쟀다)
  ✓ 🔴 홈에서도 첫 자식 빈 안내문은 제 윗줄을 안 그린다
  ✓   (검사가 무력하지 않은지 — 서류 줄을 실제로 찾았다: 8줄)
  ✓ 🔴 서류 보관함의 서류 이름 사이에 구분선이 없다
  ✓ 🔴 MY 의 가로줄이 3개를 넘지 않는다 (지금 3개 · 줄이면 이 숫자도 같이 내린다)

■ 화면 제목 밑줄 — 글자 폭만큼만 그어진다
  ✓   (검사가 무력하지 않은지 — 제목 폭이 서로 다르다: 109 · 88 · 35px)
  ✓ 🔴 「장학금 찾기」 밑줄이 글자 폭과 같다 (글자 109px · 밑줄 109px)
  ✓ 🔴 「신청 내역」 밑줄이 글자 폭과 같다 (글자 88px · 밑줄 88px)
  ✓ 🔴 「MY」 밑줄이 글자 폭과 같다 (글자 35px · 밑줄 35px)

✓ 콘솔 오류 없음

✅ 설정 화면 검증 전부 통과
